Archive member included to satisfy reference by file (symbol)

C:\orangec\src\..\src\lib\mingw64/liborc.a(Lexer.o)
                              C:\orangec\src\orc\obj\mingw64\rcMain.o (Lexer::NextToken())
C:\orangec\src\..\src\lib\mingw64/liborc.a(RCFile.o)
                              C:\orangec\src\orc\obj\mingw64\rcMain.o (RCFile::Read())
C:\orangec\src\..\src\lib\mingw64/liborc.a(ResFile.o)
                              C:\orangec\src\orc\obj\mingw64\rcMain.o (ResFile::Write(std::__cxx11::basic_string<char, std::char_traits<char>, std::allocator<char> > const&))
C:\orangec\src\..\src\lib\mingw64/liborc.a(Resource.o)
                              C:\orangec\src\orc\obj\mingw64\rcMain.o (vtable for Resource)
C:\orangec\src\..\src\lib\mingw64/liborc.a(ResourceId.o)
                              C:\orangec\src\..\src\lib\mingw64/liborc.a(Resource.o) (ResourceId::WriteRes(ResFile&))
C:\orangec\src\..\src\lib\mingw64/liborc.a(ResourceInfo.o)
                              C:\orangec\src\..\src\lib\mingw64/liborc.a(Resource.o) (ResourceInfo::WriteRes(ResFile&))
C:\orangec\src\..\src\lib\mingw64/liborc.a(StringTable.o)
                              C:\orangec\src\..\src\lib\mingw64/liborc.a(RCFile.o) (StringTable::StringTable(ResourceInfo const&))
C:\orangec\src\..\src\lib\mingw64/liborc.a(VersionInfo.o)
                              C:\orangec\src\..\src\lib\mingw64/liborc.a(RCFile.o) (vtable for VersionInfo)
C:\orangec\src\..\src\lib\mingw64/liborc.a(Accelerators.o)
                              C:\orangec\src\..\src\lib\mingw64/liborc.a(RCFile.o) (vtable for Accelerators)
C:\orangec\src\..\src\lib\mingw64/liborc.a(Bitmap.o)
                              C:\orangec\src\..\src\lib\mingw64/liborc.a(RCFile.o) (Bitmap::ReadRC(RCFile&))
C:\orangec\src\..\src\lib\mingw64/liborc.a(Cursor.o)
                              C:\orangec\src\..\src\lib\mingw64/liborc.a(RCFile.o) (vtable for GroupCursor)
C:\orangec\src\..\src\lib\mingw64/liborc.a(Dialog.o)
                              C:\orangec\src\..\src\lib\mingw64/liborc.a(RCFile.o) (vtable for Dialog)
C:\orangec\src\..\src\lib\mingw64/liborc.a(DlgInclude.o)
                              C:\orangec\src\..\src\lib\mingw64/liborc.a(RCFile.o) (DlgInclude::ReadRC(RCFile&))
C:\orangec\src\..\src\lib\mingw64/liborc.a(Expression.o)
                              C:\orangec\src\..\src\lib\mingw64/liborc.a(RCFile.o) (Expression::conditional())
C:\orangec\src\..\src\lib\mingw64/liborc.a(FileHeader.o)
                              C:\orangec\src\..\src\lib\mingw64/liborc.a(RCFile.o) (vtable for FileHeader)
C:\orangec\src\..\src\lib\mingw64/liborc.a(Font.o)
                              C:\orangec\src\..\src\lib\mingw64/liborc.a(RCFile.o) (Font::Font(ResourceId const&, ResourceInfo const&))
C:\orangec\src\..\src\lib\mingw64/liborc.a(GenericResource.o)
                              C:\orangec\src\..\src\lib\mingw64/liborc.a(RCFile.o) (vtable for GenericResource)
C:\orangec\src\..\src\lib\mingw64/liborc.a(Icon.o)
                              C:\orangec\src\..\src\lib\mingw64/liborc.a(Cursor.o) (vtable for Icon)
C:\orangec\src\..\src\lib\mingw64/liborc.a(Menu.o)
                              C:\orangec\src\..\src\lib\mingw64/liborc.a(RCFile.o) (vtable for Menu)
C:\orangec\src\..\src\lib\mingw64/liborc.a(MessageTable.o)
                              C:\orangec\src\..\src\lib\mingw64/liborc.a(RCFile.o) (MessageTable::ReadRC(RCFile&))
C:\orangec\src\..\src\lib\mingw64/liborc.a(RCData.o)
                              C:\orangec\src\..\src\lib\mingw64/liborc.a(RCFile.o) (vtable for RCData)
C:\orangec\src\..\src\lib\mingw64/liborc.a(ResourceData.o)
                              C:\orangec\src\..\src\lib\mingw64/liborc.a(Bitmap.o) (ResourceData::WriteRes(ResFile&))
C:\orangec\src\..\src\lib\mingw64/libocpplib.a(Errors.o)
                              C:\orangec\src\..\src\lib\mingw64/liborc.a(StringTable.o) (Errors::ToNum[abi:cxx11](long long))
C:\orangec\src\..\src\lib\mingw64/libocpplib.a(PipeArbitrator.o)
                              C:\orangec\src\orc\obj\mingw64\rcMain.o (PipeArbitrator::~PipeArbitrator())
C:\orangec\src\..\src\lib\mingw64/libocpplib.a(ppCtx.o)
                              C:\orangec\src\orc\obj\mingw64\rcMain.o (ppCtx::~ppCtx())
C:\orangec\src\..\src\lib\mingw64/libocpplib.a(ppDefine.o)
                              C:\orangec\src\orc\obj\mingw64\rcMain.o (ppDefine::ppDefine(bool, ppInclude*, bool, bool))
C:\orangec\src\..\src\lib\mingw64/libocpplib.a(ppExpr.o)
                              C:\orangec\src\..\src\lib\mingw64/libocpplib.a(ppDefine.o) (ppExpr::Eval(std::__cxx11::basic_string<char, std::char_traits<char>, std::allocator<char> >&, bool))
C:\orangec\src\..\src\lib\mingw64/libocpplib.a(ppInclude.o)
                              C:\orangec\src\orc\obj\mingw64\rcMain.o (ppInclude::~ppInclude())
C:\orangec\src\..\src\lib\mingw64/libocpplib.a(ppMacro.o)
[...]
Memory Configuration

Name             Origin             Length             Attributes
*default*        0x0000000000000000 0xffffffffffffffff

Linker script and memory map

                0x0000000000400000                __image_base__ = 0x400000
                0x0000000000000000                __dll__ = 0x0
                0x0000000000400000                __ImageBase = 0x400000
                0x0000000000001000                __section_alignment__ = 0x1000
                0x0000000000000200                __file_alignment__ = 0x200
                0x0000000000000004                __major_os_version__ = 0x4
                0x0000000000000000                __minor_os_version__ = 0x0
                0x0000000000000000                __major_image_version__ = 0x0
                0x0000000000000000                __minor_image_version__ = 0x0
                0x0000000000000005                __major_subsystem_version__ = 0x5
                0x0000000000000002                __minor_subsystem_version__ = 0x2
                0x0000000000000003                __subsystem__ = 0x3
                0x0000000000200000                __size_of_stack_reserve__ = 0x200000
                0x0000000000001000                __size_of_stack_commit__ = 0x1000
                0x0000000000100000                __size_of_heap_reserve__ = 0x100000
                0x0000000000001000                __size_of_heap_commit__ = 0x1000
                0x0000000000000000                __loader_flags__ = 0x0
                0x0000000000000000                __dll_characteristics__ = 0x0
LOAD C:/mingw64/w64/bin/../lib/gcc/x86_64-w64-mingw32/8.1.0/../../../../x86_64-w64-mingw32/lib/../lib/crt2.o
LOAD C:/mingw64/w64/bin/../lib/gcc/x86_64-w64-mingw32/8.1.0/crtbegin.o
LOAD C:\orangec\src\orc\obj\mingw64\rcMain.o
LOAD C:\orangec\src\..\src\lib\mingw64/liborc.a
LOAD C:\orangec\src\..\src\lib\mingw64/libocpplib.a
LOAD C:\orangec\src\..\src\lib\mingw64/libutil.a
LOAD C:/mingw64/w64/bin/../lib/gcc/x86_64-w64-mingw32/8.1.0/libstdc++.dll.a
LOAD C:/mingw64/w64/bin/../lib/gcc/x86_64-w64-mingw32/8.1.0/../../../../x86_64-w64-mingw32/lib/../lib/libcomctl32.a
LOAD C:/mingw64/w64/bin/../lib/gcc/x86_64-w64-mingw32/8.1.0/../../../../x86_64-w64-mingw32/lib/../lib/libgdi32.a
LOAD C:/mingw64/w64/bin/../lib/gcc/x86_64-w64-mingw32/8.1.0/../../../../x86_64-w64-mingw32/lib/../lib/libcomdlg32.a
LOAD C:/mingw64/w64/bin/../lib/gcc/x86_64-w64-mingw32/8.1.0/../../../../x86_64-w64-mingw32/lib/../lib/libole32.a
LOAD C:/mingw64/w64/bin/../lib/gcc/x86_64-w64-mingw32/8.1.0/../../../../x86_64-w64-mingw32/lib/../lib/libuxtheme.a
LOAD C:/mingw64/w64/bin/../lib/gcc/x86_64-w64-mingw32/8.1.0/../../../../x86_64-w64-mingw32/lib/../lib/libkernel32.a
LOAD C:/mingw64/w64/bin/../lib/gcc/x86_64-w64-mingw32/8.1.0/../../../../x86_64-w64-mingw32/lib/../lib/libmsimg32.a
LOAD C:/mingw64/w64/bin/../lib/gcc/x86_64-w64-mingw32/8.1.0/../../../../x86_64-w64-mingw32/lib/../lib/libuuid.a
LOAD C:/mingw64/w64/bin/../lib/gcc/x86_64-w64-mingw32/8.1.0/../../../../x86_64-w64-mingw32/lib/../lib/libmingw32.a
LOAD C:/mingw64/w64/bin/../lib/gcc/x86_64-w64-mingw32/8.1.0/libgcc.a
LOAD C:/mingw64/w64/bin/../lib/gcc/x86_64-w64-mingw32/8.1.0/libgcc_eh.a
LOAD C:/mingw64/w64/bin/../lib/gcc/x86_64-w64-mingw32/8.1.0/../../../../x86_64-w64-mingw32/lib/../lib/libmoldname.a
LOAD C:/mingw64/w64/bin/../lib/gcc/x86_64-w64-mingw32/8.1.0/../../../../x86_64-w64-mingw32/lib/../lib/libmingwex.a
LOAD C:/mingw64/w64/bin/../lib/gcc/x86_64-w64-mingw32/8.1.0/../../../../x86_64-w64-mingw32/lib/../lib/libmsvcrt.a
LOAD C:/mingw64/w64/bin/../lib/gcc/x86_64-w64-mingw32/8.1.0/../../../../x86_64-w64-mingw32/lib/../lib/libpthread.dll.a
LOAD C:/mingw64/w64/bin/../lib/gcc/x86_64-w64-mingw32/8.1.0/../../../../x86_64-w64-mingw32/lib/../lib/libadvapi32.a
LOAD C:/mingw64/w64/bin/../lib/gcc/x86_64-w64-mingw32/8.1.0/../../../../x86_64-w64-mingw32/lib/../lib/libshell32.a
LOAD C:/mingw64/w64/bin/../lib/gcc/x86_64-w64-mingw32/8.1.0/../../../../x86_64-w64-mingw32/lib/../lib/libuser32.a
LOAD C:/mingw64/w64/bin/../lib/gcc/x86_64-w64-mingw32/8.1.0/../../../../x86_64-w64-mingw32/lib/../lib/libkernel32.a
LOAD C:/mingw64/w64/bin/../lib/gcc/x86_64-w64-mingw32/8.1.0/../../../../x86_64-w64-mingw32/lib/../lib/libiconv.a
LOAD C:/mingw64/w64/bin/../lib/gcc/x86_64-w64-mingw32/8.1.0/../../../../x86_64-w64-mingw32/lib/../lib/libmingw32.a
LOAD C:/mingw64/w64/bin/../lib/gcc/x86_64-w64-mingw32/8.1.0/libgcc.a
LOAD C:/mingw64/w64/bin/../lib/gcc/x86_64-w64-mingw32/8.1.0/libgcc_eh.a
LOAD C:/mingw64/w64/bin/../lib/gcc/x86_64-w64-mingw32/8.1.0/../../../../x86_64-w64-mingw32/lib/../lib/libmoldname.a
LOAD C:/mingw64/w64/bin/../lib/gcc/x86_64-w64-mingw32/8.1.0/../../../../x86_64-w64-mingw32/lib/../lib/libmingwex.a
LOAD C:/mingw64/w64/bin/../lib/gcc/x86_64-w64-mingw32/8.1.0/../../../../x86_64-w64-mingw32/lib/../lib/libmsvcrt.a
LOAD C:/mingw64/w64/bin/../lib/gcc/x86_64-w64-mingw32/8.1.0/crtend.o
                0x0000000000000408                . = SIZEOF_HEADERS
                0x0000000000001000                . = ALIGN (__section_alignment__)

.text           0x0000000000401000    0x52000
 *(.init)
 *(.text)
 .text          0x0000000000401000      0x530 C:/mingw64/w64/bin/../lib/gcc/x86_64-w64-mingw32/8.1.0/../../../../x86_64-w64-mingw32/lib/../lib/crt2.o
                0x00000000004014b0                WinMainCRTStartup
                0x00000000004014e0                mainCRTStartup
                0x0000000000401510                atexit
 .text          0x0000000000401530       0x20 C:/mingw64/w64/bin/../lib/gcc/x86_64-w64-mingw32/8.1.0/crtbegin.o
                0x0000000000401530                __gcc_register_frame
                0x0000000000401540                __gcc_deregister_frame
 .text          0x0000000000401550     0x3900 C:\orangec\src\orc\obj\mingw64\rcMain.o
                0x0000000000401f40                rcMain::Run(int, char**)
 .text          0x0000000000404e50      0x410 C:\orangec\src\..\src\lib\mingw64/liborc.a(Lexer.o)
                0x0000000000404e90                Lexer::NextToken()
                0x0000000000404fc0                Lexer::InitTokenizer()
                0x00000000004050a0                Lexer::GetRestOfLine[abi:cxx11]()
 .text          0x0000000000405260     0x3460 C:\orangec\src\..\src\lib\mingw64/liborc.a(RCFile.o)
                0x0000000000405270                RCFile::IsKeyword()
                0x0000000000405290                RCFile::GetTokenId()
                0x00000000004052e0                RCFile::IsNumber()
                0x0000000000405380                RCFile::GetNumber()
                0x00000000004053b0                RCFile::IsString()
                0x00000000004053d0                RCFile::GetString[abi:cxx11]()
                0x0000000000405500                RCFile::IsIdentifier()
                0x0000000000405520                RCFile::NeedEol()
                0x0000000000405580                RCFile::SkipComma()
                0x00000000004055c0                RCFile::NeedBegin()
                0x0000000000405660                RCFile::NeedEnd()
                0x0000000000405700                RCFile::SkimStructOrEnum()
                0x0000000000405850                RCFile::SkimTypedef()
                0x0000000000405970                RCFile::IsGenericResource()
                0x00000000004059c0                RCFile::SkimPrototype()
                0x0000000000405b60                RCFile::CvtString(std::__cxx11::basic_string<wchar_t, std::char_traits<wchar_t>, std::allocator<wchar_t> > const&)
                0x0000000000405c00                RCFile::GetFileName[abi:cxx11]()
                0x00000000004060c0                RCFile::CvtString(std::__cxx11::basic_string<char, std::char_traits<char>, std::allocator<char> > const&)
                0x0000000000406130                RCFile::GetId[abi:cxx11]()
                0x00000000004062c0                RCFile::GetRes()
                0x00000000004084c0                RCFile::Read()
 .text          0x00000000004086c0      0xa40 C:\orangec\src\..\src\lib\mingw64/liborc.a(ResFile.o)
                0x00000000004086c0                ResFile::MarkHeader()
                0x00000000004086f0                ResFile::Align()
                0x0000000000408750                ResFile::Mark()
                0x0000000000408780                ResFile::WriteByte(int)
                0x00000000004087b0                ResFile::WriteWord(int)
                0x0000000000408800                ResFile::WriteDWord(int)
                0x0000000000408880                ResFile::Release()
                0x0000000000408910                ResFile::WriteData(unsigned char const*, int)
                0x0000000000408920                ResFile::WriteString(std::__cxx11::basic_string<wchar_t, std::char_traits<wchar_t>, std::allocator<wchar_t> > const&)
                0x0000000000408a20                ResFile::Write(std::__cxx11::basic_string<char, std::char_traits<char>, std::allocator<char> > const&)
                0x0000000000408b60                ResFile::Add(Resource*)
                0x0000000000408ed0                ResFile::~ResFile()
                0x0000000000408ed0                ResFile::~ResFile()
                0x0000000000409080                ResFile::~ResFile()
                0x00000000004090a0                ResFile::Reset()
 .text          0x0000000000409100       0xb0 C:\orangec\src\..\src\lib\mingw64/liborc.a(Resource.o)
                0x0000000000409100                Resource::WriteRes(ResFile&)
                0x0000000000409180                Point::WriteRes(ResFile&)
 .text          0x00000000004091b0      0x210 C:\orangec\src\..\src\lib\mingw64/liborc.a(ResourceId.o)
                0x00000000004091b0                ResourceId::WriteRes(ResFile&)
                0x0000000000409200                ResourceId::ReadRC(RCFile&, bool)
 .text          0x00000000004093c0      0x1a0 C:\orangec\src\..\src\lib\mingw64/liborc.a(ResourceInfo.o)
                0x00000000004093c0                ResourceInfo::WriteRes(ResFile&)
                0x0000000000409410                ResourceInfo::ReadRC(RCFile&, bool)
 .text          0x0000000000409560      0x860 C:\orangec\src\..\src\lib\mingw64/liborc.a(StringTable.o)
                0x0000000000409560                StringTable::WriteRes(ResFile&)
                0x0000000000409600                StringTable::StringTable(ResourceInfo const&)
                0x0000000000409600                StringTable::StringTable(ResourceInfo const&)
                0x0000000000409730                StringTable::Add(int, std::__cxx11::basic_string<wchar_t, std::char_traits<wchar_t>, std::allocator<wchar_t> > const&)
                0x0000000000409a10                StringTable::StringTable(int, ResourceInfo const&)
                0x0000000000409a10                StringTable::StringTable(int, ResourceInfo const&)
                0x0000000000409c20                StringTable::Lookup(ResFile&, int)
                0x0000000000409ce0                StringTable::ReadRC(RCFile&)
 .text          0x0000000000409dc0     0x1e00 C:\orangec\src\..\src\lib\mingw64/liborc.a(VersionInfo.o)
                0x0000000000409dc0                VersionInfo::WriteRes(ResFile&)
                0x000000000040a0c0                VersionInfo::Add(InternalVerInfo*)
                0x000000000040a110                VersionInfo::~VersionInfo()
                0x000000000040a1f0                VersionInfo::~VersionInfo()
                0x000000000040a1f0                VersionInfo::~VersionInfo()
                0x000000000040a2c0                StringVerInfo::WriteRes(ResFile&)
                0x000000000040a6f0                VersionInfo::ReadRC(RCFile&)
                0x000000000040aed0                StringVerInfo::ReadRC(RCFile&)
                0x000000000040b2a0                VarVerInfo::Info::Info(VarVerInfo::Info const&)
                0x000000000040b2a0                VarVerInfo::Info::Info(VarVerInfo::Info const&)
                0x000000000040b440                VarVerInfo::WriteRes(ResFile&)
                0x000000000040b840                VarVerInfo::ReadRC(RCFile&)
 .text          0x000000000040bbc0      0x5a0 C:\orangec\src\..\src\lib\mingw64/liborc.a(Accelerators.o)
                0x000000000040bbc0                Accelerators::Key::WriteRes(ResFile&, bool)
                0x000000000040bc10                Accelerators::WriteRes(ResFile&)
                0x000000000040bcf0                Accelerators::Key::ReadRC(RCFile&)
                0x000000000040bec0                Accelerators::ReadRC(RCFile&)
 .text          0x000000000040c160      0x380 C:\orangec\src\..\src\lib\mingw64/liborc.a(Bitmap.o)
                0x000000000040c160                Bitmap::WriteRes(ResFile&)
                0x000000000040c190                Bitmap::~Bitmap()
                0x000000000040c190                Bitmap::~Bitmap()
                0x000000000040c210                Bitmap::~Bitmap()
                0x000000000040c230                Bitmap::ReadRC(RCFile&)
                0x000000000040c4a0                Bitmap::SetData(ResourceData*)
 .text          0x000000000040c4e0      0x860 C:\orangec\src\..\src\lib\mingw64/liborc.a(Cursor.o)
                0x000000000040c4e0                Cursor::WriteRes(ResFile&)
                0x000000000040c520                GroupCursor::WriteRes(ResFile&)
                0x000000000040c6d0                Cursor::ReadBin(ResourceData*)
                0x000000000040c960                GroupCursor::ReadRC(RCFile&)
 .text          0x000000000040cd40     0x1bc0 C:\orangec\src\..\src\lib\mingw64/liborc.a(Dialog.o)
                0x000000000040cd40                Control::~Control()
                0x000000000040cd40                Control::~Control()
                0x000000000040cf10                Dialog::~Dialog()
                0x000000000040cf10                Dialog::~Dialog()
                0x000000000040d150                Dialog::~Dialog()
                0x000000000040d170                Control::Add(ResourceData*)
                0x000000000040d3a0                Control::WriteRes(ResFile&, bool, bool)
                0x000000000040d530                Dialog::WriteRes(ResFile&)
                0x000000000040d760                Control::ValidType(RCFile&)
                0x000000000040d7b0                Control::ReadStandard(RCFile&, int, int, int, int)
                0x000000000040d8b0                Control::GetClass(RCFile&)
                0x000000000040dc10                Control::ReadGeneric(RCFile&, bool)
                0x000000000040dd00                Control::ReadRC(RCFile&, bool)
                0x000000000040e090                Dialog::ReadSettings(RCFile&)
                0x000000000040e570                Dialog::Add(Control*)
                0x000000000040e5e0                Dialog::ReadRC(RCFile&)
 .text          0x000000000040e900      0x2e0 C:\orangec\src\..\src\lib\mingw64/liborc.a(DlgInclude.o)
                0x000000000040e900                DlgInclude::WriteRes(ResFile&)
                0x000000000040e930                DlgInclude::~DlgInclude()
                0x000000000040e930                DlgInclude::~DlgInclude()
                0x000000000040e9b0                DlgInclude::~DlgInclude()
                0x000000000040e9d0                DlgInclude::ReadRC(RCFile&)
                0x000000000040eba0                DlgInclude::SetData(ResourceData*)
 .text          0x000000000040ebe0      0x860 C:\orangec\src\..\src\lib\mingw64/liborc.a(Expression.o)
                0x000000000040ebe0                Expression::conditional()
                0x000000000040ecc0                Expression::primary()
                0x000000000040edc0                Expression::unary()
                0x000000000040ee90                Expression::multiply()
                0x000000000040efb0                Expression::add()
                0x000000000040f040                Expression::shift()
                0x000000000040f0d0                Expression::relation()
                0x000000000040f1c0                Expression::equal()
                0x000000000040f260                Expression::and_()
                0x000000000040f2c0                Expression::xor_()
                0x000000000040f320                Expression::or_()
                0x000000000040f380                Expression::logicaland()
                0x000000000040f3e0                Expression::logicalor()
 .text          0x000000000040f440       0x20 C:\orangec\src\..\src\lib\mingw64/liborc.a(FileHeader.o)
                0x000000000040f440                FileHeader::WriteRes(ResFile&)
 .text          0x000000000040f460      0x250 C:\orangec\src\..\src\lib\mingw64/liborc.a(Font.o)
                0x000000000040f460                Font::WriteRes(ResFile&)
                0x000000000040f490                Font::ReadRC(RCFile&)
                0x000000000040f520                Font::~Font()
                0x000000000040f520                Font::~Font()
                0x000000000040f5a0                Font::~Font()
                0x000000000040f5c0                Font::Font(ResourceId const&, ResourceInfo const&)
                0x000000000040f5c0                Font::Font(ResourceId const&, ResourceInfo const&)
                0x000000000040f670                Font::SetData(ResourceData*)
 .text          0x000000000040f6b0      0x1a0 C:\orangec\src\..\src\lib\mingw64/liborc.a(GenericResource.o)
                0x000000000040f6b0                GenericResource::WriteRes(ResFile&)
                0x000000000040f6e0                GenericResource::ReadRC(RCFile&)
                0x000000000040f770                GenericResource::~GenericResource()
                0x000000000040f770                GenericResource::~GenericResource()
                0x000000000040f7f0                GenericResource::~GenericResource()
                0x000000000040f810                GenericResource::SetData(ResourceData*)
 .text          0x000000000040f850      0x7b0 C:\orangec\src\..\src\lib\mingw64/liborc.a(Icon.o)
                0x000000000040f850                Icon::WriteRes(ResFile&)
                0x000000000040f880                GroupIcon::WriteRes(ResFile&)
                0x000000000040fab0                Icon::ReadBin(ResourceData*)
                0x000000000040fd10                GroupIcon::ReadRC(RCFile&)
 .text          0x0000000000410000      0xf10 C:\orangec\src\..\src\lib\mingw64/liborc.a(Menu.o)
                0x0000000000410000                MenuItem::WriteRes(ResFile&, bool, bool)
                0x0000000000410260                Menu::WriteRes(ResFile&)
                0x0000000000410380                MenuItem::GetFlags(RCFile&)
                0x00000000004104b0                MenuItem::Add(MenuItem*)
                0x0000000000410500                MenuItem::ReadRC(RCFile&, std::deque<std::unique_ptr<MenuItem, std::default_delete<MenuItem> >, std::allocator<std::unique_ptr<MenuItem, std::default_delete<MenuItem> > > >&, bool)
                0x0000000000410780                MenuItem::ReadRCInternal(RCFile&, bool)
                0x0000000000410b80                Menu::ReadRC(RCFile&)
                0x0000000000410bc0                Menu::Add(MenuItem*)
                0x0000000000410c10                MenuItem::~MenuItem()
                0x0000000000410c10                MenuItem::~MenuItem()
                0x0000000000410ce0                MenuItem::~MenuItem()
                0x0000000000410d00                Menu::~Menu()
                0x0000000000410d00                Menu::~Menu()
                0x0000000000410e00                Menu::~Menu()
 .text          0x0000000000410f10      0x1a0 C:\orangec\src\..\src\lib\mingw64/liborc.a(MessageTable.o)
                0x0000000000410f10                MessageTable::WriteRes(ResFile&)
                0x0000000000410f40                MessageTable::ReadRC(RCFile&)
                0x0000000000410fd0                MessageTable::~MessageTable()
                0x0000000000410fd0                MessageTable::~MessageTable()
                0x0000000000411050                MessageTable::~MessageTable()
                0x0000000000411070                MessageTable::SetData(ResourceData*)
 .text          0x00000000004110b0      0xb70 C:\orangec\src\..\src\lib\mingw64/liborc.a(RCData.o)
                0x00000000004110b0                RCData::WriteRes(ResFile&)
                0x0000000000411130                RCData::~RCData()
                0x0000000000411130                RCData::~RCData()
                0x0000000000411320                RCData::~RCData()
                0x0000000000411510                RCData::Add(ResourceData*)
                0x0000000000411570                RCData::ReadRC(RCFile&)
 .text          0x0000000000411c20      0x750 C:\orangec\src\..\src\lib\mingw64/liborc.a(ResourceData.o)
                0x0000000000411c20                ResourceData::WriteRes(ResFile&)
                0x0000000000411c50                ResourceData::ReadRC(RCFile&)
 .text          0x0000000000412370      0x9c0 C:\orangec\src\..\src\lib\mingw64/libocpplib.a(Errors.o)
                0x00000000004123b0                Errors::ErrorWithLine(std::__cxx11::basic_string<char, std::char_traits<char>, std::allocator<char> > const&, std::__cxx11::basic_string<char, std::char_traits<char>, std::allocator<char> >&, int)
                0x00000000004124d0                Errors::WarningWithLine(std::__cxx11::basic_string<char, std::char_traits<char>, std::allocator<char> > const&, std::__cxx11::basic_string<char, std::char_traits<char>, std::allocator<char> >&, int)
                0x0000000000412610                Errors::TrivialWarningWithLine(std::__cxx11::basic_string<char, std::char_traits<char>, std::allocator<char> > const&, std::__cxx11::basic_string<char, std::char_traits<char>, std::allocator<char> >&, int)
                0x0000000000412750                Errors::Previous(std::__cxx11::basic_string<char, std::char_traits<char>, std::allocator<char> > const&, int, std::__cxx11::basic_string<char, std::char_traits<char>, std::allocator<char> > const&)
                0x0000000000412830                Errors::ErrorCount()
                0x0000000000412900                Errors::ToNum[abi:cxx11](long long)
                0x0000000000412920                Errors::GetErrorLine()
                0x0000000000412940                Errors::FileName()
                0x0000000000412a30                Errors::Error(std::__cxx11::basic_string<char, std::char_traits<char>, std::allocator<char> > const&)
                0x0000000000412b00                Errors::Warning(std::__cxx11::basic_string<char, std::char_traits<char>, std::allocator<char> > const&)
                0x0000000000412bf0                Errors::TrivialWarning(std::__cxx11::basic_string<char, std::char_traits<char>, std::allocator<char> > const&)
                0x0000000000412ce0                Errors::GetFileName[abi:cxx11]()
 .text          0x0000000000412d30       0xe0 C:\orangec\src\..\src\lib\mingw64/libocpplib.a(PipeArbitrator.o)
                0x0000000000412d30                PipeArbitrator::~PipeArbitrator()
                0x0000000000412d30                PipeArbitrator::~PipeArbitrator()
                0x0000000000412d50                PipeArbitrator::Init(std::__cxx11::basic_string<char, std::char_traits<char>, std::allocator<char> > const&)
                0x0000000000412d80                PipeArbitrator::OpenFile(std::__cxx11::basic_string<char, std::char_traits<char>, std::allocator<char> > const&)
 .text          0x0000000000412e10      0x7c0 C:\orangec\src\..\src\lib\mingw64/libocpplib.a(ppCtx.o)
                0x0000000000412e10                ppCtx::~ppCtx()
                0x0000000000412e10                ppCtx::~ppCtx()
                0x0000000000412fc0                ppCtx::pop()
                0x00000000004130f0                ppCtx::GetId(std::__cxx11::basic_string<char, std::char_traits<char>, std::allocator<char> >&)
                0x0000000000413250                ppCtx::repl(std::__cxx11::basic_string<char, std::char_traits<char>, std::allocator<char> >&)
                0x00000000004133c0                ppCtx::push(std::__cxx11::basic_string<char, std::char_traits<char>, std::allocator<char> >&)
                0x0000000000413590                ppCtx::Check(kw, std::__cxx11::basic_string<char, std::char_traits<char>, std::allocator<char> >&)
 .text          0x00000000004135d0     0x8090 C:\orangec\src\..\src\lib\mingw64/libocpplib.a(ppDefine.o)
                0x0000000000413650                ppDefine::SetDefaults()
                0x0000000000413810                ppDefine::Tokenize(std::__cxx11::basic_string<char, std::char_traits<char>, std::allocator<char> >&)
                0x0000000000413b50                ppDefine::NotSlashed(std::__cxx11::basic_string<char, std::char_traits<char>, std::allocator<char> > const&, int)
                0x0000000000413ba0                ppDefine::ppNumber(std::__cxx11::basic_string<char, std::char_traits<char>, std::allocator<char> > const&, int, int)
                0x0000000000413d50                ppDefine::Undefine(std::__cxx11::basic_string<char, std::char_traits<char>, std::allocator<char> > const&)
                0x0000000000413d90                ppDefine::Lookup(std::__cxx11::basic_string<char, std::char_traits<char>, std::allocator<char> > const&)
                0x0000000000413dc0                ppDefine::ppDefine(bool, ppInclude*, bool, bool)
                0x0000000000413dc0                ppDefine::ppDefine(bool, ppInclude*, bool, bool)
                0x0000000000414380                ppDefine::SyntaxError(std::__cxx11::basic_string<char, std::char_traits<char>, std::allocator<char> > const&)
                0x0000000000414480                ppDefine::replaceDefined(std::__cxx11::basic_string<char, std::char_traits<char>, std::allocator<char> >&)
                0x0000000000414850                ppDefine::ReplaceAsmMacros(std::__cxx11::basic_string<char, std::char_traits<char>, std::allocator<char> >&)
                0x0000000000414c30                ppDefine::Stringize(std::__cxx11::basic_string<char, std::char_traits<char>, std::allocator<char> >&)
                0x00000000004153b0                ppDefine::defid(std::__cxx11::basic_string<char, std::char_traits<char>, std::allocator<char> > const&, int&, int&)
                0x00000000004157b0                ppDefine::SetupAlreadyReplaced(std::__cxx11::basic_string<char, std::char_traits<char>, std::allocator<char> >&)
                0x0000000000415a30                ppDefine::ParseAsmSubstitutions(std::__cxx11::basic_string<char, std::char_traits<char>, std::allocator<char> >&)
                0x0000000000416240                ppDefine::LookupDefault(std::__cxx11::basic_string<char, std::char_traits<char>, std::allocator<char> >&, int, int, std::__cxx11::basic_string<char, std::char_traits<char>, std::allocator<char> > const&)
                0x0000000000416830                ppDefine::InsertReplacementString(std::__cxx11::basic_string<char, std::char_traits<char>, std::allocator<char> >&, int, int, std::__cxx11::basic_string<char, std::char_traits<char>, std::allocator<char> >, std::__cxx11::basic_string<char, std::char_traits<char>, std::allocator<char> >)
                0x0000000000416bd0                ppDefine::ReplaceArgs(std::__cxx11::basic_string<char, std::char_traits<char>, std::allocator<char> >&, std::vector<std::__cxx11::basic_string<char, std::char_traits<char>, std::allocator<char> >, std::allocator<std::__cxx11::basic_string<char, std::char_traits<char>, std::allocator<char> > > > const&, std::vector<std::__cxx11::basic_string<char, std::char_traits<char>, std::allocator<char> >, std::allocator<std::__cxx11::basic_string<char, std::char_traits<char>, std::allocator<char> > > > const&, std::vector<std::__cxx11::basic_string<char, std::char_traits<char>, std::allocator<char> >, std::allocator<std::__cxx11::basic_string<char, std::char_traits<char>, std::allocator<char> > > > const&, std::__cxx11::basic_string<char, std::char_traits<char>, std::allocator<char> >)
                0x00000000004171a0                ppDefine::DoUndefine(std::__cxx11::basic_string<char, std::char_traits<char>, std::allocator<char> >&)
                0x00000000004172d0                ppDefine::Definition::operator=(ppDefine::Definition const&)
                0x0000000000417400                ppDefine::Definition::Definition(ppDefine::Definition const&)
                0x0000000000417400                ppDefine::Definition::Definition(ppDefine::Definition const&)
                0x00000000004175f0                ppDefine::ReplaceSegment(std::__cxx11::basic_string<char, std::char_traits<char>, std::allocator<char> >&, int, int, int&, bool, std::deque<ppDefine::Definition*, std::allocator<ppDefine::Definition*> >&, std::deque<ppDefine::TokenPos, std::allocator<ppDefine::TokenPos> >*)
                0x0000000000418fe0                ppDefine::Process(std::__cxx11::basic_string<char, std::char_traits<char>, std::allocator<char> >&, bool)
                0x00000000004195a0                ppDefine::Define(std::__cxx11::basic_string<char, std::char_traits<char>, std::allocator<char> > const&, std::__cxx11::basic_string<char, std::char_traits<char>, std::allocator<char> >&, std::vector<std::__cxx11::basic_string<char, std::char_traits<char>, std::allocator<char> >, std::allocator<std::__cxx11::basic_string<char, std::char_traits<char>, std::allocator<char> > > >*, bool, bool, bool, bool)
                0x000000000041a860                ppDefine::DoDefine(std::__cxx11::basic_string<char, std::char_traits<char>, std::allocator<char> >&, bool)
                0x000000000041b040                ppDefine::Check(kw, std::__cxx11::basic_string<char, std::char_traits<char>, std::allocator<char> >&)
                0x000000000041b0b0                ppDefine::DoAssign(std::__cxx11::basic_string<char, std::char_traits<char>, std::allocator<char> >&, bool)
                0x000000000041b400                ppDefine::PushPopMacro(std::__cxx11::basic_string<char, std::char_traits<char>, std::allocator<char> >, bool)
 .text          0x000000000041b660     0x1660 C:\orangec\src\..\src\lib\mingw64/libocpplib.a(ppExpr.o)
                0x000000000041b700                ppExpr::primary(std::__cxx11::basic_string<char, std::char_traits<char>, std::allocator<char> >&, bool&)
                0x000000000041bf70                ppExpr::unary(std::__cxx11::basic_string<char, std::char_traits<char>, std::allocator<char> >&, bool&)
                0x000000000041c090                ppExpr::multiply(std::__cxx11::basic_string<char, std::char_traits<char>, std::allocator<char> >&, bool&)
                0x000000000041c180                ppExpr::add(std::__cxx11::basic_string<char, std::char_traits<char>, std::allocator<char> >&, bool&)
                0x000000000041c200                ppExpr::shift(std::__cxx11::basic_string<char, std::char_traits<char>, std::allocator<char> >&, bool&)
                0x000000000041c2a0                ppExpr::relation(std::__cxx11::basic_string<char, std::char_traits<char>, std::allocator<char> >&, bool&)
                0x000000000041c3c0                ppExpr::equal(std::__cxx11::basic_string<char, std::char_traits<char>, std::allocator<char> >&, bool&)
                0x000000000041c450                ppExpr::and_(std::__cxx11::basic_string<char, std::char_traits<char>, std::allocator<char> >&, bool&)
                0x000000000041c4d0                ppExpr::xor_(std::__cxx11::basic_string<char, std::char_traits<char>, std::allocator<char> >&, bool&)
                0x000000000041c550                ppExpr::or_(std::__cxx11::basic_string<char, std::char_traits<char>, std::allocator<char> >&, bool&)
                0x000000000041c5d0                ppExpr::logicaland(std::__cxx11::basic_string<char, std::char_traits<char>, std::allocator<char> >&, bool&)
                0x000000000041c660                ppExpr::logicalor(std::__cxx11::basic_string<char, std::char_traits<char>, std::allocator<char> >&, bool&)
                0x000000000041c6e0                ppExpr::conditional(std::__cxx11::basic_string<char, std::char_traits<char>, std::allocator<char> >&, bool&)
                0x000000000041c830                ppExpr::comma_(std::__cxx11::basic_string<char, std::char_traits<char>, std::allocator<char> >&, bool&)
                0x000000000041c8b0                ppExpr::Eval(std::__cxx11::basic_string<char, std::char_traits<char>, std::allocator<char> >&, bool)
 .text          0x000000000041ccc0     0x3220 C:\orangec\src\..\src\lib\mingw64/libocpplib.a(ppInclude.o)
                0x000000000041cd30                ppInclude::popFile()
                0x000000000041cec0                ppInclude::RetrievePath(char*, char const*)
                0x000000000041cf00                ppInclude::AddName(char*, std::__cxx11::basic_string<char, std::char_traits<char>, std::allocator<char> > const&)
                0x000000000041cf40                ppInclude::StripAsmComment(std::__cxx11::basic_string<char, std::char_traits<char>, std::allocator<char> >&)
                0x000000000041d0d0                ppInclude::GetLine(std::__cxx11::basic_string<char, std::char_traits<char>, std::allocator<char> >&, int&)
                0x000000000041d320                ppInclude::~ppInclude()
                0x000000000041d320                ppInclude::~ppInclude()
                0x000000000041d560                ppInclude::ParseName(std::__cxx11::basic_string<char, std::char_traits<char>, std::allocator<char> > const&, bool&)
                0x000000000041d740                ppInclude::SrchPath(bool, std::__cxx11::basic_string<char, std::char_traits<char>, std::allocator<char> > const&, std::__cxx11::basic_string<char, std::char_traits<char>, std::allocator<char> > const&, bool, int&)
                0x000000000041da30                ppInclude::FindFile(bool, std::__cxx11::basic_string<char, std::char_traits<char>, std::allocator<char> > const&, bool, int&, bool&)
                0x000000000041e360                ppInclude::has_include_next(std::__cxx11::basic_string<char, std::char_traits<char>, std::allocator<char> > const&)
                0x000000000041e540                ppInclude::has_include(std::__cxx11::basic_string<char, std::char_traits<char>, std::allocator<char> > const&)
                0x000000000041e720                ppInclude::CheckLine(kw, std::__cxx11::basic_string<char, std::char_traits<char>, std::allocator<char> > const&)
                0x000000000041ea00                ppInclude::pushFile(std::__cxx11::basic_string<char, std::char_traits<char>, std::allocator<char> > const&, std::__cxx11::basic_string<char, std::char_traits<char>, std::allocator<char> > const&, bool, bool, int)
                0x000000000041fa40                ppInclude::CheckInclude(kw, std::__cxx11::basic_string<char, std::char_traits<char>, std::allocator<char> > const&)
                0x000000000041fe70                ppInclude::Check(kw, std::__cxx11::basic_string<char, std::char_traits<char>, std::allocator<char> > const&)
 .text          0x000000000041fee0     0x2be0 C:\orangec\src\..\src\lib\mingw64/libocpplib.a(ppMacro.o)
                0x000000000041ffc0                ppMacro::ppMacro(ppInclude&, ppDefine&)
                0x000000000041ffc0                ppMacro::ppMacro(ppInclude&, ppDefine&)
                0x0000000000420050                ppMacro::~ppMacro()
                0x0000000000420050                ppMacro::~ppMacro()
                0x0000000000420270                ppMacro::HandleExitRep()
                0x0000000000420380                ppMacro::GetLine(std::__cxx11::basic_string<char, std::char_traits<char>, std::allocator<char> >&, int&)
                0x00000000004204f0                ppMacro::reverse(std::vector<std::__cxx11::basic_string<char, std::char_traits<char>, std::allocator<char> >, std::allocator<std::__cxx11::basic_string<char, std::char_traits<char>, std::allocator<char> > > >&, int, int)
                0x0000000000420560                ppMacro::GetTopMacro()
                0x00000000004205c0                ppMacro::HandleEndMacro()
                0x0000000000420630                ppMacro::HandleEndRep()
                0x00000000004206a0                ppMacro::HandleRotate(std::__cxx11::basic_string<char, std::char_traits<char>, std::allocator<char> >&)
                0x00000000004208a0                ppMacro::ExtractArg(std::__cxx11::basic_string<char, std::char_traits<char>, std::allocator<char> >&)
                0x0000000000420b60                ppMacro::GetArgs(int, std::__cxx11::basic_string<char, std::char_traits<char>, std::allocator<char> >&, std::vector<std::__cxx11::basic_string<char, std::char_traits<char>, std::allocator<char> >, std::allocator<std::__cxx11::basic_string<char, std::char_traits<char>, std::allocator<char> > > >&)
                0x0000000000420d60                ppMacro::HandleRep(std::__cxx11::basic_string<char, std::char_traits<char>, std::allocator<char> >&)
                0x00000000004215e0                ppMacro::Invoke(std::__cxx11::basic_string<char, std::char_traits<char>, std::allocator<char> >, std::__cxx11::basic_string<char, std::char_traits<char>, std::allocator<char> >)
                0x0000000000421ae0                ppMacro::HandleMacro(std::__cxx11::basic_string<char, std::char_traits<char>, std::allocator<char> >&, bool)
                0x0000000000422840                ppMacro::Check(kw, std::__cxx11::basic_string<char, std::char_traits<char>, std::allocator<char> >&)
 .text          0x0000000000422ac0     0x2800 C:\orangec\src\..\src\lib\mingw64/libocpplib.a(ppPragma.o)
                0x0000000000422b40                Once::TriggerEOF()
                0x0000000000422b50                Once::OnceItem::operator<(Once::OnceItem const&) const
                0x0000000000422b70                Once::OnceItem::SetParams(std::__cxx11::basic_string<char, std::char_traits<char>, std::allocator<char> > const&)
                0x0000000000422c40                ppPragma::HandleFar(Tokenizer&)
                0x0000000000422c50                ppPragma::HandleIgnoreGlobalInit(Tokenizer&)
                0x0000000000422ca0                Startups::~Startups()
                0x0000000000422ca0                Startups::~Startups()
                0x0000000000422cb0                Once::AddToList()
                0x0000000000422d90                ppPragma::HandleOnce(Tokenizer&)
                0x0000000000422e50                ppPragma::HandleError(Tokenizer&)
                0x0000000000422ec0                ppPragma::HandlePushPopMacro(Tokenizer&, bool)
                0x0000000000423050                ppPragma::HandleLibrary(Tokenizer&)
                0x0000000000423200                ppPragma::HandleAlias(Tokenizer&)
                0x0000000000423350                ppPragma::HandleSR(Tokenizer&, bool)
                0x00000000004235c0                ppPragma::HandlePack(Tokenizer&)
                0x00000000004239f0                ppPragma::HandleSTDC(Tokenizer&)
                0x0000000000423fd0                ppPragma::StdPragmas()
                0x00000000004244b0                ppPragma::HandleWarning(Tokenizer&)
                0x0000000000424ec0                ppPragma::ParsePragma(std::__cxx11::basic_string<char, std::char_traits<char>, std::allocator<char> > const&)
                0x0000000000425290                ppPragma::Check(kw, std::__cxx11::basic_string<char, std::char_traits<char>, std::allocator<char> > const&)
 .text          0x00000000004252c0     0x2640 C:\orangec\src\..\src\lib\mingw64/libocpplib.a(PreProcessor.o)
                0x00000000004252c0                PreProcessor::GetPreLine(std::__cxx11::basic_string<char, std::char_traits<char>, std::allocator<char> >&)
                0x00000000004254d0                PreProcessor::StripDigraphs(std::__cxx11::basic_string<char, std::char_traits<char>, std::allocator<char> >)
                0x0000000000425920                PreProcessor::InitHash()
                0x0000000000426d80                PreProcessor::GetLine(std::__cxx11::basic_string<char, std::char_traits<char>, std::allocator<char> >&)
 .text          0x0000000000427900      0x470 C:\orangec\src\..\src\lib\mingw64/libocpplib.a(SymbolTable.o)
                0x0000000000427930                SymbolTable::~SymbolTable()
                0x00000000004279d0                SymbolTable::~SymbolTable()
                0x00000000004279d0                SymbolTable::~SymbolTable()
                0x0000000000427a70                SymbolTable::Remove(Symbol*)
                0x0000000000427be0                SymbolTable::Add(Symbol*)
 .text          0x0000000000427d70     0x2470 C:\orangec\src\..\src\lib\mingw64/libocpplib.a(Token.o)
                0x0000000000427da0                NumericToken::GetInteger() const
                0x0000000000427dc0                NumericToken::GetFloat() const
                0x0000000000427e20                Tokenizer::IsSymbolCharDefault(char const*, bool)
                0x0000000000427ec0                StringToken::Start(std::__cxx11::basic_string<char, std::char_traits<char>, std::allocator<char> > const&)
                0x0000000000427ef0                CharacterToken::Start(std::__cxx11::basic_string<char, std::char_traits<char>, std::allocator<char> > const&)
                0x0000000000427f20                CharacterToken::QuotedChar(int, char const**)
                0x0000000000428130                NumericToken::Start(std::__cxx11::basic_string<char, std::char_traits<char>, std::allocator<char> > const&)
                0x0000000000428160                NumericToken::Radix36(char)
                0x00000000004281a0                NumericToken::GetFraction(int, char**, FPF&)
                0x0000000000428310                KeywordToken::Start(std::__cxx11::basic_string<char, std::char_traits<char>, std::allocator<char> > const&)
                0x0000000000428330                IdentifierToken::Start(std::__cxx11::basic_string<char, std::char_traits<char>, std::allocator<char> > const&)
                0x0000000000428340                ErrorToken::Parse(std::__cxx11::basic_string<char, std::char_traits<char>, std::allocator<char> >&)
                0x00000000004283f0                NumericToken::GetBase(int, char**)
                0x0000000000428500                NumericToken::GetExponent(char**)
                0x0000000000428570                NumericToken::GetFloating(FPF&, int, char**)
                0x00000000004287a0                Tokenizer::Reset(std::__cxx11::basic_string<char, std::char_traits<char>, std::allocator<char> > const&)
                0x0000000000428970                CharacterToken::Parse(std::__cxx11::basic_string<char, std::char_traits<char>, std::allocator<char> >&)
                0x0000000000428b10                IdentifierToken::Parse(std::__cxx11::basic_string<char, std::char_traits<char>, std::allocator<char> >&)
                0x0000000000428dc0                KeywordToken::Parse(std::__cxx11::basic_string<char, std::char_traits<char>, std::allocator<char> >&)
                0x0000000000429070                NumericToken::GetNumber(char const**)
                0x0000000000429860                NumericToken::Parse(std::__cxx11::basic_string<char, std::char_traits<char>, std::allocator<char> >&)
                0x0000000000429940                StringToken::Parse(std::__cxx11::basic_string<char, std::char_traits<char>, std::allocator<char> >&)
                0x0000000000429d00                Tokenizer::Next()
 .text          0x000000000042a1e0     0x2660 C:\orangec\src\..\src\lib\mingw64/libocpplib.a(Floating.o)
                0x000000000042a250                FPF::SetZero(int)
                0x000000000042a270                FPF::SetInfinity(int)
                0x000000000042a290                FPF::SetNaN()
                0x000000000042a2c0                FPF::ValueIsOne() const
                0x000000000042a300                FPF::ValueIsZero() const
                0x000000000042a310                FPF::operator==(FPF const&)
                0x000000000042a380                FPF::operator>(FPF&)
                0x000000000042a460                FPF::operator>=(FPF&)
                0x000000000042a4a0                FPF::IsMantissaZero() const
                0x000000000042a4c0                FPF::IsMantissaOne() const
                0x000000000042a4f0                FPF::Add16Bits(unsigned short*, unsigned short*, unsigned short, unsigned short)
                0x000000000042a520                FPF::Sub16Bits(unsigned short*, unsigned short*, unsigned short, unsigned short)
                0x000000000042a550                FPF::ShiftMantLeft1(unsigned short*)
                0x000000000042a580                FPF::ShiftMantRight1(unsigned short*)
                0x000000000042a5c0                FPF::StickyShiftRightMant(int)
                0x000000000042a640                FPF::Normalize()
                0x000000000042a6a0                FPF::Denormalize(int)
                0x000000000042a7b0                FPF::Round()
                0x000000000042a840                FPF::choose_nan(FPF const&, FPF const&, bool)
                0x000000000042a8d0                FPF::AddSub(int, FPF const&, FPF const&)
                0x000000000042ad10                FPF::Multiply(FPF const&, FPF const&)
                0x000000000042b210                FPF::Init()
                0x000000000042b230                FPF::Divide(FPF const&, FPF const&)
                0x000000000042b610                FPF::FromLongLong(long long)
                0x000000000042b6d0                FPF::FromUnsignedLongLong(unsigned long long)
                0x000000000042b730                FPF::TensExponent() const
                0x000000000042b750                FPF::MultiplyPowTen(int)
                0x000000000042b9d0                FPF::ToString(std::__cxx11::basic_string<char, std::char_traits<char>, std::allocator<char> >&) const
                0x000000000042bf60                FPF::ToLongLong() const
                0x000000000042c050                FPF::ToFloat(unsigned char*) const
                0x000000000042c140                FPF::ToDouble(unsigned char*) const
                0x000000000042c390                FPF::ToLongDouble(unsigned char*) const
                0x000000000042c670                FPF::Truncate(int, int, int)
 .text          0x000000000042c840      0x790 C:\orangec\src\..\src\lib\mingw64/libocpplib.a(InputFile.o)
                0x000000000042c970                InputFile::GetErrorName(bool, std::__cxx11::basic_string<char, std::char_traits<char>, std::allocator<char> > const&)
                0x000000000042ca20                InputFile::ReadString(char*, int)
                0x000000000042ca40                InputFile::ReadLine(char*)
                0x000000000042cac0                InputFile::CheckUTF8BOM()
                0x000000000042cb90                InputFile::Open()
                0x000000000042cc30                InputFile::GetLine(std::__cxx11::basic_string<char, std::char_traits<char>, std::allocator<char> >&)
                0x000000000042cdd0                InputFile::CheckErrors()
                0x000000000042cf60                InputFile::~InputFile()
                0x000000000042cf60                InputFile::~InputFile()
                0x000000000042cfb0                InputFile::~InputFile()
 .text          0x000000000042cfd0     0x1ed0 C:\orangec\src\..\src\lib\mingw64/libocpplib.a(ppCond.o)
                0x000000000042cfd0                ppCond::~ppCond()
                0x000000000042cfd0                ppCond::~ppCond()
                0x000000000042d1c0                ppCond::CheckErrors()
                0x000000000042d2e0                ppCond::HandleIf(bool, std::__cxx11::basic_string<char, std::char_traits<char>, std::allocator<char> > const&, int)
                0x000000000042d400                ppCond::ansieol(std::__cxx11::basic_string<char, std::char_traits<char>, std::allocator<char> > const&)
                0x000000000042d4a0                ppCond::HandleElif(bool, std::__cxx11::basic_string<char, std::char_traits<char>, std::allocator<char> > const&)
                0x000000000042d570                ppCond::HandleEndIf(std::__cxx11::basic_string<char, std::char_traits<char>, std::allocator<char> >&)
                0x000000000042d6c0                ppCond::HandleIdn(std::__cxx11::basic_string<char, std::char_traits<char>, std::allocator<char> >&, bool, bool, bool, int)
                0x000000000042dd50                ppCond::HandleElse(std::__cxx11::basic_string<char, std::char_traits<char>, std::allocator<char> >&)
                0x000000000042e0d0                ppCond::HandleDef(std::__cxx11::basic_string<char, std::char_traits<char>, std::allocator<char> >&, bool, bool, int)
                0x000000000042e370                ppCond::HandleId(std::__cxx11::basic_string<char, std::char_traits<char>, std::allocator<char> >&, bool, bool, int)
                0x000000000042e4d0                ppCond::HandleNum(std::__cxx11::basic_string<char, std::char_traits<char>, std::allocator<char> >&, bool, bool, int)
                0x000000000042e630                ppCond::HandleStr(std::__cxx11::basic_string<char, std::char_traits<char>, std::allocator<char> >&, bool, bool, int)
                0x000000000042e790                ppCond::HandleCtx(std::__cxx11::basic_string<char, std::char_traits<char>, std::allocator<char> >&, bool, bool, int)
                0x000000000042e9b0                ppCond::Check(kw, std::__cxx11::basic_string<char, std::char_traits<char>, std::allocator<char> > const&, int)
 .text          0x000000000042eea0       0xa0 C:\orangec\src\..\src\lib\mingw64/libocpplib.a(ppError.o)
                0x000000000042eea0                ppError::Check(kw, std::__cxx11::basic_string<char, std::char_traits<char>, std::allocator<char> > const&)
 .text          0x000000000042ef40      0xb20 C:\orangec\src\..\src\lib\mingw64/libocpplib.a(ppFile.o)
                0x000000000042ef40                ppFile::StripComment(char*)
                0x000000000042f0b0                ppFile::StripTrigraphs(char*)
                0x000000000042f1a0                ppFile::GetLine(std::__cxx11::basic_string<char, std::char_traits<char>, std::allocator<char> >&)
 .text          0x000000000042fa60     0x1330 C:\orangec\src\..\src\lib\mingw64/libutil.a(CmdFiles.o)
                0x000000000042fa60                CmdFiles::~CmdFiles()
                0x000000000042fa60                CmdFiles::~CmdFiles()
                0x000000000042fac0                CmdFiles::Add(std::__cxx11::basic_string<char, std::char_traits<char>, std::allocator<char> > const&, bool)
                0x0000000000430460                CmdFiles::Add(char**, bool)
                0x0000000000430510                CmdFiles::RecurseDirs(std::__cxx11::basic_string<char, std::char_traits<char>, std::allocator<char> > const&, std::__cxx11::basic_string<char, std::char_traits<char>, std::allocator<char> > const&, bool)
                0x0000000000430a80                CmdFiles::AddFromPath(std::__cxx11::basic_string<char, std::char_traits<char>, std::allocator<char> > const&, std::__cxx11::basic_string<char, std::char_traits<char>, std::allocator<char> > const&)
 .text          0x0000000000430d90     0x2230 C:\orangec\src\..\src\lib\mingw64/libutil.a(CmdSwitch.o)
                0x0000000000430d90                CmdSwitchBool::Parse(char const*)
                0x0000000000430dc0                CmdSwitchString::Parse(char const*)
                0x0000000000430ee0                CmdSwitchCombineString::Parse(char const*)
                0x0000000000430f00                CmdSwitchCombo::Parse(char const*)
                0x0000000000430f70                CmdSwitchOutput::Parse(char const*)
                0x0000000000431010                CmdSwitchDefine::GetValue(int)
                0x0000000000431030                CmdSwitchFile::GetStr(char*)
                0x0000000000431300                CmdSwitchParser::ScanEnv(char*, unsigned long long, char const*)
                0x00000000004313c0                CmdSwitchDefine::~CmdSwitchDefine()
                0x00000000004313c0                CmdSwitchDefine::~CmdSwitchDefine()
                0x0000000000431530                CmdSwitchDefine::~CmdSwitchDefine()
                0x00000000004316c0                CmdSwitchDefine::Parse(char const*)
                0x0000000000431a70                CmdSwitchInt::Parse(char const*)
                0x0000000000431be0                CmdSwitchHex::Parse(char const*)
                0x0000000000431d40                CmdSwitchParser::Find(char const*, bool, bool)
                0x00000000004322b0                CmdSwitchParser::Parse(int*, char**)
                0x0000000000432680                CmdSwitchFile::Dispatch(char*)
                0x0000000000432810                CmdSwitchFile::Parse(char const*)
                0x0000000000432c20                CmdSwitchParser::Parse(std::__cxx11::basic_string<char, std::char_traits<char>, std::allocator<char> > const&, int*, char**)
                0x0000000000432d20                CmdSwitchBase::CmdSwitchBase(CmdSwitchParser&, char, std::deque<std::__cxx11::basic_string<char, std::char_traits<char>, std::allocator<char> >, std::allocator<std::__cxx11::basic_string<char, std::char_traits<char>, std::allocator<char> > > >)
                0x0000000000432d20                CmdSwitchBase::CmdSwitchBase(CmdSwitchParser&, char, std::deque<std::__cxx11::basic_string<char, std::char_traits<char>, std::allocator<char> >, std::allocator<std::__cxx11::basic_string<char, std::char_traits<char>, std::allocator<char> > > >)
 .text          0x0000000000432fc0       0x40 C:\orangec\src\..\src\lib\mingw64/libutil.a(crc.o)
                0x0000000000432fc0                Utils::PartialCRC32(unsigned int, unsigned char const*, unsigned long long)
 .text          0x0000000000433000      0x370 C:\orangec\src\..\src\lib\mingw64/libutil.a(NamedPipe.o)
                0x00000000004330b0                Utils::NamedPipe(int*, std::__cxx11::basic_string<char, std::char_traits<char>, std::allocator<char> > const&)
                0x0000000000433130                Utils::PipeWrite(int, std::__cxx11::basic_string<char, std::char_traits<char>, std::allocator<char> > const&)
                0x00000000004331d0                Utils::PipeRead[abi:cxx11](int)
 .text          0x0000000000433370      0x460 C:\orangec\src\..\src\lib\mingw64/libutil.a(UTF8.o)
                0x0000000000433370                UTF8::Decode(char const*)
                0x0000000000433480                UTF8::Encode(char*, int)
                0x0000000000433510                UTF8::CharSpan(char const*)
                0x0000000000433570                UTF8::Span(char const*)
                0x0000000000433610                UTF8::ToUpper(std::__cxx11::basic_string<char, std::char_traits<char>, std::allocator<char> > const&)
 .text          0x00000000004337d0      0x140 C:\orangec\src\..\src\lib\mingw64/libutil.a(UTF8Table.o)
                0x00000000004337d0                UTF8::IsAlpha(int)
                0x0000000000433850                UTF8::IsAlnum(int)
                0x00000000004338d0                UTF8::IsAlpha(char const*)
                0x00000000004338f0                UTF8::IsAlnum(char const*)
 .text          0x0000000000433910       0x80 C:\orangec\src\..\src\lib\mingw64/libutil.a(UTF8Upper.o)
                0x0000000000433910                UTF8::ToUpper(int)
 .text          0x0000000000433990     0x3200 C:\orangec\src\..\src\lib\mingw64/libutil.a(Utils.o)
                0x00000000004339a0                Utils::ShortName(char const*)
                0x0000000000433a50                Utils::banner(char const*)
                0x0000000000433cf0                Utils::ScreenHeight()
                0x0000000000433d30                Utils::GetModuleName()
                0x0000000000433d60                Utils::SetEnvironmentToPathParent(char const*)
                0x0000000000433f30                Utils::FullQualify(char*)
                0x00000000004340b0                Utils::HasLocalExe(std::__cxx11::basic_string<char, std::char_traits<char>, std::allocator<char> > const&)
                0x0000000000434170                Utils::iequal(std::__cxx11::basic_string<char, std::char_traits<char>, std::allocator<char> > const&, std::__cxx11::basic_string<char, std::char_traits<char>, std::allocator<char> > const&, int)
                0x0000000000434220                Utils::TempName(std::__cxx11::basic_string<char, std::char_traits<char>, std::allocator<char> >&)
                0x0000000000434410                Utils::AddExt(char*, char const*)
                0x0000000000434460                Utils::StripExt(char*)
                0x0000000000434490                Utils::FileExists(char const*)
                0x00000000004344b0                Utils::StringToNumber(std::__cxx11::basic_string<char, std::char_traits<char>, std::allocator<char> >)
                0x00000000004344e0                Utils::StringToNumberHex(std::__cxx11::basic_string<char, std::char_traits<char>, std::allocator<char> >)
                0x0000000000434510                Utils::NumberToStringHex[abi:cxx11](int)
                0x0000000000434900                Utils::GetLine(char const**, std::__cxx11::basic_string<char, std::char_traits<char>, std::allocator<char> >&)
                0x0000000000434a10                Utils::usage(char const*, char const*)
                0x0000000000434b50                Utils::QualifiedFile[abi:cxx11](char const*, char const*)
                0x0000000000434c60                Utils::HasExt(char const*, char const*)
                0x0000000000434d70                Utils::FullPath(std::__cxx11::basic_string<char, std::char_traits<char>, std::allocator<char> > const&, std::__cxx11::basic_string<char, std::char_traits<char>, std::allocator<char> > const&)
                0x0000000000435600                Utils::AbsolutePath(std::__cxx11::basic_string<char, std::char_traits<char>, std::allocator<char> > const&)
                0x0000000000435eb0                Utils::SearchForFile(std::__cxx11::basic_string<char, std::char_traits<char>, std::allocator<char> > const&, std::__cxx11::basic_string<char, std::char_traits<char>, std::allocator<char> > const&)
                0x0000000000436280                Utils::FindOnPath(std::__cxx11::basic_string<char, std::char_traits<char>, std::allocator<char> > const&, std::__cxx11::basic_string<char, std::char_traits<char>, std::allocator<char> > const&)
                0x0000000000436690                Utils::NumberToString[abi:cxx11](int)
                0x00000000004366c0                Utils::split(std::__cxx11::basic_string<char, std::char_traits<char>, std::allocator<char> >, char)
 .text          0x0000000000436b90        0x8 C:/mingw64/w64/bin/../lib/gcc/x86_64-w64-mingw32/8.1.0/libstdc++.dll.a(d005880.o)
                0x0000000000436b90                __gxx_personality_seh0
 .text          0x0000000000436b98        0x8 C:/mingw64/w64/bin/../lib/gcc/x86_64-w64-mingw32/8.1.0/libstdc++.dll.a(d005864.o)
                0x0000000000436b98                __cxa_throw_bad_array_new_length
 .text          0x0000000000436ba0        0x8 C:/mingw64/w64/bin/../lib/gcc/x86_64-w64-mingw32/8.1.0/libstdc++.dll.a(d005862.o)
                0x0000000000436ba0                __cxa_throw
 .text          0x0000000000436ba8        0x8 C:/mingw64/w64/bin/../lib/gcc/x86_64-w64-mingw32/8.1.0/libstdc++.dll.a(d005860.o)
                0x0000000000436ba8                __cxa_rethrow
 .text          0x0000000000436bb0        0x8 C:/mingw64/w64/bin/../lib/gcc/x86_64-w64-mingw32/8.1.0/libstdc++.dll.a(d005857.o)
                0x0000000000436bb0                __cxa_guard_release
 .text          0x0000000000436bb8        0x8 C:/mingw64/w64/bin/../lib/gcc/x86_64-w64-mingw32/8.1.0/libstdc++.dll.a(d005856.o)
                0x0000000000436bb8                __cxa_guard_acquire
 .text          0x0000000000436bc0        0x8 C:/mingw64/w64/bin/../lib/gcc/x86_64-w64-mingw32/8.1.0/libstdc++.dll.a(d005851.o)
                0x0000000000436bc0                __cxa_free_exception
 .text          0x0000000000436bc8        0x8 C:/mingw64/w64/bin/../lib/gcc/x86_64-w64-mingw32/8.1.0/libstdc++.dll.a(d005849.o)
                0x0000000000436bc8                __cxa_end_catch
 .text          0x0000000000436bd0        0x8 C:/mingw64/w64/bin/../lib/gcc/x86_64-w64-mingw32/8.1.0/libstdc++.dll.a(d005843.o)
                0x0000000000436bd0                __cxa_begin_catch
 .text          0x0000000000436bd8        0x8 C:/mingw64/w64/bin/../lib/gcc/x86_64-w64-mingw32/8.1.0/libstdc++.dll.a(d005840.o)
                0x0000000000436bd8                __cxa_allocate_exception
 .text          0x0000000000436be0        0x8 C:/mingw64/w64/bin/../lib/gcc/x86_64-w64-mingw32/8.1.0/libstdc++.dll.a(d005833.o)
                0x0000000000436be0                operator new(unsigned long long)
 .text          0x0000000000436be8        0x8 C:/mingw64/w64/bin/../lib/gcc/x86_64-w64-mingw32/8.1.0/libstdc++.dll.a(d005829.o)
                0x0000000000436be8                operator new[](unsigned long long)
 .text          0x0000000000436bf0        0x8 C:/mingw64/w64/bin/../lib/gcc/x86_64-w64-mingw32/8.1.0/libstdc++.dll.a(d005827.o)
                0x0000000000436bf0                operator delete(void*, unsigned long long)
 .text          0x0000000000436bf8        0x8 C:/mingw64/w64/bin/../lib/gcc/x86_64-w64-mingw32/8.1.0/libstdc++.dll.a(d005823.o)
                0x0000000000436bf8                operator delete(void*)
 .text          0x0000000000436c00        0x8 C:/mingw64/w64/bin/../lib/gcc/x86_64-w64-mingw32/8.1.0/libstdc++.dll.a(d005817.o)
                0x0000000000436c00                operator delete[](void*)
 .text          0x0000000000436c08        0x0 C:/mingw64/w64/bin/../lib/gcc/x86_64-w64-mingw32/8.1.0/libstdc++.dll.a(d005727.o)
 .text          0x0000000000436c08        0x0 C:/mingw64/w64/bin/../lib/gcc/x86_64-w64-mingw32/8.1.0/libstdc++.dll.a(d005652.o)
 .text          0x0000000000436c08        0x0 C:/mingw64/w64/bin/../lib/gcc/x86_64-w64-mingw32/8.1.0/libstdc++.dll.a(d005636.o)
 .text          0x0000000000436c08        0x0 C:/mingw64/w64/bin/../lib/gcc/x86_64-w64-mingw32/8.1.0/libstdc++.dll.a(d005634.o)
 .text          0x0000000000436c08        0x0 C:/mingw64/w64/bin/../lib/gcc/x86_64-w64-mingw32/8.1.0/libstdc++.dll.a(d005587.o)
 .text          0x0000000000436c08        0x0 C:/mingw64/w64/bin/../lib/gcc/x86_64-w64-mingw32/8.1.0/libstdc++.dll.a(d005575.o)
 .text          0x0000000000436c08        0x0 C:/mingw64/w64/bin/../lib/gcc/x86_64-w64-mingw32/8.1.0/libstdc++.dll.a(d005550.o)
 .text          0x0000000000436c08        0x0 C:/mingw64/w64/bin/../lib/gcc/x86_64-w64-mingw32/8.1.0/libstdc++.dll.a(d005545.o)
 .text          0x0000000000436c08        0x0 C:/mingw64/w64/bin/../lib/gcc/x86_64-w64-mingw32/8.1.0/libstdc++.dll.a(d005526.o)
 .text          0x0000000000436c08        0x0 C:/mingw64/w64/bin/../lib/gcc/x86_64-w64-mingw32/8.1.0/libstdc++.dll.a(d005515.o)
 .text          0x0000000000436c08        0x8 C:/mingw64/w64/bin/../lib/gcc/x86_64-w64-mingw32/8.1.0/libstdc++.dll.a(d004750.o)
                0x0000000000436c08                std::basic_istream<char, std::char_traits<char> >& std::getline<char, std::char_traits<char>, std::allocator<char> >(std::basic_istream<char, std::char_traits<char> >&, std::__cxx11::basic_string<char, std::char_traits<char>, std::allocator<char> >&, char)
 .text          0x0000000000436c10        0x0 C:/mingw64/w64/bin/../lib/gcc/x86_64-w64-mingw32/8.1.0/libstdc++.dll.a(d004738.o)
 .text          0x0000000000436c10        0x0 C:/mingw64/w64/bin/../lib/gcc/x86_64-w64-mingw32/8.1.0/libstdc++.dll.a(d004736.o)
 .text          0x0000000000436c10        0x8 C:/mingw64/w64/bin/../lib/gcc/x86_64-w64-mingw32/8.1.0/libstdc++.dll.a(d004732.o)
                0x0000000000436c10                std::_Rb_tree_insert_and_rebalance(bool, std::_Rb_tree_node_base*, std::_Rb_tree_node_base*, std::_Rb_tree_node_base&)
 .text          0x0000000000436c18        0x8 C:/mingw64/w64/bin/../lib/gcc/x86_64-w64-mingw32/8.1.0/libstdc++.dll.a(d004729.o)
                0x0000000000436c18                std::__throw_bad_function_call()
 .text          0x0000000000436c20        0x8 C:/mingw64/w64/bin/../lib/gcc/x86_64-w64-mingw32/8.1.0/libstdc++.dll.a(d004728.o)
                0x0000000000436c20                std::__throw_out_of_range_fmt(char const*, ...)
 .text          0x0000000000436c28        0x8 C:/mingw64/w64/bin/../lib/gcc/x86_64-w64-mingw32/8.1.0/libstdc++.dll.a(d004727.o)
                0x0000000000436c28                std::__throw_invalid_argument(char const*)
 .text          0x0000000000436c30        0x8 C:/mingw64/w64/bin/../lib/gcc/x86_64-w64-mingw32/8.1.0/libstdc++.dll.a(d004714.o)
                0x0000000000436c30                std::__throw_out_of_range(char const*)
 .text          0x0000000000436c38        0x8 C:/mingw64/w64/bin/../lib/gcc/x86_64-w64-mingw32/8.1.0/libstdc++.dll.a(d004713.o)
                0x0000000000436c38                std::__throw_length_error(char const*)
 .text          0x0000000000436c40        0x8 C:/mingw64/w64/bin/../lib/gcc/x86_64-w64-mingw32/8.1.0/libstdc++.dll.a(d004705.o)
                0x0000000000436c40                std::__throw_logic_error(char const*)
 .text          0x0000000000436c48        0x8 C:/mingw64/w64/bin/../lib/gcc/x86_64-w64-mingw32/8.1.0/libstdc++.dll.a(d004701.o)
                0x0000000000436c48                std::_Rb_tree_increment(std::_Rb_tree_node_base*)
 .text          0x0000000000436c50        0x8 C:/mingw64/w64/bin/../lib/gcc/x86_64-w64-mingw32/8.1.0/libstdc++.dll.a(d004700.o)
                0x0000000000436c50                std::_Rb_tree_increment(std::_Rb_tree_node_base const*)
 .text          0x0000000000436c58        0x8 C:/mingw64/w64/bin/../lib/gcc/x86_64-w64-mingw32/8.1.0/libstdc++.dll.a(d004699.o)
                0x0000000000436c58                std::_Rb_tree_decrement(std::_Rb_tree_node_base*)
 .text          0x0000000000436c60        0x8 C:/mingw64/w64/bin/../lib/gcc/x86_64-w64-mingw32/8.1.0/libstdc++.dll.a(d004692.o)
                0x0000000000436c60                std::__throw_bad_alloc()
 .text          0x0000000000436c68        0x8 C:/mingw64/w64/bin/../lib/gcc/x86_64-w64-mingw32/8.1.0/libstdc++.dll.a(d004687.o)
                0x0000000000436c68                std::__throw_bad_cast()
 .text          0x0000000000436c70        0x8 C:/mingw64/w64/bin/../lib/gcc/x86_64-w64-mingw32/8.1.0/libstdc++.dll.a(d004685.o)
                0x0000000000436c70                std::basic_ostream<char, std::char_traits<char> >& std::__ostream_insert<char, std::char_traits<char> >(std::basic_ostream<char, std::char_traits<char> >&, char const*, long long)
 .text          0x0000000000436c78        0x8 C:/mingw64/w64/bin/../lib/gcc/x86_64-w64-mingw32/8.1.0/libstdc++.dll.a(d004661.o)
                0x0000000000436c78                std::_Hash_bytes(void const*, unsigned long long, unsigned long long)
 .text          0x0000000000436c80        0x8 C:/mingw64/w64/bin/../lib/gcc/x86_64-w64-mingw32/8.1.0/libstdc++.dll.a(d004586.o)
                0x0000000000436c80                std::basic_ios<char, std::char_traits<char> >::clear(std::_Ios_Iostate)
 .text          0x0000000000436c88        0x8 C:/mingw64/w64/bin/../lib/gcc/x86_64-w64-mingw32/8.1.0/libstdc++.dll.a(d004582.o)
                0x0000000000436c88                std::basic_ios<char, std::char_traits<char> >::init(std::basic_streambuf<char, std::char_traits<char> >*)
 .text          0x0000000000436c90        0x8 C:/mingw64/w64/bin/../lib/gcc/x86_64-w64-mingw32/8.1.0/libstdc++.dll.a(d004493.o)
                0x0000000000436c90                std::ios_base::~ios_base()
 .text          0x0000000000436c98        0x8 C:/mingw64/w64/bin/../lib/gcc/x86_64-w64-mingw32/8.1.0/libstdc++.dll.a(d004490.o)
                0x0000000000436c98                std::ios_base::ios_base()
 .text          0x0000000000436ca0        0x8 C:/mingw64/w64/bin/../lib/gcc/x86_64-w64-mingw32/8.1.0/libstdc++.dll.a(d004450.o)
                0x0000000000436ca0                std::ios_base::Init::~Init()
 .text          0x0000000000436ca8        0x8 C:/mingw64/w64/bin/../lib/gcc/x86_64-w64-mingw32/8.1.0/libstdc++.dll.a(d004448.o)
                0x0000000000436ca8                std::ios_base::Init::Init()
 .text          0x0000000000436cb0        0x8 C:/mingw64/w64/bin/../lib/gcc/x86_64-w64-mingw32/8.1.0/libstdc++.dll.a(d004424.o)
                0x0000000000436cb0                std::__detail::_List_node_base::_M_unhook()
 .text          0x0000000000436cb8        0x8 C:/mingw64/w64/bin/../lib/gcc/x86_64-w64-mingw32/8.1.0/libstdc++.dll.a(d004423.o)
                0x0000000000436cb8                std::__detail::_List_node_base::_M_hook(std::__detail::_List_node_base*)
 .text          0x0000000000436cc0        0x8 C:/mingw64/w64/bin/../lib/gcc/x86_64-w64-mingw32/8.1.0/libstdc++.dll.a(d004202.o)
                0x0000000000436cc0                std::__cxx11::basic_stringstream<char, std::char_traits<char>, std::allocator<char> >::~basic_stringstream()
 .text          0x0000000000436cc8        0x8 C:/mingw64/w64/bin/../lib/gcc/x86_64-w64-mingw32/8.1.0/libstdc++.dll.a(d004072.o)
                0x0000000000436cc8                std::__cxx11::basic_stringbuf<char, std::char_traits<char>, std::allocator<char> >::_M_sync(char*, unsigned long long, unsigned long long)
 .text          0x0000000000436cd0        0x8 C:/mingw64/w64/bin/../lib/gcc/x86_64-w64-mingw32/8.1.0/libstdc++.dll.a(d004000.o)
                0x0000000000436cd0                std::__cxx11::basic_string<wchar_t, std::char_traits<wchar_t>, std::allocator<wchar_t> >::_M_create(unsigned long long&, unsigned long long)
 .text          0x0000000000436cd8        0x8 C:/mingw64/w64/bin/../lib/gcc/x86_64-w64-mingw32/8.1.0/libstdc++.dll.a(d003999.o)
                0x0000000000436cd8                std::__cxx11::basic_string<wchar_t, std::char_traits<wchar_t>, std::allocator<wchar_t> >::_M_assign(std::__cxx11::basic_string<wchar_t, std::char_traits<wchar_t>, std::allocator<wchar_t> > const&)
 .text          0x0000000000436ce0        0x8 C:/mingw64/w64/bin/../lib/gcc/x86_64-w64-mingw32/8.1.0/libstdc++.dll.a(d003998.o)
                0x0000000000436ce0                std::__cxx11::basic_string<wchar_t, std::char_traits<wchar_t>, std::allocator<wchar_t> >::_M_append(wchar_t const*, unsigned long long)
 .text          0x0000000000436ce8        0x8 C:/mingw64/w64/bin/../lib/gcc/x86_64-w64-mingw32/8.1.0/libstdc++.dll.a(d003895.o)
                0x0000000000436ce8                std::__cxx11::basic_string<char, std::char_traits<char>, std::allocator<char> >::operator=(std::__cxx11::basic_string<char, std::char_traits<char>, std::allocator<char> >&&)
 .text          0x0000000000436cf0        0x8 C:/mingw64/w64/bin/../lib/gcc/x86_64-w64-mingw32/8.1.0/libstdc++.dll.a(d003858.o)
                0x0000000000436cf0                std::__cxx11::basic_string<char, std::char_traits<char>, std::allocator<char> >::_M_mutate(unsigned long long, unsigned long long, char const*, unsigned long long)
 .text          0x0000000000436cf8        0x8 C:/mingw64/w64/bin/../lib/gcc/x86_64-w64-mingw32/8.1.0/libstdc++.dll.a(d003856.o)
                0x0000000000436cf8                std::__cxx11::basic_string<char, std::char_traits<char>, std::allocator<char> >::_M_create(unsigned long long&, unsigned long long)
 .text          0x0000000000436d00        0x8 C:/mingw64/w64/bin/../lib/gcc/x86_64-w64-mingw32/8.1.0/libstdc++.dll.a(d003855.o)
                0x0000000000436d00                std::__cxx11::basic_string<char, std::char_traits<char>, std::allocator<char> >::_M_assign(std::__cxx11::basic_string<char, std::char_traits<char>, std::allocator<char> > const&)
 .text          0x0000000000436d08        0x8 C:/mingw64/w64/bin/../lib/gcc/x86_64-w64-mingw32/8.1.0/libstdc++.dll.a(d003854.o)
                0x0000000000436d08                std::__cxx11::basic_string<char, std::char_traits<char>, std::allocator<char> >::_M_append(char const*, unsigned long long)
 .text          0x0000000000436d10        0x8 C:/mingw64/w64/bin/../lib/gcc/x86_64-w64-mingw32/8.1.0/libstdc++.dll.a(d003852.o)
                0x0000000000436d10                std::__cxx11::basic_string<char, std::char_traits<char>, std::allocator<char> >::_M_erase(unsigned long long, unsigned long long)
 .text          0x0000000000436d18        0x8 C:/mingw64/w64/bin/../lib/gcc/x86_64-w64-mingw32/8.1.0/libstdc++.dll.a(d003851.o)
                0x0000000000436d18                std::__cxx11::basic_string<char, std::char_traits<char>, std::allocator<char> >::reserve(unsigned long long)
 .text          0x0000000000436d20        0x8 C:/mingw64/w64/bin/../lib/gcc/x86_64-w64-mingw32/8.1.0/libstdc++.dll.a(d003797.o)
                0x0000000000436d20                std::__cxx11::basic_string<char, std::char_traits<char>, std::allocator<char> >::erase(unsigned long long, unsigned long long)
 .text          0x0000000000436d28        0x8 C:/mingw64/w64/bin/../lib/gcc/x86_64-w64-mingw32/8.1.0/libstdc++.dll.a(d003790.o)
                0x0000000000436d28                std::__cxx11::basic_string<char, std::char_traits<char>, std::allocator<char> >::swap(std::__cxx11::basic_string<char, std::char_traits<char>, std::allocator<char> >&)
 .text          0x0000000000436d30        0x8 C:/mingw64/w64/bin/../lib/gcc/x86_64-w64-mingw32/8.1.0/libstdc++.dll.a(d003782.o)
                0x0000000000436d30                std::__cxx11::basic_string<char, std::char_traits<char>, std::allocator<char> >::_M_replace_aux(unsigned long long, unsigned long long, unsigned long long, char)
 .text          0x0000000000436d38        0x8 C:/mingw64/w64/bin/../lib/gcc/x86_64-w64-mingw32/8.1.0/libstdc++.dll.a(d003763.o)
                0x0000000000436d38                std::__cxx11::basic_string<char, std::char_traits<char>, std::allocator<char> >::_M_replace(unsigned long long, unsigned long long, char const*, unsigned long long)
 .text          0x0000000000436d40        0x8 C:/mingw64/w64/bin/../lib/gcc/x86_64-w64-mingw32/8.1.0/libstdc++.dll.a(d003701.o)
                0x0000000000436d40                std::locale::~locale()
 .text          0x0000000000436d48        0x8 C:/mingw64/w64/bin/../lib/gcc/x86_64-w64-mingw32/8.1.0/libstdc++.dll.a(d003694.o)
                0x0000000000436d48                std::locale::locale()
 .text          0x0000000000436d50        0x8 C:/mingw64/w64/bin/../lib/gcc/x86_64-w64-mingw32/8.1.0/libstdc++.dll.a(d002496.o)
                0x0000000000436d50                std::runtime_error::~runtime_error()
 .text          0x0000000000436d58        0x8 C:/mingw64/w64/bin/../lib/gcc/x86_64-w64-mingw32/8.1.0/libstdc++.dll.a(d002488.o)
                0x0000000000436d58                std::runtime_error::runtime_error(std::__cxx11::basic_string<char, std::char_traits<char>, std::allocator<char> > const&)
 .text          0x0000000000436d60        0x8 C:/mingw64/w64/bin/../lib/gcc/x86_64-w64-mingw32/8.1.0/libstdc++.dll.a(d002487.o)
                0x0000000000436d60                std::runtime_error::runtime_error(char const*)
 .text          0x0000000000436d68        0x8 C:/mingw64/w64/bin/../lib/gcc/x86_64-w64-mingw32/8.1.0/libstdc++.dll.a(d002347.o)
                0x0000000000436d68                std::basic_fstream<char, std::char_traits<char> >::~basic_fstream()
 .text          0x0000000000436d70        0x8 C:/mingw64/w64/bin/../lib/gcc/x86_64-w64-mingw32/8.1.0/libstdc++.dll.a(d002294.o)
                0x0000000000436d70                std::basic_filebuf<char, std::char_traits<char> >::~basic_filebuf()
 .text          0x0000000000436d78        0x8 C:/mingw64/w64/bin/../lib/gcc/x86_64-w64-mingw32/8.1.0/libstdc++.dll.a(d002290.o)
                0x0000000000436d78                std::basic_filebuf<char, std::char_traits<char> >::basic_filebuf()
 .text          0x0000000000436d80        0x8 C:/mingw64/w64/bin/../lib/gcc/x86_64-w64-mingw32/8.1.0/libstdc++.dll.a(d002277.o)
                0x0000000000436d80                std::basic_filebuf<char, std::char_traits<char> >::close()
 .text          0x0000000000436d88        0x8 C:/mingw64/w64/bin/../lib/gcc/x86_64-w64-mingw32/8.1.0/libstdc++.dll.a(d002272.o)
                0x0000000000436d88                std::basic_filebuf<char, std::char_traits<char> >::open(char const*, std::_Ios_Openmode)
 .text          0x0000000000436d90        0x8 C:/mingw64/w64/bin/../lib/gcc/x86_64-w64-mingw32/8.1.0/libstdc++.dll.a(d002047.o)
                0x0000000000436d90                std::__basic_file<char>::~__basic_file()
 .text          0x0000000000436d98        0x8 C:/mingw64/w64/bin/../lib/gcc/x86_64-w64-mingw32/8.1.0/libstdc++.dll.a(d001748.o)
                0x0000000000436d98                std::ostream::operator<<(int)
 .text          0x0000000000436da0        0x8 C:/mingw64/w64/bin/../lib/gcc/x86_64-w64-mingw32/8.1.0/libstdc++.dll.a(d001713.o)
                0x0000000000436da0                std::ostream::write(char const*, long long)
 .text          0x0000000000436da8        0x8 C:/mingw64/w64/bin/../lib/gcc/x86_64-w64-mingw32/8.1.0/libstdc++.dll.a(d001712.o)
                0x0000000000436da8                std::ostream::tellp()
 .text          0x0000000000436db0        0x8 C:/mingw64/w64/bin/../lib/gcc/x86_64-w64-mingw32/8.1.0/libstdc++.dll.a(d001710.o)
                0x0000000000436db0                std::ostream::seekp(std::fpos<int>)
 .text          0x0000000000436db8        0x8 C:/mingw64/w64/bin/../lib/gcc/x86_64-w64-mingw32/8.1.0/libstdc++.dll.a(d001709.o)
                0x0000000000436db8                std::ostream::flush()
 .text          0x0000000000436dc0        0x8 C:/mingw64/w64/bin/../lib/gcc/x86_64-w64-mingw32/8.1.0/libstdc++.dll.a(d001707.o)
                0x0000000000436dc0                std::ostream::put(char)
 .text          0x0000000000436dc8        0x8 C:/mingw64/w64/bin/../lib/gcc/x86_64-w64-mingw32/8.1.0/libstdc++.dll.a(d001669.o)
                0x0000000000436dc8                std::istream::tellg()
 .text          0x0000000000436dd0        0x8 C:/mingw64/w64/bin/../lib/gcc/x86_64-w64-mingw32/8.1.0/libstdc++.dll.a(d001668.o)
                0x0000000000436dd0                std::istream::seekg(long long, std::_Ios_Seekdir)
 .text          0x0000000000436dd8        0x8 C:/mingw64/w64/bin/../lib/gcc/x86_64-w64-mingw32/8.1.0/libstdc++.dll.a(d001664.o)
                0x0000000000436dd8                std::istream::read(char*, long long)
 .text          0x0000000000436de0        0x8 C:/mingw64/w64/bin/../lib/gcc/x86_64-w64-mingw32/8.1.0/libstdc++.dll.a(d001344.o)
                0x0000000000436de0                std::__detail::_Prime_rehash_policy::_M_need_rehash(unsigned long long, unsigned long long, unsigned long long) const
 .text          0x0000000000436de8        0x8 C:/mingw64/w64/bin/../lib/gcc/x86_64-w64-mingw32/8.1.0/libstdc++.dll.a(d001343.o)
                0x0000000000436de8                std::__detail::_Prime_rehash_policy::_M_next_bkt(unsigned long long) const
 .text          0x0000000000436df0        0x8 C:/mingw64/w64/bin/../lib/gcc/x86_64-w64-mingw32/8.1.0/libstdc++.dll.a(d001037.o)
                0x0000000000436df0                std::__cxx11::basic_string<wchar_t, std::char_traits<wchar_t>, std::allocator<wchar_t> >::compare(wchar_t const*) const
 .text          0x0000000000436df8        0x8 C:/mingw64/w64/bin/../lib/gcc/x86_64-w64-mingw32/8.1.0/libstdc++.dll.a(d000977.o)
                0x0000000000436df8                std::__cxx11::basic_string<char, std::char_traits<char>, std::allocator<char> >::compare(char const*) const
 .text          0x0000000000436e00        0x8 C:/mingw64/w64/bin/../lib/gcc/x86_64-w64-mingw32/8.1.0/libstdc++.dll.a(d000975.o)
                0x0000000000436e00                std::__cxx11::basic_string<char, std::char_traits<char>, std::allocator<char> >::substr(unsigned long long, unsigned long long) const
 .text          0x0000000000436e08        0x8 C:/mingw64/w64/bin/../lib/gcc/x86_64-w64-mingw32/8.1.0/libstdc++.dll.a(d000971.o)
                0x0000000000436e08                std::__cxx11::basic_string<char, std::char_traits<char>, std::allocator<char> >::rfind(char, unsigned long long) const
 .text          0x0000000000436e10        0x8 C:/mingw64/w64/bin/../lib/gcc/x86_64-w64-mingw32/8.1.0/libstdc++.dll.a(d000960.o)
                0x0000000000436e10                std::__cxx11::basic_string<char, std::char_traits<char>, std::allocator<char> >::find(char, unsigned long long) const
 .text          0x0000000000436e18        0x8 C:/mingw64/w64/bin/../lib/gcc/x86_64-w64-mingw32/8.1.0/libstdc++.dll.a(d000958.o)
                0x0000000000436e18                std::__cxx11::basic_string<char, std::char_traits<char>, std::allocator<char> >::find(char const*, unsigned long long, unsigned long long) const
 .text          0x0000000000436e20        0x8 C:/mingw64/w64/bin/../lib/gcc/x86_64-w64-mingw32/8.1.0/libstdc++.dll.a(d000950.o)
                0x0000000000436e20                std::__cxx11::basic_string<char, std::char_traits<char>, std::allocator<char> >::find_first_not_of(char, unsigned long long) const
 .text          0x0000000000436e28        0x8 C:/mingw64/w64/bin/../lib/gcc/x86_64-w64-mingw32/8.1.0/libstdc++.dll.a(d000948.o)
                0x0000000000436e28                std::__cxx11::basic_string<char, std::char_traits<char>, std::allocator<char> >::find_first_not_of(char const*, unsigned long long, unsigned long long) const
 .text          0x0000000000436e30        0x8 C:/mingw64/w64/bin/../lib/gcc/x86_64-w64-mingw32/8.1.0/libstdc++.dll.a(d000944.o)
                0x0000000000436e30                std::__cxx11::basic_string<char, std::char_traits<char>, std::allocator<char> >::find_last_not_of(char const*, unsigned long long, unsigned long long) const
 .text          0x0000000000436e38        0x8 C:/mingw64/w64/bin/../lib/gcc/x86_64-w64-mingw32/8.1.0/libstdc++.dll.a(d000937.o)
                0x0000000000436e38                std::__cxx11::basic_string<char, std::char_traits<char>, std::allocator<char> >::find_first_of(char const*, unsigned long long, unsigned long long) const
 .text          0x0000000000436e40        0x8 C:/mingw64/w64/bin/../lib/gcc/x86_64-w64-mingw32/8.1.0/libstdc++.dll.a(d000830.o)
                0x0000000000436e40                std::ctype<char>::_M_widen_init() const
 .text          0x0000000000436e48        0x8 C:/mingw64/w64/bin/../lib/gcc/x86_64-w64-mingw32/8.1.0/libstdc++.dll.a(d000678.o)
                0x0000000000436e48                std::__basic_file<char>::is_open() const
 .text          0x0000000000436e50        0x8 C:/mingw64/w64/bin/../lib/gcc/x86_64-w64-mingw32/8.1.0/../../../../x86_64-w64-mingw32/lib/../lib/libkernel32.a(dqifs01527.o)
                0x0000000000436e50                __C_specific_handler
 .text          0x0000000000436e58        0x8 C:/mingw64/w64/bin/../lib/gcc/x86_64-w64-mingw32/8.1.0/../../../../x86_64-w64-mingw32/lib/../lib/libkernel32.a(dqifs01510.o)
                0x0000000000436e58                WriteFile
 .text          0x0000000000436e60        0x8 C:/mingw64/w64/bin/../lib/gcc/x86_64-w64-mingw32/8.1.0/../../../../x86_64-w64-mingw32/lib/../lib/libkernel32.a(dqifs01360.o)
                0x0000000000436e60                Sleep
 .text          0x0000000000436e68        0x8 C:/mingw64/w64/bin/../lib/gcc/x86_64-w64-mingw32/8.1.0/../../../../x86_64-w64-mingw32/lib/../lib/libkernel32.a(dqifs01346.o)
                0x0000000000436e68                SetUnhandledExceptionFilter
 .text          0x0000000000436e70        0x8 C:/mingw64/w64/bin/../lib/gcc/x86_64-w64-mingw32/8.1.0/../../../../x86_64-w64-mingw32/lib/../lib/libkernel32.a(dqifs01128.o)
                0x0000000000436e70                ReadFile
 .text          0x0000000000436e78        0x8 C:/mingw64/w64/bin/../lib/gcc/x86_64-w64-mingw32/8.1.0/../../../../x86_64-w64-mingw32/lib/../lib/libkernel32.a(dqifs01051.o)
                0x0000000000436e78                PeekNamedPipe
 .text          0x0000000000436e80        0x8 C:/mingw64/w64/bin/../lib/gcc/x86_64-w64-mingw32/8.1.0/../../../../x86_64-w64-mingw32/lib/../lib/libkernel32.a(dqifs00999.o)
                0x0000000000436e80                MultiByteToWideChar
 .text          0x0000000000436e88        0x8 C:/mingw64/w64/bin/../lib/gcc/x86_64-w64-mingw32/8.1.0/../../../../x86_64-w64-mingw32/lib/../lib/libkernel32.a(dqifs00774.o)
                0x0000000000436e88                GetTickCount
 .text          0x0000000000436e90        0x8 C:/mingw64/w64/bin/../lib/gcc/x86_64-w64-mingw32/8.1.0/../../../../x86_64-w64-mingw32/lib/../lib/libkernel32.a(dqifs00724.o)
                0x0000000000436e90                GetStdHandle
 .text          0x0000000000436e98        0x8 C:/mingw64/w64/bin/../lib/gcc/x86_64-w64-mingw32/8.1.0/../../../../x86_64-w64-mingw32/lib/../lib/libkernel32.a(dqifs00721.o)
                0x0000000000436e98                GetStartupInfoA
 .text          0x0000000000436ea0        0x8 C:/mingw64/w64/bin/../lib/gcc/x86_64-w64-mingw32/8.1.0/../../../../x86_64-w64-mingw32/lib/../lib/libkernel32.a(dqifs00628.o)
                0x0000000000436ea0                GetModuleFileNameA
 .text          0x0000000000436ea8        0x8 C:/mingw64/w64/bin/../lib/gcc/x86_64-w64-mingw32/8.1.0/../../../../x86_64-w64-mingw32/lib/../lib/libkernel32.a(dqifs00609.o)
                0x0000000000436ea8                GetLastError
 .text          0x0000000000436eb0        0x8 C:/mingw64/w64/bin/../lib/gcc/x86_64-w64-mingw32/8.1.0/../../../../x86_64-w64-mingw32/lib/../lib/libkernel32.a(dqifs00578.o)
                0x0000000000436eb0                GetFileAttributesA
 .text          0x0000000000436eb8        0x8 C:/mingw64/w64/bin/../lib/gcc/x86_64-w64-mingw32/8.1.0/../../../../x86_64-w64-mingw32/lib/../lib/libkernel32.a(dqifs00528.o)
                0x0000000000436eb8                GetCurrentDirectoryA
 .text          0x0000000000436ec0        0x8 C:/mingw64/w64/bin/../lib/gcc/x86_64-w64-mingw32/8.1.0/../../../../x86_64-w64-mingw32/lib/../lib/libkernel32.a(dqifs00514.o)
                0x0000000000436ec0                GetConsoleScreenBufferInfo
 .text          0x0000000000436ec8        0x8 C:/mingw64/w64/bin/../lib/gcc/x86_64-w64-mingw32/8.1.0/../../../../x86_64-w64-mingw32/lib/../lib/libkernel32.a(dqifs00191.o)
                0x0000000000436ec8                CreateFileA
 .text          0x0000000000436ed0        0x0 C:/mingw64/w64/bin/../lib/gcc/x86_64-w64-mingw32/8.1.0/../../../../x86_64-w64-mingw32/lib/../lib/libkernel32.a(dqifh.o)
 .text          0x0000000000436ed0        0x0 C:/mingw64/w64/bin/../lib/gcc/x86_64-w64-mingw32/8.1.0/../../../../x86_64-w64-mingw32/lib/../lib/libkernel32.a(dqift.o)
 .text          0x0000000000436ed0       0xd0 C:/mingw64/w64/bin/../lib/gcc/x86_64-w64-mingw32/8.1.0/../../../../x86_64-w64-mingw32/lib/../lib/libmingw32.a(lib64_libmingw32_a-gccmain.o)
                0x0000000000436ed0                __do_global_dtors
                0x0000000000436f10                __do_global_ctors
                0x0000000000436f80                __main
 .text          0x0000000000436fa0        0x0 C:/mingw64/w64/bin/../lib/gcc/x86_64-w64-mingw32/8.1.0/../../../../x86_64-w64-mingw32/lib/../lib/libmingw32.a(lib64_libmingw32_a-natstart.o)
 .text          0x0000000000436fa0        0x0 C:/mingw64/w64/bin/../lib/gcc/x86_64-w64-mingw32/8.1.0/../../../../x86_64-w64-mingw32/lib/../lib/libmingw32.a(lib64_libmingw32_a-wildcard.o)
 .text          0x0000000000436fa0       0x10 C:/mingw64/w64/bin/../lib/gcc/x86_64-w64-mingw32/8.1.0/../../../../x86_64-w64-mingw32/lib/../lib/libmingw32.a(lib64_libmingw32_a-charmax.o)
 .text          0x0000000000436fb0       0x10 C:/mingw64/w64/bin/../lib/gcc/x86_64-w64-mingw32/8.1.0/../../../../x86_64-w64-mingw32/lib/../lib/libmingw32.a(lib64_libmingw32_a-dllargv.o)
                0x0000000000436fb0                _setargv
 .text          0x0000000000436fc0      0x1e0 C:/mingw64/w64/bin/../lib/gcc/x86_64-w64-mingw32/8.1.0/../../../../x86_64-w64-mingw32/lib/../lib/libmingw32.a(lib64_libmingw32_a-gs_support.o)
                0x0000000000436fc0                __security_init_cookie
                0x00000000004370a0                __report_gsfailure
 .text          0x00000000004371a0        0x0 C:/mingw64/w64/bin/../lib/gcc/x86_64-w64-mingw32/8.1.0/../../../../x86_64-w64-mingw32/lib/../lib/libmingw32.a(lib64_libmingw32_a-_newmode.o)
 .text          0x00000000004371a0       0xc0 C:/mingw64/w64/bin/../lib/gcc/x86_64-w64-mingw32/8.1.0/../../../../x86_64-w64-mingw32/lib/../lib/libmingw32.a(lib64_libmingw32_a-tlssup.o)
                0x00000000004371d0                __dyn_tls_init
                0x0000000000437250                __tlregdtor
 .text          0x0000000000437260        0x0 C:/mingw64/w64/bin/../lib/gcc/x86_64-w64-mingw32/8.1.0/../../../../x86_64-w64-mingw32/lib/../lib/libmingw32.a(lib64_libmingw32_a-cinitexe.o)
 .text          0x0000000000437260      0x160 C:/mingw64/w64/bin/../lib/gcc/x86_64-w64-mingw32/8.1.0/../../../../x86_64-w64-mingw32/lib/../lib/libmingw32.a(lib64_libmingw32_a-merr.o)
                0x0000000000437260                __mingw_raise_matherr
                0x00000000004372b0                __mingw_setusermatherr
                0x00000000004372c0                _matherr
 .text          0x00000000004373c0       0x10 C:/mingw64/w64/bin/../lib/gcc/x86_64-w64-mingw32/8.1.0/../../../../x86_64-w64-mingw32/lib/../lib/libmingw32.a(lib64_libmingw32_a-CRT_fp10.o)
                0x00000000004373c0                fpreset
                0x00000000004373c0                _fpreset
 .text          0x00000000004373d0       0x20 C:/mingw64/w64/bin/../lib/gcc/x86_64-w64-mingw32/8.1.0/../../../../x86_64-w64-mingw32/lib/../lib/libmingw32.a(lib64_libmingw32_a-mingw_helpers.o)
                0x00000000004373d0                _decode_pointer
                0x00000000004373e0                _encode_pointer
 .text          0x00000000004373f0      0x490 C:/mingw64/w64/bin/../lib/gcc/x86_64-w64-mingw32/8.1.0/../../../../x86_64-w64-mingw32/lib/../lib/libmingw32.a(lib64_libmingw32_a-pseudo-reloc.o)
                0x00000000004375c0                _pei386_runtime_relocator
 .text          0x0000000000437880        0x0 C:/mingw64/w64/bin/../lib/gcc/x86_64-w64-mingw32/8.1.0/../../../../x86_64-w64-mingw32/lib/../lib/libmingw32.a(lib64_libmingw32_a-xtxtmode.o)
 .text          0x0000000000437880      0x480 C:/mingw64/w64/bin/../lib/gcc/x86_64-w64-mingw32/8.1.0/../../../../x86_64-w64-mingw32/lib/../lib/libmingw32.a(lib64_libmingw32_a-crt_handler.o)
                0x0000000000437880                __mingw_SEH_error_handler
                0x0000000000437a20                __mingw_init_ehandler
                0x0000000000437b10                _gnu_exception_handler
 .text          0x0000000000437d00      0x270 C:/mingw64/w64/bin/../lib/gcc/x86_64-w64-mingw32/8.1.0/../../../../x86_64-w64-mingw32/lib/../lib/libmingw32.a(lib64_libmingw32_a-tlsthrd.o)
                0x0000000000437d70                ___w64_mingwthr_add_key_dtor
                0x0000000000437df0                ___w64_mingwthr_remove_key_dtor
                0x0000000000437e90                __mingw_TLScallback
 .text          0x0000000000437f70        0x0 C:/mingw64/w64/bin/../lib/gcc/x86_64-w64-mingw32/8.1.0/../../../../x86_64-w64-mingw32/lib/../lib/libmingw32.a(lib64_libmingw32_a-tlsmcrt.o)
 .text          0x0000000000437f70        0x0 C:/mingw64/w64/bin/../lib/gcc/x86_64-w64-mingw32/8.1.0/../../../../x86_64-w64-mingw32/lib/../lib/libmingw32.a(lib64_libmingw32_a-pseudo-reloc-list.o)
 .text          0x0000000000437f70      0x3e0 C:/mingw64/w64/bin/../lib/gcc/x86_64-w64-mingw32/8.1.0/../../../../x86_64-w64-mingw32/lib/../lib/libmingw32.a(lib64_libmingw32_a-pesect.o)
                0x0000000000437f90                _ValidateImageBase
                0x0000000000437fb0                _FindPESection
                0x0000000000438000                _FindPESectionByName
                0x0000000000438090                __mingw_GetSectionForAddress
                0x0000000000438110                __mingw_GetSectionCount
                0x0000000000438150                _FindPESectionExec
                0x00000000004381c0                _GetPEImageBase
                0x0000000000438200                _IsNonwritableInCurrentImage
                0x00000000004382a0                __mingw_enum_import_library_names
 .text          0x0000000000438350       0x40 C:/mingw64/w64/bin/../lib/gcc/x86_64-w64-mingw32/8.1.0/libgcc.a(_chkstk_ms.o)
                0x0000000000438350                ___chkstk_ms
 .text          0x0000000000438390        0x0 C:/mingw64/w64/bin/../lib/gcc/x86_64-w64-mingw32/8.1.0/libgcc.a(_ctors.o)
 .text          0x0000000000438390      0x630 C:/mingw64/w64/bin/../lib/gcc/x86_64-w64-mingw32/8.1.0/libgcc_eh.a(unwind-seh.o)
                0x00000000004383f0                _Unwind_GetGR
                0x0000000000438410                _Unwind_SetGR
                0x0000000000438430                _Unwind_GetCFA
                0x0000000000438440                _Unwind_GetIP
                0x0000000000438450                _Unwind_GetIPInfo
                0x0000000000438460                _Unwind_SetIP
                0x0000000000438470                _Unwind_GetLanguageSpecificData
                0x0000000000438480                _Unwind_GetRegionStart
                0x0000000000438490                _Unwind_FindEnclosingFunction
                0x00000000004384c0                _Unwind_GetDataRelBase
                0x00000000004384d0                _Unwind_GetTextRelBase
                0x00000000004384e0                _GCC_specific_handler
                0x00000000004386f0                _Unwind_RaiseException
                0x0000000000438740                _Unwind_Resume
                0x00000000004387f0                _Unwind_Resume_or_Rethrow
                0x0000000000438810                _Unwind_ForcedUnwind
                0x0000000000438840                _Unwind_DeleteException
                0x0000000000438860                _Unwind_Backtrace