Archive member included to satisfy reference by file (symbol)

C:\orangec\src\..\src\lib\mingw64/libocpplib.a(Errors.o)
                              C:\orangec\src\ocpp\obj\mingw64\ppMain.o (Errors::Error(std::__cxx11::basic_string<char, std::char_traits<char>, std::allocator<char> > const&))
C:\orangec\src\..\src\lib\mingw64/libocpplib.a(MakeStubs.o)
                              C:\orangec\src\ocpp\obj\mingw64\ppMain.o (MakeStubs::Run(std::ostream*))
C:\orangec\src\..\src\lib\mingw64/libocpplib.a(PipeArbitrator.o)
                              C:\orangec\src\ocpp\obj\mingw64\ppMain.o (PipeArbitrator::~PipeArbitrator())
C:\orangec\src\..\src\lib\mingw64/libocpplib.a(ppCtx.o)
                              C:\orangec\src\ocpp\obj\mingw64\ppMain.o (ppCtx::~ppCtx())
C:\orangec\src\..\src\lib\mingw64/libocpplib.a(ppDefine.o)
                              C:\orangec\src\ocpp\obj\mingw64\ppMain.o (ppDefine::Undefine(std::__cxx11::basic_string<char, std::char_traits<char>, std::allocator<char> > const&))
C:\orangec\src\..\src\lib\mingw64/libocpplib.a(ppExpr.o)
                              C:\orangec\src\ocpp\obj\mingw64\ppMain.o (ppExpr::Eval(std::__cxx11::basic_string<char, std::char_traits<char>, std::allocator<char> >&, bool))
C:\orangec\src\..\src\lib\mingw64/libocpplib.a(ppInclude.o)
                              C:\orangec\src\ocpp\obj\mingw64\ppMain.o (ppInclude::~ppInclude())
C:\orangec\src\..\src\lib\mingw64/libocpplib.a(ppMacro.o)
                              C:\orangec\src\ocpp\obj\mingw64\ppMain.o (ppMacro::ppMacro(ppInclude&, ppDefine&))
C:\orangec\src\..\src\lib\mingw64/libocpplib.a(ppPragma.o)
                              C:\orangec\src\ocpp\obj\mingw64\ppMain.o (Once::instance)
C:\orangec\src\..\src\lib\mingw64/libocpplib.a(PreProcessor.o)
                              C:\orangec\src\..\src\lib\mingw64/libocpplib.a(ppMacro.o) (PreProcessor::GetPreLine(std::__cxx11::basic_string<char, std::char_traits<char>, std::allocator<char> >&))
C:\orangec\src\..\src\lib\mingw64/libocpplib.a(SymbolTable.o)
                              C:\orangec\src\ocpp\obj\mingw64\ppMain.o (SymbolTable::~SymbolTable())
C:\orangec\src\..\src\lib\mingw64/libocpplib.a(Token.o)
                              C:\orangec\src\..\src\lib\mingw64/libocpplib.a(ppCtx.o) (Tokenizer::Next())
C:\orangec\src\..\src\lib\mingw64/libocpplib.a(Floating.o)
                              C:\orangec\src\..\src\lib\mingw64/libocpplib.a(Token.o) (FPF::SetZero(int))
C:\orangec\src\..\src\lib\mingw64/libocpplib.a(InputFile.o)
                              C:\orangec\src\..\src\lib\mingw64/libocpplib.a(ppInclude.o) (InputFile::GetErrorName(bool, std::__cxx11::basic_string<char, std::char_traits<char>, std::allocator<char> > const&))
C:\orangec\src\..\src\lib\mingw64/libocpplib.a(ppCond.o)
                              C:\orangec\src\..\src\lib\mingw64/libocpplib.a(ppInclude.o) (ppCond::~ppCond())
C:\orangec\src\..\src\lib\mingw64/libocpplib.a(ppError.o)
                              C:\orangec\src\..\src\lib\mingw64/libocpplib.a(PreProcessor.o) (ppError::Check(kw, std::__cxx11::basic_string<char, std::char_traits<char>, std::allocator<char> > const&))
C:\orangec\src\..\src\lib\mingw64/libocpplib.a(ppFile.o)
                              C:\orangec\src\..\src\lib\mingw64/libocpplib.a(ppInclude.o) (vtable for ppFile)
C:\orangec\src\..\src\lib\mingw64/libutil.a(CmdFiles.o)
                              C:\orangec\src\ocpp\obj\mingw64\ppMain.o (CmdFiles::~CmdFiles())
C:\orangec\src\..\src\lib\mingw64/libutil.a(CmdSwitch.o)
                              C:\orangec\src\ocpp\obj\mingw64\ppMain.o (CmdSwitchDefine::GetValue(int))
C:\orangec\src\..\src\lib\mingw64/libutil.a(crc.o)
                              C:\orangec\src\..\src\lib\mingw64/libocpplib.a(ppPragma.o) (Utils::PartialCRC32(unsigned int, unsigned char const*, unsigned long long))
C:\orangec\src\..\src\lib\mingw64/libutil.a(NamedPipe.o)
                              C:\orangec\src\..\src\lib\mingw64/libocpplib.a(PipeArbitrator.o) (Utils::NamedPipe(int*, std::__cxx11::basic_string<char, std::char_traits<char>, std::allocator<char> > const&))
C:\orangec\src\..\src\lib\mingw64/libutil.a(UTF8.o)
                              C:\orangec\src\..\src\lib\mingw64/libocpplib.a(InputFile.o) (UTF8::Encode(char*, int))
C:\orangec\src\..\src\lib\mingw64/libutil.a(UTF8Table.o)
                              C:\orangec\src\..\src\lib\mingw64/libocpplib.a(Token.o) (UTF8::IsAlpha(char const*))
C:\orangec\src\..\src\lib\mingw64/libutil.a(UTF8Upper.o)
                              C:\orangec\src\..\src\lib\mingw64/libutil.a(UTF8.o) (UTF8::ToUpper(int))
C:\orangec\src\..\src\lib\mingw64/libutil.a(Utils.o)
                              C:\orangec\src\ocpp\obj\mingw64\ppMain.o (Utils::banner(char const*))
C:/mingw64/w64/bin/../lib/gcc/x86_64-w64-mingw32/8.1.0/libstdc++.dll.a(d005880.o)
                              C:\orangec\src\ocpp\obj\mingw64\ppMain.o (__gxx_personality_seh0)
[...]
Memory Configuration

Name             Origin             Length             Attributes
*default*        0x0000000000000000 0xffffffffffffffff

Linker script and memory map

                0x0000000000400000                __image_base__ = 0x400000
                0x0000000000000000                __dll__ = 0x0
                0x0000000000400000                __ImageBase = 0x400000
                0x0000000000001000                __section_alignment__ = 0x1000
                0x0000000000000200                __file_alignment__ = 0x200
                0x0000000000000004                __major_os_version__ = 0x4
                0x0000000000000000                __minor_os_version__ = 0x0
                0x0000000000000000                __major_image_version__ = 0x0
                0x0000000000000000                __minor_image_version__ = 0x0
                0x0000000000000005                __major_subsystem_version__ = 0x5
                0x0000000000000002                __minor_subsystem_version__ = 0x2
                0x0000000000000003                __subsystem__ = 0x3
                0x0000000000200000                __size_of_stack_reserve__ = 0x200000
                0x0000000000001000                __size_of_stack_commit__ = 0x1000
                0x0000000000100000                __size_of_heap_reserve__ = 0x100000
                0x0000000000001000                __size_of_heap_commit__ = 0x1000
                0x0000000000000000                __loader_flags__ = 0x0
                0x0000000000000000                __dll_characteristics__ = 0x0
LOAD C:/mingw64/w64/bin/../lib/gcc/x86_64-w64-mingw32/8.1.0/../../../../x86_64-w64-mingw32/lib/../lib/crt2.o
LOAD C:/mingw64/w64/bin/../lib/gcc/x86_64-w64-mingw32/8.1.0/crtbegin.o
LOAD C:\orangec\src\ocpp\obj\mingw64\ppMain.o
LOAD C:\orangec\src\..\src\lib\mingw64/libocpplib.a
LOAD C:\orangec\src\..\src\lib\mingw64/libutil.a
LOAD C:/mingw64/w64/bin/../lib/gcc/x86_64-w64-mingw32/8.1.0/libstdc++.dll.a
LOAD C:/mingw64/w64/bin/../lib/gcc/x86_64-w64-mingw32/8.1.0/../../../../x86_64-w64-mingw32/lib/../lib/libcomctl32.a
LOAD C:/mingw64/w64/bin/../lib/gcc/x86_64-w64-mingw32/8.1.0/../../../../x86_64-w64-mingw32/lib/../lib/libgdi32.a
LOAD C:/mingw64/w64/bin/../lib/gcc/x86_64-w64-mingw32/8.1.0/../../../../x86_64-w64-mingw32/lib/../lib/libcomdlg32.a
LOAD C:/mingw64/w64/bin/../lib/gcc/x86_64-w64-mingw32/8.1.0/../../../../x86_64-w64-mingw32/lib/../lib/libole32.a
LOAD C:/mingw64/w64/bin/../lib/gcc/x86_64-w64-mingw32/8.1.0/../../../../x86_64-w64-mingw32/lib/../lib/libuxtheme.a
LOAD C:/mingw64/w64/bin/../lib/gcc/x86_64-w64-mingw32/8.1.0/../../../../x86_64-w64-mingw32/lib/../lib/libkernel32.a
LOAD C:/mingw64/w64/bin/../lib/gcc/x86_64-w64-mingw32/8.1.0/../../../../x86_64-w64-mingw32/lib/../lib/libmsimg32.a
LOAD C:/mingw64/w64/bin/../lib/gcc/x86_64-w64-mingw32/8.1.0/../../../../x86_64-w64-mingw32/lib/../lib/libuuid.a
LOAD C:/mingw64/w64/bin/../lib/gcc/x86_64-w64-mingw32/8.1.0/../../../../x86_64-w64-mingw32/lib/../lib/libmingw32.a
LOAD C:/mingw64/w64/bin/../lib/gcc/x86_64-w64-mingw32/8.1.0/libgcc.a
LOAD C:/mingw64/w64/bin/../lib/gcc/x86_64-w64-mingw32/8.1.0/libgcc_eh.a
LOAD C:/mingw64/w64/bin/../lib/gcc/x86_64-w64-mingw32/8.1.0/../../../../x86_64-w64-mingw32/lib/../lib/libmoldname.a
LOAD C:/mingw64/w64/bin/../lib/gcc/x86_64-w64-mingw32/8.1.0/../../../../x86_64-w64-mingw32/lib/../lib/libmingwex.a
LOAD C:/mingw64/w64/bin/../lib/gcc/x86_64-w64-mingw32/8.1.0/../../../../x86_64-w64-mingw32/lib/../lib/libmsvcrt.a
LOAD C:/mingw64/w64/bin/../lib/gcc/x86_64-w64-mingw32/8.1.0/../../../../x86_64-w64-mingw32/lib/../lib/libpthread.dll.a
LOAD C:/mingw64/w64/bin/../lib/gcc/x86_64-w64-mingw32/8.1.0/../../../../x86_64-w64-mingw32/lib/../lib/libadvapi32.a
LOAD C:/mingw64/w64/bin/../lib/gcc/x86_64-w64-mingw32/8.1.0/../../../../x86_64-w64-mingw32/lib/../lib/libshell32.a
LOAD C:/mingw64/w64/bin/../lib/gcc/x86_64-w64-mingw32/8.1.0/../../../../x86_64-w64-mingw32/lib/../lib/libuser32.a
LOAD C:/mingw64/w64/bin/../lib/gcc/x86_64-w64-mingw32/8.1.0/../../../../x86_64-w64-mingw32/lib/../lib/libkernel32.a
LOAD C:/mingw64/w64/bin/../lib/gcc/x86_64-w64-mingw32/8.1.0/../../../../x86_64-w64-mingw32/lib/../lib/libiconv.a
LOAD C:/mingw64/w64/bin/../lib/gcc/x86_64-w64-mingw32/8.1.0/../../../../x86_64-w64-mingw32/lib/../lib/libmingw32.a
LOAD C:/mingw64/w64/bin/../lib/gcc/x86_64-w64-mingw32/8.1.0/libgcc.a
LOAD C:/mingw64/w64/bin/../lib/gcc/x86_64-w64-mingw32/8.1.0/libgcc_eh.a
LOAD C:/mingw64/w64/bin/../lib/gcc/x86_64-w64-mingw32/8.1.0/../../../../x86_64-w64-mingw32/lib/../lib/libmoldname.a
LOAD C:/mingw64/w64/bin/../lib/gcc/x86_64-w64-mingw32/8.1.0/../../../../x86_64-w64-mingw32/lib/../lib/libmingwex.a
LOAD C:/mingw64/w64/bin/../lib/gcc/x86_64-w64-mingw32/8.1.0/../../../../x86_64-w64-mingw32/lib/../lib/libmsvcrt.a
LOAD C:/mingw64/w64/bin/../lib/gcc/x86_64-w64-mingw32/8.1.0/crtend.o
                0x0000000000000408                . = SIZEOF_HEADERS
                0x0000000000001000                . = ALIGN (__section_alignment__)

.text           0x0000000000401000    0x3d800
 *(.init)
 *(.text)
 .text          0x0000000000401000      0x530 C:/mingw64/w64/bin/../lib/gcc/x86_64-w64-mingw32/8.1.0/../../../../x86_64-w64-mingw32/lib/../lib/crt2.o
                0x00000000004014b0                WinMainCRTStartup
                0x00000000004014e0                mainCRTStartup
                0x0000000000401510                atexit
 .text          0x0000000000401530       0x20 C:/mingw64/w64/bin/../lib/gcc/x86_64-w64-mingw32/8.1.0/crtbegin.o
                0x0000000000401530                __gcc_register_frame
                0x0000000000401540                __gcc_deregister_frame
 .text          0x0000000000401550     0x58b0 C:\orangec\src\ocpp\obj\mingw64\ppMain.o
                0x0000000000402e30                ppMain::Run(int, char**)
 .text          0x0000000000406e00      0x9c0 C:\orangec\src\..\src\lib\mingw64/libocpplib.a(Errors.o)
                0x0000000000406e40                Errors::ErrorWithLine(std::__cxx11::basic_string<char, std::char_traits<char>, std::allocator<char> > const&, std::__cxx11::basic_string<char, std::char_traits<char>, std::allocator<char> >&, int)
                0x0000000000406f60                Errors::WarningWithLine(std::__cxx11::basic_string<char, std::char_traits<char>, std::allocator<char> > const&, std::__cxx11::basic_string<char, std::char_traits<char>, std::allocator<char> >&, int)
                0x00000000004070a0                Errors::TrivialWarningWithLine(std::__cxx11::basic_string<char, std::char_traits<char>, std::allocator<char> > const&, std::__cxx11::basic_string<char, std::char_traits<char>, std::allocator<char> >&, int)
                0x00000000004071e0                Errors::Previous(std::__cxx11::basic_string<char, std::char_traits<char>, std::allocator<char> > const&, int, std::__cxx11::basic_string<char, std::char_traits<char>, std::allocator<char> > const&)
                0x00000000004072c0                Errors::ErrorCount()
                0x0000000000407390                Errors::ToNum[abi:cxx11](long long)
                0x00000000004073b0                Errors::GetErrorLine()
                0x00000000004073d0                Errors::FileName()
                0x00000000004074c0                Errors::Error(std::__cxx11::basic_string<char, std::char_traits<char>, std::allocator<char> > const&)
                0x0000000000407590                Errors::Warning(std::__cxx11::basic_string<char, std::char_traits<char>, std::allocator<char> > const&)
                0x0000000000407680                Errors::TrivialWarning(std::__cxx11::basic_string<char, std::char_traits<char>, std::allocator<char> > const&)
                0x0000000000407770                Errors::GetFileName[abi:cxx11]()
 .text          0x00000000004077c0     0x1200 C:\orangec\src\..\src\lib\mingw64/libocpplib.a(MakeStubs.o)
                0x0000000000407800                MakeStubs::Run(std::ostream*)
 .text          0x00000000004089c0       0xe0 C:\orangec\src\..\src\lib\mingw64/libocpplib.a(PipeArbitrator.o)
                0x00000000004089c0                PipeArbitrator::~PipeArbitrator()
                0x00000000004089c0                PipeArbitrator::~PipeArbitrator()
                0x00000000004089e0                PipeArbitrator::Init(std::__cxx11::basic_string<char, std::char_traits<char>, std::allocator<char> > const&)
                0x0000000000408a10                PipeArbitrator::OpenFile(std::__cxx11::basic_string<char, std::char_traits<char>, std::allocator<char> > const&)
 .text          0x0000000000408aa0      0x7c0 C:\orangec\src\..\src\lib\mingw64/libocpplib.a(ppCtx.o)
                0x0000000000408aa0                ppCtx::~ppCtx()
                0x0000000000408aa0                ppCtx::~ppCtx()
                0x0000000000408c50                ppCtx::pop()
                0x0000000000408d80                ppCtx::GetId(std::__cxx11::basic_string<char, std::char_traits<char>, std::allocator<char> >&)
                0x0000000000408ee0                ppCtx::repl(std::__cxx11::basic_string<char, std::char_traits<char>, std::allocator<char> >&)
                0x0000000000409050                ppCtx::push(std::__cxx11::basic_string<char, std::char_traits<char>, std::allocator<char> >&)
                0x0000000000409220                ppCtx::Check(kw, std::__cxx11::basic_string<char, std::char_traits<char>, std::allocator<char> >&)
 .text          0x0000000000409260     0x8090 C:\orangec\src\..\src\lib\mingw64/libocpplib.a(ppDefine.o)
                0x00000000004092e0                ppDefine::SetDefaults()
                0x00000000004094a0                ppDefine::Tokenize(std::__cxx11::basic_string<char, std::char_traits<char>, std::allocator<char> >&)
                0x00000000004097e0                ppDefine::NotSlashed(std::__cxx11::basic_string<char, std::char_traits<char>, std::allocator<char> > const&, int)
                0x0000000000409830                ppDefine::ppNumber(std::__cxx11::basic_string<char, std::char_traits<char>, std::allocator<char> > const&, int, int)
                0x00000000004099e0                ppDefine::Undefine(std::__cxx11::basic_string<char, std::char_traits<char>, std::allocator<char> > const&)
                0x0000000000409a20                ppDefine::Lookup(std::__cxx11::basic_string<char, std::char_traits<char>, std::allocator<char> > const&)
                0x0000000000409a50                ppDefine::ppDefine(bool, ppInclude*, bool, bool)
                0x0000000000409a50                ppDefine::ppDefine(bool, ppInclude*, bool, bool)
                0x000000000040a010                ppDefine::SyntaxError(std::__cxx11::basic_string<char, std::char_traits<char>, std::allocator<char> > const&)
                0x000000000040a110                ppDefine::replaceDefined(std::__cxx11::basic_string<char, std::char_traits<char>, std::allocator<char> >&)
                0x000000000040a4e0                ppDefine::ReplaceAsmMacros(std::__cxx11::basic_string<char, std::char_traits<char>, std::allocator<char> >&)
                0x000000000040a8c0                ppDefine::Stringize(std::__cxx11::basic_string<char, std::char_traits<char>, std::allocator<char> >&)
                0x000000000040b040                ppDefine::defid(std::__cxx11::basic_string<char, std::char_traits<char>, std::allocator<char> > const&, int&, int&)
                0x000000000040b440                ppDefine::SetupAlreadyReplaced(std::__cxx11::basic_string<char, std::char_traits<char>, std::allocator<char> >&)
                0x000000000040b6c0                ppDefine::ParseAsmSubstitutions(std::__cxx11::basic_string<char, std::char_traits<char>, std::allocator<char> >&)
                0x000000000040bed0                ppDefine::LookupDefault(std::__cxx11::basic_string<char, std::char_traits<char>, std::allocator<char> >&, int, int, std::__cxx11::basic_string<char, std::char_traits<char>, std::allocator<char> > const&)
                0x000000000040c4c0                ppDefine::InsertReplacementString(std::__cxx11::basic_string<char, std::char_traits<char>, std::allocator<char> >&, int, int, std::__cxx11::basic_string<char, std::char_traits<char>, std::allocator<char> >, std::__cxx11::basic_string<char, std::char_traits<char>, std::allocator<char> >)
                0x000000000040c860                ppDefine::ReplaceArgs(std::__cxx11::basic_string<char, std::char_traits<char>, std::allocator<char> >&, std::vector<std::__cxx11::basic_string<char, std::char_traits<char>, std::allocator<char> >, std::allocator<std::__cxx11::basic_string<char, std::char_traits<char>, std::allocator<char> > > > const&, std::vector<std::__cxx11::basic_string<char, std::char_traits<char>, std::allocator<char> >, std::allocator<std::__cxx11::basic_string<char, std::char_traits<char>, std::allocator<char> > > > const&, std::vector<std::__cxx11::basic_string<char, std::char_traits<char>, std::allocator<char> >, std::allocator<std::__cxx11::basic_string<char, std::char_traits<char>, std::allocator<char> > > > const&, std::__cxx11::basic_string<char, std::char_traits<char>, std::allocator<char> >)
                0x000000000040ce30                ppDefine::DoUndefine(std::__cxx11::basic_string<char, std::char_traits<char>, std::allocator<char> >&)
                0x000000000040cf60                ppDefine::Definition::operator=(ppDefine::Definition const&)
                0x000000000040d090                ppDefine::Definition::Definition(ppDefine::Definition const&)
                0x000000000040d090                ppDefine::Definition::Definition(ppDefine::Definition const&)
                0x000000000040d280                ppDefine::ReplaceSegment(std::__cxx11::basic_string<char, std::char_traits<char>, std::allocator<char> >&, int, int, int&, bool, std::deque<ppDefine::Definition*, std::allocator<ppDefine::Definition*> >&, std::deque<ppDefine::TokenPos, std::allocator<ppDefine::TokenPos> >*)
                0x000000000040ec70                ppDefine::Process(std::__cxx11::basic_string<char, std::char_traits<char>, std::allocator<char> >&, bool)
                0x000000000040f230                ppDefine::Define(std::__cxx11::basic_string<char, std::char_traits<char>, std::allocator<char> > const&, std::__cxx11::basic_string<char, std::char_traits<char>, std::allocator<char> >&, std::vector<std::__cxx11::basic_string<char, std::char_traits<char>, std::allocator<char> >, std::allocator<std::__cxx11::basic_string<char, std::char_traits<char>, std::allocator<char> > > >*, bool, bool, bool, bool)
                0x00000000004104f0                ppDefine::DoDefine(std::__cxx11::basic_string<char, std::char_traits<char>, std::allocator<char> >&, bool)
                0x0000000000410cd0                ppDefine::Check(kw, std::__cxx11::basic_string<char, std::char_traits<char>, std::allocator<char> >&)
                0x0000000000410d40                ppDefine::DoAssign(std::__cxx11::basic_string<char, std::char_traits<char>, std::allocator<char> >&, bool)
                0x0000000000411090                ppDefine::PushPopMacro(std::__cxx11::basic_string<char, std::char_traits<char>, std::allocator<char> >, bool)
 .text          0x00000000004112f0     0x1660 C:\orangec\src\..\src\lib\mingw64/libocpplib.a(ppExpr.o)
                0x0000000000411390                ppExpr::primary(std::__cxx11::basic_string<char, std::char_traits<char>, std::allocator<char> >&, bool&)
                0x0000000000411c00                ppExpr::unary(std::__cxx11::basic_string<char, std::char_traits<char>, std::allocator<char> >&, bool&)
                0x0000000000411d20                ppExpr::multiply(std::__cxx11::basic_string<char, std::char_traits<char>, std::allocator<char> >&, bool&)
                0x0000000000411e10                ppExpr::add(std::__cxx11::basic_string<char, std::char_traits<char>, std::allocator<char> >&, bool&)
                0x0000000000411e90                ppExpr::shift(std::__cxx11::basic_string<char, std::char_traits<char>, std::allocator<char> >&, bool&)
                0x0000000000411f30                ppExpr::relation(std::__cxx11::basic_string<char, std::char_traits<char>, std::allocator<char> >&, bool&)
                0x0000000000412050                ppExpr::equal(std::__cxx11::basic_string<char, std::char_traits<char>, std::allocator<char> >&, bool&)
                0x00000000004120e0                ppExpr::and_(std::__cxx11::basic_string<char, std::char_traits<char>, std::allocator<char> >&, bool&)
                0x0000000000412160                ppExpr::xor_(std::__cxx11::basic_string<char, std::char_traits<char>, std::allocator<char> >&, bool&)
                0x00000000004121e0                ppExpr::or_(std::__cxx11::basic_string<char, std::char_traits<char>, std::allocator<char> >&, bool&)
                0x0000000000412260                ppExpr::logicaland(std::__cxx11::basic_string<char, std::char_traits<char>, std::allocator<char> >&, bool&)
                0x00000000004122f0                ppExpr::logicalor(std::__cxx11::basic_string<char, std::char_traits<char>, std::allocator<char> >&, bool&)
                0x0000000000412370                ppExpr::conditional(std::__cxx11::basic_string<char, std::char_traits<char>, std::allocator<char> >&, bool&)
                0x00000000004124c0                ppExpr::comma_(std::__cxx11::basic_string<char, std::char_traits<char>, std::allocator<char> >&, bool&)
                0x0000000000412540                ppExpr::Eval(std::__cxx11::basic_string<char, std::char_traits<char>, std::allocator<char> >&, bool)
 .text          0x0000000000412950     0x3220 C:\orangec\src\..\src\lib\mingw64/libocpplib.a(ppInclude.o)
                0x00000000004129c0                ppInclude::popFile()
                0x0000000000412b50                ppInclude::RetrievePath(char*, char const*)
                0x0000000000412b90                ppInclude::AddName(char*, std::__cxx11::basic_string<char, std::char_traits<char>, std::allocator<char> > const&)
                0x0000000000412bd0                ppInclude::StripAsmComment(std::__cxx11::basic_string<char, std::char_traits<char>, std::allocator<char> >&)
                0x0000000000412d60                ppInclude::GetLine(std::__cxx11::basic_string<char, std::char_traits<char>, std::allocator<char> >&, int&)
                0x0000000000412fb0                ppInclude::~ppInclude()
                0x0000000000412fb0                ppInclude::~ppInclude()
                0x00000000004131f0                ppInclude::ParseName(std::__cxx11::basic_string<char, std::char_traits<char>, std::allocator<char> > const&, bool&)
                0x00000000004133d0                ppInclude::SrchPath(bool, std::__cxx11::basic_string<char, std::char_traits<char>, std::allocator<char> > const&, std::__cxx11::basic_string<char, std::char_traits<char>, std::allocator<char> > const&, bool, int&)
                0x00000000004136c0                ppInclude::FindFile(bool, std::__cxx11::basic_string<char, std::char_traits<char>, std::allocator<char> > const&, bool, int&, bool&)
                0x0000000000413ff0                ppInclude::has_include_next(std::__cxx11::basic_string<char, std::char_traits<char>, std::allocator<char> > const&)
                0x00000000004141d0                ppInclude::has_include(std::__cxx11::basic_string<char, std::char_traits<char>, std::allocator<char> > const&)
                0x00000000004143b0                ppInclude::CheckLine(kw, std::__cxx11::basic_string<char, std::char_traits<char>, std::allocator<char> > const&)
                0x0000000000414690                ppInclude::pushFile(std::__cxx11::basic_string<char, std::char_traits<char>, std::allocator<char> > const&, std::__cxx11::basic_string<char, std::char_traits<char>, std::allocator<char> > const&, bool, bool, int)
                0x00000000004156d0                ppInclude::CheckInclude(kw, std::__cxx11::basic_string<char, std::char_traits<char>, std::allocator<char> > const&)
                0x0000000000415b00                ppInclude::Check(kw, std::__cxx11::basic_string<char, std::char_traits<char>, std::allocator<char> > const&)
 .text          0x0000000000415b70     0x2be0 C:\orangec\src\..\src\lib\mingw64/libocpplib.a(ppMacro.o)
                0x0000000000415c50                ppMacro::ppMacro(ppInclude&, ppDefine&)
                0x0000000000415c50                ppMacro::ppMacro(ppInclude&, ppDefine&)
                0x0000000000415ce0                ppMacro::~ppMacro()
                0x0000000000415ce0                ppMacro::~ppMacro()
                0x0000000000415f00                ppMacro::HandleExitRep()
                0x0000000000416010                ppMacro::GetLine(std::__cxx11::basic_string<char, std::char_traits<char>, std::allocator<char> >&, int&)
                0x0000000000416180                ppMacro::reverse(std::vector<std::__cxx11::basic_string<char, std::char_traits<char>, std::allocator<char> >, std::allocator<std::__cxx11::basic_string<char, std::char_traits<char>, std::allocator<char> > > >&, int, int)
                0x00000000004161f0                ppMacro::GetTopMacro()
                0x0000000000416250                ppMacro::HandleEndMacro()
                0x00000000004162c0                ppMacro::HandleEndRep()
                0x0000000000416330                ppMacro::HandleRotate(std::__cxx11::basic_string<char, std::char_traits<char>, std::allocator<char> >&)
                0x0000000000416530                ppMacro::ExtractArg(std::__cxx11::basic_string<char, std::char_traits<char>, std::allocator<char> >&)
                0x00000000004167f0                ppMacro::GetArgs(int, std::__cxx11::basic_string<char, std::char_traits<char>, std::allocator<char> >&, std::vector<std::__cxx11::basic_string<char, std::char_traits<char>, std::allocator<char> >, std::allocator<std::__cxx11::basic_string<char, std::char_traits<char>, std::allocator<char> > > >&)
                0x00000000004169f0                ppMacro::HandleRep(std::__cxx11::basic_string<char, std::char_traits<char>, std::allocator<char> >&)
                0x0000000000417270                ppMacro::Invoke(std::__cxx11::basic_string<char, std::char_traits<char>, std::allocator<char> >, std::__cxx11::basic_string<char, std::char_traits<char>, std::allocator<char> >)
                0x0000000000417770                ppMacro::HandleMacro(std::__cxx11::basic_string<char, std::char_traits<char>, std::allocator<char> >&, bool)
                0x00000000004184d0                ppMacro::Check(kw, std::__cxx11::basic_string<char, std::char_traits<char>, std::allocator<char> >&)
 .text          0x0000000000418750     0x2800 C:\orangec\src\..\src\lib\mingw64/libocpplib.a(ppPragma.o)
                0x00000000004187d0                Once::TriggerEOF()
                0x00000000004187e0                Once::OnceItem::operator<(Once::OnceItem const&) const
                0x0000000000418800                Once::OnceItem::SetParams(std::__cxx11::basic_string<char, std::char_traits<char>, std::allocator<char> > const&)
                0x00000000004188d0                ppPragma::HandleFar(Tokenizer&)
                0x00000000004188e0                ppPragma::HandleIgnoreGlobalInit(Tokenizer&)
                0x0000000000418930                Startups::~Startups()
                0x0000000000418930                Startups::~Startups()
                0x0000000000418940                Once::AddToList()
                0x0000000000418a20                ppPragma::HandleOnce(Tokenizer&)
                0x0000000000418ae0                ppPragma::HandleError(Tokenizer&)
                0x0000000000418b50                ppPragma::HandlePushPopMacro(Tokenizer&, bool)
                0x0000000000418ce0                ppPragma::HandleLibrary(Tokenizer&)
                0x0000000000418e90                ppPragma::HandleAlias(Tokenizer&)
                0x0000000000418fe0                ppPragma::HandleSR(Tokenizer&, bool)
                0x0000000000419250                ppPragma::HandlePack(Tokenizer&)
                0x0000000000419680                ppPragma::HandleSTDC(Tokenizer&)
                0x0000000000419c60                ppPragma::StdPragmas()
                0x000000000041a140                ppPragma::HandleWarning(Tokenizer&)
                0x000000000041ab50                ppPragma::ParsePragma(std::__cxx11::basic_string<char, std::char_traits<char>, std::allocator<char> > const&)
                0x000000000041af20                ppPragma::Check(kw, std::__cxx11::basic_string<char, std::char_traits<char>, std::allocator<char> > const&)
 .text          0x000000000041af50     0x2640 C:\orangec\src\..\src\lib\mingw64/libocpplib.a(PreProcessor.o)
                0x000000000041af50                PreProcessor::GetPreLine(std::__cxx11::basic_string<char, std::char_traits<char>, std::allocator<char> >&)
                0x000000000041b160                PreProcessor::StripDigraphs(std::__cxx11::basic_string<char, std::char_traits<char>, std::allocator<char> >)
                0x000000000041b5b0                PreProcessor::InitHash()
                0x000000000041ca10                PreProcessor::GetLine(std::__cxx11::basic_string<char, std::char_traits<char>, std::allocator<char> >&)
 .text          0x000000000041d590      0x470 C:\orangec\src\..\src\lib\mingw64/libocpplib.a(SymbolTable.o)
                0x000000000041d5c0                SymbolTable::~SymbolTable()
                0x000000000041d660                SymbolTable::~SymbolTable()
                0x000000000041d660                SymbolTable::~SymbolTable()
                0x000000000041d700                SymbolTable::Remove(Symbol*)
                0x000000000041d870                SymbolTable::Add(Symbol*)
 .text          0x000000000041da00     0x2470 C:\orangec\src\..\src\lib\mingw64/libocpplib.a(Token.o)
                0x000000000041da30                NumericToken::GetInteger() const
                0x000000000041da50                NumericToken::GetFloat() const
                0x000000000041dab0                Tokenizer::IsSymbolCharDefault(char const*, bool)
                0x000000000041db50                StringToken::Start(std::__cxx11::basic_string<char, std::char_traits<char>, std::allocator<char> > const&)
                0x000000000041db80                CharacterToken::Start(std::__cxx11::basic_string<char, std::char_traits<char>, std::allocator<char> > const&)
                0x000000000041dbb0                CharacterToken::QuotedChar(int, char const**)
                0x000000000041ddc0                NumericToken::Start(std::__cxx11::basic_string<char, std::char_traits<char>, std::allocator<char> > const&)
                0x000000000041ddf0                NumericToken::Radix36(char)
                0x000000000041de30                NumericToken::GetFraction(int, char**, FPF&)
                0x000000000041dfa0                KeywordToken::Start(std::__cxx11::basic_string<char, std::char_traits<char>, std::allocator<char> > const&)
                0x000000000041dfc0                IdentifierToken::Start(std::__cxx11::basic_string<char, std::char_traits<char>, std::allocator<char> > const&)
                0x000000000041dfd0                ErrorToken::Parse(std::__cxx11::basic_string<char, std::char_traits<char>, std::allocator<char> >&)
                0x000000000041e080                NumericToken::GetBase(int, char**)
                0x000000000041e190                NumericToken::GetExponent(char**)
                0x000000000041e200                NumericToken::GetFloating(FPF&, int, char**)
                0x000000000041e430                Tokenizer::Reset(std::__cxx11::basic_string<char, std::char_traits<char>, std::allocator<char> > const&)
                0x000000000041e600                CharacterToken::Parse(std::__cxx11::basic_string<char, std::char_traits<char>, std::allocator<char> >&)
                0x000000000041e7a0                IdentifierToken::Parse(std::__cxx11::basic_string<char, std::char_traits<char>, std::allocator<char> >&)
                0x000000000041ea50                KeywordToken::Parse(std::__cxx11::basic_string<char, std::char_traits<char>, std::allocator<char> >&)
                0x000000000041ed00                NumericToken::GetNumber(char const**)
                0x000000000041f4f0                NumericToken::Parse(std::__cxx11::basic_string<char, std::char_traits<char>, std::allocator<char> >&)
                0x000000000041f5d0                StringToken::Parse(std::__cxx11::basic_string<char, std::char_traits<char>, std::allocator<char> >&)
                0x000000000041f990                Tokenizer::Next()
 .text          0x000000000041fe70     0x2660 C:\orangec\src\..\src\lib\mingw64/libocpplib.a(Floating.o)
                0x000000000041fee0                FPF::SetZero(int)
                0x000000000041ff00                FPF::SetInfinity(int)
                0x000000000041ff20                FPF::SetNaN()
                0x000000000041ff50                FPF::ValueIsOne() const
                0x000000000041ff90                FPF::ValueIsZero() const
                0x000000000041ffa0                FPF::operator==(FPF const&)
                0x0000000000420010                FPF::operator>(FPF&)
                0x00000000004200f0                FPF::operator>=(FPF&)
                0x0000000000420130                FPF::IsMantissaZero() const
                0x0000000000420150                FPF::IsMantissaOne() const
                0x0000000000420180                FPF::Add16Bits(unsigned short*, unsigned short*, unsigned short, unsigned short)
                0x00000000004201b0                FPF::Sub16Bits(unsigned short*, unsigned short*, unsigned short, unsigned short)
                0x00000000004201e0                FPF::ShiftMantLeft1(unsigned short*)
                0x0000000000420210                FPF::ShiftMantRight1(unsigned short*)
                0x0000000000420250                FPF::StickyShiftRightMant(int)
                0x00000000004202d0                FPF::Normalize()
                0x0000000000420330                FPF::Denormalize(int)
                0x0000000000420440                FPF::Round()
                0x00000000004204d0                FPF::choose_nan(FPF const&, FPF const&, bool)
                0x0000000000420560                FPF::AddSub(int, FPF const&, FPF const&)
                0x00000000004209a0                FPF::Multiply(FPF const&, FPF const&)
                0x0000000000420ea0                FPF::Init()
                0x0000000000420ec0                FPF::Divide(FPF const&, FPF const&)
                0x00000000004212a0                FPF::FromLongLong(long long)
                0x0000000000421360                FPF::FromUnsignedLongLong(unsigned long long)
                0x00000000004213c0                FPF::TensExponent() const
                0x00000000004213e0                FPF::MultiplyPowTen(int)
                0x0000000000421660                FPF::ToString(std::__cxx11::basic_string<char, std::char_traits<char>, std::allocator<char> >&) const
                0x0000000000421bf0                FPF::ToLongLong() const
                0x0000000000421ce0                FPF::ToFloat(unsigned char*) const
                0x0000000000421dd0                FPF::ToDouble(unsigned char*) const
                0x0000000000422020                FPF::ToLongDouble(unsigned char*) const
                0x0000000000422300                FPF::Truncate(int, int, int)
 .text          0x00000000004224d0      0x790 C:\orangec\src\..\src\lib\mingw64/libocpplib.a(InputFile.o)
                0x0000000000422600                InputFile::GetErrorName(bool, std::__cxx11::basic_string<char, std::char_traits<char>, std::allocator<char> > const&)
                0x00000000004226b0                InputFile::ReadString(char*, int)
                0x00000000004226d0                InputFile::ReadLine(char*)
                0x0000000000422750                InputFile::CheckUTF8BOM()
                0x0000000000422820                InputFile::Open()
                0x00000000004228c0                InputFile::GetLine(std::__cxx11::basic_string<char, std::char_traits<char>, std::allocator<char> >&)
                0x0000000000422a60                InputFile::CheckErrors()
                0x0000000000422bf0                InputFile::~InputFile()
                0x0000000000422bf0                InputFile::~InputFile()
                0x0000000000422c40                InputFile::~InputFile()
 .text          0x0000000000422c60     0x1ed0 C:\orangec\src\..\src\lib\mingw64/libocpplib.a(ppCond.o)
                0x0000000000422c60                ppCond::~ppCond()
                0x0000000000422c60                ppCond::~ppCond()
                0x0000000000422e50                ppCond::CheckErrors()
                0x0000000000422f70                ppCond::HandleIf(bool, std::__cxx11::basic_string<char, std::char_traits<char>, std::allocator<char> > const&, int)
                0x0000000000423090                ppCond::ansieol(std::__cxx11::basic_string<char, std::char_traits<char>, std::allocator<char> > const&)
                0x0000000000423130                ppCond::HandleElif(bool, std::__cxx11::basic_string<char, std::char_traits<char>, std::allocator<char> > const&)
                0x0000000000423200                ppCond::HandleEndIf(std::__cxx11::basic_string<char, std::char_traits<char>, std::allocator<char> >&)
                0x0000000000423350                ppCond::HandleIdn(std::__cxx11::basic_string<char, std::char_traits<char>, std::allocator<char> >&, bool, bool, bool, int)
                0x00000000004239e0                ppCond::HandleElse(std::__cxx11::basic_string<char, std::char_traits<char>, std::allocator<char> >&)
                0x0000000000423d60                ppCond::HandleDef(std::__cxx11::basic_string<char, std::char_traits<char>, std::allocator<char> >&, bool, bool, int)
                0x0000000000424000                ppCond::HandleId(std::__cxx11::basic_string<char, std::char_traits<char>, std::allocator<char> >&, bool, bool, int)
                0x0000000000424160                ppCond::HandleNum(std::__cxx11::basic_string<char, std::char_traits<char>, std::allocator<char> >&, bool, bool, int)
                0x00000000004242c0                ppCond::HandleStr(std::__cxx11::basic_string<char, std::char_traits<char>, std::allocator<char> >&, bool, bool, int)
                0x0000000000424420                ppCond::HandleCtx(std::__cxx11::basic_string<char, std::char_traits<char>, std::allocator<char> >&, bool, bool, int)
                0x0000000000424640                ppCond::Check(kw, std::__cxx11::basic_string<char, std::char_traits<char>, std::allocator<char> > const&, int)
 .text          0x0000000000424b30       0xa0 C:\orangec\src\..\src\lib\mingw64/libocpplib.a(ppError.o)
                0x0000000000424b30                ppError::Check(kw, std::__cxx11::basic_string<char, std::char_traits<char>, std::allocator<char> > const&)
 .text          0x0000000000424bd0      0xb20 C:\orangec\src\..\src\lib\mingw64/libocpplib.a(ppFile.o)
                0x0000000000424bd0                ppFile::StripComment(char*)
                0x0000000000424d40                ppFile::StripTrigraphs(char*)
                0x0000000000424e30                ppFile::GetLine(std::__cxx11::basic_string<char, std::char_traits<char>, std::allocator<char> >&)
 .text          0x00000000004256f0     0x1330 C:\orangec\src\..\src\lib\mingw64/libutil.a(CmdFiles.o)
                0x00000000004256f0                CmdFiles::~CmdFiles()
                0x00000000004256f0                CmdFiles::~CmdFiles()
                0x0000000000425750                CmdFiles::Add(std::__cxx11::basic_string<char, std::char_traits<char>, std::allocator<char> > const&, bool)
                0x00000000004260f0                CmdFiles::Add(char**, bool)
                0x00000000004261a0                CmdFiles::RecurseDirs(std::__cxx11::basic_string<char, std::char_traits<char>, std::allocator<char> > const&, std::__cxx11::basic_string<char, std::char_traits<char>, std::allocator<char> > const&, bool)
                0x0000000000426710                CmdFiles::AddFromPath(std::__cxx11::basic_string<char, std::char_traits<char>, std::allocator<char> > const&, std::__cxx11::basic_string<char, std::char_traits<char>, std::allocator<char> > const&)
 .text          0x0000000000426a20     0x2230 C:\orangec\src\..\src\lib\mingw64/libutil.a(CmdSwitch.o)
                0x0000000000426a20                CmdSwitchBool::Parse(char const*)
                0x0000000000426a50                CmdSwitchString::Parse(char const*)
                0x0000000000426b70                CmdSwitchCombineString::Parse(char const*)
                0x0000000000426b90                CmdSwitchCombo::Parse(char const*)
                0x0000000000426c00                CmdSwitchOutput::Parse(char const*)
                0x0000000000426ca0                CmdSwitchDefine::GetValue(int)
                0x0000000000426cc0                CmdSwitchFile::GetStr(char*)
                0x0000000000426f90                CmdSwitchParser::ScanEnv(char*, unsigned long long, char const*)
                0x0000000000427050                CmdSwitchDefine::~CmdSwitchDefine()
                0x0000000000427050                CmdSwitchDefine::~CmdSwitchDefine()
                0x00000000004271c0                CmdSwitchDefine::~CmdSwitchDefine()
                0x0000000000427350                CmdSwitchDefine::Parse(char const*)
                0x0000000000427700                CmdSwitchInt::Parse(char const*)
                0x0000000000427870                CmdSwitchHex::Parse(char const*)
                0x00000000004279d0                CmdSwitchParser::Find(char const*, bool, bool)
                0x0000000000427f40                CmdSwitchParser::Parse(int*, char**)
                0x0000000000428310                CmdSwitchFile::Dispatch(char*)
                0x00000000004284a0                CmdSwitchFile::Parse(char const*)
                0x00000000004288b0                CmdSwitchParser::Parse(std::__cxx11::basic_string<char, std::char_traits<char>, std::allocator<char> > const&, int*, char**)
                0x00000000004289b0                CmdSwitchBase::CmdSwitchBase(CmdSwitchParser&, char, std::deque<std::__cxx11::basic_string<char, std::char_traits<char>, std::allocator<char> >, std::allocator<std::__cxx11::basic_string<char, std::char_traits<char>, std::allocator<char> > > >)
                0x00000000004289b0                CmdSwitchBase::CmdSwitchBase(CmdSwitchParser&, char, std::deque<std::__cxx11::basic_string<char, std::char_traits<char>, std::allocator<char> >, std::allocator<std::__cxx11::basic_string<char, std::char_traits<char>, std::allocator<char> > > >)
 .text          0x0000000000428c50       0x40 C:\orangec\src\..\src\lib\mingw64/libutil.a(crc.o)
                0x0000000000428c50                Utils::PartialCRC32(unsigned int, unsigned char const*, unsigned long long)
 .text          0x0000000000428c90      0x370 C:\orangec\src\..\src\lib\mingw64/libutil.a(NamedPipe.o)
                0x0000000000428d40                Utils::NamedPipe(int*, std::__cxx11::basic_string<char, std::char_traits<char>, std::allocator<char> > const&)
                0x0000000000428dc0                Utils::PipeWrite(int, std::__cxx11::basic_string<char, std::char_traits<char>, std::allocator<char> > const&)
                0x0000000000428e60                Utils::PipeRead[abi:cxx11](int)
 .text          0x0000000000429000      0x460 C:\orangec\src\..\src\lib\mingw64/libutil.a(UTF8.o)
                0x0000000000429000                UTF8::Decode(char const*)
                0x0000000000429110                UTF8::Encode(char*, int)
                0x00000000004291a0                UTF8::CharSpan(char const*)
                0x0000000000429200                UTF8::Span(char const*)
                0x00000000004292a0                UTF8::ToUpper(std::__cxx11::basic_string<char, std::char_traits<char>, std::allocator<char> > const&)
 .text          0x0000000000429460      0x140 C:\orangec\src\..\src\lib\mingw64/libutil.a(UTF8Table.o)
                0x0000000000429460                UTF8::IsAlpha(int)
                0x00000000004294e0                UTF8::IsAlnum(int)
                0x0000000000429560                UTF8::IsAlpha(char const*)
                0x0000000000429580                UTF8::IsAlnum(char const*)
 .text          0x00000000004295a0       0x80 C:\orangec\src\..\src\lib\mingw64/libutil.a(UTF8Upper.o)
                0x00000000004295a0                UTF8::ToUpper(int)
 .text          0x0000000000429620     0x3200 C:\orangec\src\..\src\lib\mingw64/libutil.a(Utils.o)
                0x0000000000429630                Utils::ShortName(char const*)
                0x00000000004296e0                Utils::banner(char const*)
                0x0000000000429980                Utils::ScreenHeight()
                0x00000000004299c0                Utils::GetModuleName()
                0x00000000004299f0                Utils::SetEnvironmentToPathParent(char const*)
                0x0000000000429bc0                Utils::FullQualify(char*)
                0x0000000000429d40                Utils::HasLocalExe(std::__cxx11::basic_string<char, std::char_traits<char>, std::allocator<char> > const&)
                0x0000000000429e00                Utils::iequal(std::__cxx11::basic_string<char, std::char_traits<char>, std::allocator<char> > const&, std::__cxx11::basic_string<char, std::char_traits<char>, std::allocator<char> > const&, int)
                0x0000000000429eb0                Utils::TempName(std::__cxx11::basic_string<char, std::char_traits<char>, std::allocator<char> >&)
                0x000000000042a0a0                Utils::AddExt(char*, char const*)
                0x000000000042a0f0                Utils::StripExt(char*)
                0x000000000042a120                Utils::FileExists(char const*)
                0x000000000042a140                Utils::StringToNumber(std::__cxx11::basic_string<char, std::char_traits<char>, std::allocator<char> >)
                0x000000000042a170                Utils::StringToNumberHex(std::__cxx11::basic_string<char, std::char_traits<char>, std::allocator<char> >)
                0x000000000042a1a0                Utils::NumberToStringHex[abi:cxx11](int)
                0x000000000042a590                Utils::GetLine(char const**, std::__cxx11::basic_string<char, std::char_traits<char>, std::allocator<char> >&)
                0x000000000042a6a0                Utils::usage(char const*, char const*)
                0x000000000042a7e0                Utils::QualifiedFile[abi:cxx11](char const*, char const*)
                0x000000000042a8f0                Utils::HasExt(char const*, char const*)
                0x000000000042aa00                Utils::FullPath(std::__cxx11::basic_string<char, std::char_traits<char>, std::allocator<char> > const&, std::__cxx11::basic_string<char, std::char_traits<char>, std::allocator<char> > const&)
                0x000000000042b290                Utils::AbsolutePath(std::__cxx11::basic_string<char, std::char_traits<char>, std::allocator<char> > const&)
                0x000000000042bb40                Utils::SearchForFile(std::__cxx11::basic_string<char, std::char_traits<char>, std::allocator<char> > const&, std::__cxx11::basic_string<char, std::char_traits<char>, std::allocator<char> > const&)
                0x000000000042bf10                Utils::FindOnPath(std::__cxx11::basic_string<char, std::char_traits<char>, std::allocator<char> > const&, std::__cxx11::basic_string<char, std::char_traits<char>, std::allocator<char> > const&)
                0x000000000042c320                Utils::NumberToString[abi:cxx11](int)
                0x000000000042c350                Utils::split(std::__cxx11::basic_string<char, std::char_traits<char>, std::allocator<char> >, char)
 .text          0x000000000042c820        0x8 C:/mingw64/w64/bin/../lib/gcc/x86_64-w64-mingw32/8.1.0/libstdc++.dll.a(d005880.o)
                0x000000000042c820                __gxx_personality_seh0
 .text          0x000000000042c828        0x8 C:/mingw64/w64/bin/../lib/gcc/x86_64-w64-mingw32/8.1.0/libstdc++.dll.a(d005864.o)
                0x000000000042c828                __cxa_throw_bad_array_new_length
 .text          0x000000000042c830        0x8 C:/mingw64/w64/bin/../lib/gcc/x86_64-w64-mingw32/8.1.0/libstdc++.dll.a(d005860.o)
                0x000000000042c830                __cxa_rethrow
 .text          0x000000000042c838        0x8 C:/mingw64/w64/bin/../lib/gcc/x86_64-w64-mingw32/8.1.0/libstdc++.dll.a(d005857.o)
                0x000000000042c838                __cxa_guard_release
 .text          0x000000000042c840        0x8 C:/mingw64/w64/bin/../lib/gcc/x86_64-w64-mingw32/8.1.0/libstdc++.dll.a(d005856.o)
                0x000000000042c840                __cxa_guard_acquire
 .text          0x000000000042c848        0x8 C:/mingw64/w64/bin/../lib/gcc/x86_64-w64-mingw32/8.1.0/libstdc++.dll.a(d005855.o)
                0x000000000042c848                __cxa_guard_abort
 .text          0x000000000042c850        0x8 C:/mingw64/w64/bin/../lib/gcc/x86_64-w64-mingw32/8.1.0/libstdc++.dll.a(d005852.o)
                0x000000000042c850                __cxa_get_exception_ptr
 .text          0x000000000042c858        0x8 C:/mingw64/w64/bin/../lib/gcc/x86_64-w64-mingw32/8.1.0/libstdc++.dll.a(d005849.o)
                0x000000000042c858                __cxa_end_catch
 .text          0x000000000042c860        0x8 C:/mingw64/w64/bin/../lib/gcc/x86_64-w64-mingw32/8.1.0/libstdc++.dll.a(d005843.o)
                0x000000000042c860                __cxa_begin_catch
 .text          0x000000000042c868        0x8 C:/mingw64/w64/bin/../lib/gcc/x86_64-w64-mingw32/8.1.0/libstdc++.dll.a(d005833.o)
                0x000000000042c868                operator new(unsigned long long)
 .text          0x000000000042c870        0x8 C:/mingw64/w64/bin/../lib/gcc/x86_64-w64-mingw32/8.1.0/libstdc++.dll.a(d005829.o)
                0x000000000042c870                operator new[](unsigned long long)
 .text          0x000000000042c878        0x8 C:/mingw64/w64/bin/../lib/gcc/x86_64-w64-mingw32/8.1.0/libstdc++.dll.a(d005827.o)
                0x000000000042c878                operator delete(void*, unsigned long long)
 .text          0x000000000042c880        0x8 C:/mingw64/w64/bin/../lib/gcc/x86_64-w64-mingw32/8.1.0/libstdc++.dll.a(d005823.o)
                0x000000000042c880                operator delete(void*)
 .text          0x000000000042c888        0x8 C:/mingw64/w64/bin/../lib/gcc/x86_64-w64-mingw32/8.1.0/libstdc++.dll.a(d005817.o)
                0x000000000042c888                operator delete[](void*)
 .text          0x000000000042c890        0x0 C:/mingw64/w64/bin/../lib/gcc/x86_64-w64-mingw32/8.1.0/libstdc++.dll.a(d005727.o)
 .text          0x000000000042c890        0x0 C:/mingw64/w64/bin/../lib/gcc/x86_64-w64-mingw32/8.1.0/libstdc++.dll.a(d005652.o)
 .text          0x000000000042c890        0x0 C:/mingw64/w64/bin/../lib/gcc/x86_64-w64-mingw32/8.1.0/libstdc++.dll.a(d005636.o)
 .text          0x000000000042c890        0x0 C:/mingw64/w64/bin/../lib/gcc/x86_64-w64-mingw32/8.1.0/libstdc++.dll.a(d005634.o)
 .text          0x000000000042c890        0x0 C:/mingw64/w64/bin/../lib/gcc/x86_64-w64-mingw32/8.1.0/libstdc++.dll.a(d005587.o)
 .text          0x000000000042c890        0x0 C:/mingw64/w64/bin/../lib/gcc/x86_64-w64-mingw32/8.1.0/libstdc++.dll.a(d005575.o)
 .text          0x000000000042c890        0x0 C:/mingw64/w64/bin/../lib/gcc/x86_64-w64-mingw32/8.1.0/libstdc++.dll.a(d005550.o)
 .text          0x000000000042c890        0x0 C:/mingw64/w64/bin/../lib/gcc/x86_64-w64-mingw32/8.1.0/libstdc++.dll.a(d005545.o)
 .text          0x000000000042c890        0x0 C:/mingw64/w64/bin/../lib/gcc/x86_64-w64-mingw32/8.1.0/libstdc++.dll.a(d005526.o)
 .text          0x000000000042c890        0x0 C:/mingw64/w64/bin/../lib/gcc/x86_64-w64-mingw32/8.1.0/libstdc++.dll.a(d005515.o)
 .text          0x000000000042c890        0x8 C:/mingw64/w64/bin/../lib/gcc/x86_64-w64-mingw32/8.1.0/libstdc++.dll.a(d004847.o)
                0x000000000042c890                std::basic_ostream<char, std::char_traits<char> >& std::operator<< <std::char_traits<char> >(std::basic_ostream<char, std::char_traits<char> >&, char const*)
 .text          0x000000000042c898        0x8 C:/mingw64/w64/bin/../lib/gcc/x86_64-w64-mingw32/8.1.0/libstdc++.dll.a(d004750.o)
                0x000000000042c898                std::basic_istream<char, std::char_traits<char> >& std::getline<char, std::char_traits<char>, std::allocator<char> >(std::basic_istream<char, std::char_traits<char> >&, std::__cxx11::basic_string<char, std::char_traits<char>, std::allocator<char> >&, char)
 .text          0x000000000042c8a0        0x8 C:/mingw64/w64/bin/../lib/gcc/x86_64-w64-mingw32/8.1.0/libstdc++.dll.a(d004739.o)
                0x000000000042c8a0                std::basic_ostream<char, std::char_traits<char> >& std::endl<char, std::char_traits<char> >(std::basic_ostream<char, std::char_traits<char> >&)
 .text          0x000000000042c8a8        0x0 C:/mingw64/w64/bin/../lib/gcc/x86_64-w64-mingw32/8.1.0/libstdc++.dll.a(d004738.o)
 .text          0x000000000042c8a8        0x0 C:/mingw64/w64/bin/../lib/gcc/x86_64-w64-mingw32/8.1.0/libstdc++.dll.a(d004736.o)
 .text          0x000000000042c8a8        0x8 C:/mingw64/w64/bin/../lib/gcc/x86_64-w64-mingw32/8.1.0/libstdc++.dll.a(d004732.o)
                0x000000000042c8a8                std::_Rb_tree_insert_and_rebalance(bool, std::_Rb_tree_node_base*, std::_Rb_tree_node_base*, std::_Rb_tree_node_base&)
 .text          0x000000000042c8b0        0x8 C:/mingw64/w64/bin/../lib/gcc/x86_64-w64-mingw32/8.1.0/libstdc++.dll.a(d004729.o)
                0x000000000042c8b0                std::__throw_bad_function_call()
 .text          0x000000000042c8b8        0x8 C:/mingw64/w64/bin/../lib/gcc/x86_64-w64-mingw32/8.1.0/libstdc++.dll.a(d004728.o)
                0x000000000042c8b8                std::__throw_out_of_range_fmt(char const*, ...)
 .text          0x000000000042c8c0        0x8 C:/mingw64/w64/bin/../lib/gcc/x86_64-w64-mingw32/8.1.0/libstdc++.dll.a(d004727.o)
                0x000000000042c8c0                std::__throw_invalid_argument(char const*)
 .text          0x000000000042c8c8        0x8 C:/mingw64/w64/bin/../lib/gcc/x86_64-w64-mingw32/8.1.0/libstdc++.dll.a(d004714.o)
                0x000000000042c8c8                std::__throw_out_of_range(char const*)
 .text          0x000000000042c8d0        0x8 C:/mingw64/w64/bin/../lib/gcc/x86_64-w64-mingw32/8.1.0/libstdc++.dll.a(d004713.o)
                0x000000000042c8d0                std::__throw_length_error(char const*)
 .text          0x000000000042c8d8        0x8 C:/mingw64/w64/bin/../lib/gcc/x86_64-w64-mingw32/8.1.0/libstdc++.dll.a(d004705.o)
                0x000000000042c8d8                std::__throw_logic_error(char const*)
 .text          0x000000000042c8e0        0x8 C:/mingw64/w64/bin/../lib/gcc/x86_64-w64-mingw32/8.1.0/libstdc++.dll.a(d004701.o)
                0x000000000042c8e0                std::_Rb_tree_increment(std::_Rb_tree_node_base*)
 .text          0x000000000042c8e8        0x8 C:/mingw64/w64/bin/../lib/gcc/x86_64-w64-mingw32/8.1.0/libstdc++.dll.a(d004700.o)
                0x000000000042c8e8                std::_Rb_tree_increment(std::_Rb_tree_node_base const*)
 .text          0x000000000042c8f0        0x8 C:/mingw64/w64/bin/../lib/gcc/x86_64-w64-mingw32/8.1.0/libstdc++.dll.a(d004699.o)
                0x000000000042c8f0                std::_Rb_tree_decrement(std::_Rb_tree_node_base*)
 .text          0x000000000042c8f8        0x8 C:/mingw64/w64/bin/../lib/gcc/x86_64-w64-mingw32/8.1.0/libstdc++.dll.a(d004692.o)
                0x000000000042c8f8                std::__throw_bad_alloc()
 .text          0x000000000042c900        0x8 C:/mingw64/w64/bin/../lib/gcc/x86_64-w64-mingw32/8.1.0/libstdc++.dll.a(d004687.o)
                0x000000000042c900                std::__throw_bad_cast()
 .text          0x000000000042c908        0x8 C:/mingw64/w64/bin/../lib/gcc/x86_64-w64-mingw32/8.1.0/libstdc++.dll.a(d004685.o)
                0x000000000042c908                std::basic_ostream<char, std::char_traits<char> >& std::__ostream_insert<char, std::char_traits<char> >(std::basic_ostream<char, std::char_traits<char> >&, char const*, long long)
 .text          0x000000000042c910        0x8 C:/mingw64/w64/bin/../lib/gcc/x86_64-w64-mingw32/8.1.0/libstdc++.dll.a(d004661.o)
                0x000000000042c910                std::_Hash_bytes(void const*, unsigned long long, unsigned long long)
 .text          0x000000000042c918        0x8 C:/mingw64/w64/bin/../lib/gcc/x86_64-w64-mingw32/8.1.0/libstdc++.dll.a(d004586.o)
                0x000000000042c918                std::basic_ios<char, std::char_traits<char> >::clear(std::_Ios_Iostate)
 .text          0x000000000042c920        0x8 C:/mingw64/w64/bin/../lib/gcc/x86_64-w64-mingw32/8.1.0/libstdc++.dll.a(d004582.o)
                0x000000000042c920                std::basic_ios<char, std::char_traits<char> >::init(std::basic_streambuf<char, std::char_traits<char> >*)
 .text          0x000000000042c928        0x8 C:/mingw64/w64/bin/../lib/gcc/x86_64-w64-mingw32/8.1.0/libstdc++.dll.a(d004493.o)
                0x000000000042c928                std::ios_base::~ios_base()
 .text          0x000000000042c930        0x8 C:/mingw64/w64/bin/../lib/gcc/x86_64-w64-mingw32/8.1.0/libstdc++.dll.a(d004490.o)
                0x000000000042c930                std::ios_base::ios_base()
 .text          0x000000000042c938        0x8 C:/mingw64/w64/bin/../lib/gcc/x86_64-w64-mingw32/8.1.0/libstdc++.dll.a(d004450.o)
                0x000000000042c938                std::ios_base::Init::~Init()
 .text          0x000000000042c940        0x8 C:/mingw64/w64/bin/../lib/gcc/x86_64-w64-mingw32/8.1.0/libstdc++.dll.a(d004448.o)
                0x000000000042c940                std::ios_base::Init::Init()
 .text          0x000000000042c948        0x8 C:/mingw64/w64/bin/../lib/gcc/x86_64-w64-mingw32/8.1.0/libstdc++.dll.a(d004424.o)
                0x000000000042c948                std::__detail::_List_node_base::_M_unhook()
 .text          0x000000000042c950        0x8 C:/mingw64/w64/bin/../lib/gcc/x86_64-w64-mingw32/8.1.0/libstdc++.dll.a(d004423.o)
                0x000000000042c950                std::__detail::_List_node_base::_M_hook(std::__detail::_List_node_base*)
 .text          0x000000000042c958        0x8 C:/mingw64/w64/bin/../lib/gcc/x86_64-w64-mingw32/8.1.0/libstdc++.dll.a(d004202.o)
                0x000000000042c958                std::__cxx11::basic_stringstream<char, std::char_traits<char>, std::allocator<char> >::~basic_stringstream()
 .text          0x000000000042c960        0x8 C:/mingw64/w64/bin/../lib/gcc/x86_64-w64-mingw32/8.1.0/libstdc++.dll.a(d004072.o)
                0x000000000042c960                std::__cxx11::basic_stringbuf<char, std::char_traits<char>, std::allocator<char> >::_M_sync(char*, unsigned long long, unsigned long long)
 .text          0x000000000042c968        0x8 C:/mingw64/w64/bin/../lib/gcc/x86_64-w64-mingw32/8.1.0/libstdc++.dll.a(d004000.o)
                0x000000000042c968                std::__cxx11::basic_string<wchar_t, std::char_traits<wchar_t>, std::allocator<wchar_t> >::_M_create(unsigned long long&, unsigned long long)
 .text          0x000000000042c970        0x8 C:/mingw64/w64/bin/../lib/gcc/x86_64-w64-mingw32/8.1.0/libstdc++.dll.a(d003998.o)
                0x000000000042c970                std::__cxx11::basic_string<wchar_t, std::char_traits<wchar_t>, std::allocator<wchar_t> >::_M_append(wchar_t const*, unsigned long long)
 .text          0x000000000042c978        0x8 C:/mingw64/w64/bin/../lib/gcc/x86_64-w64-mingw32/8.1.0/libstdc++.dll.a(d003895.o)
                0x000000000042c978                std::__cxx11::basic_string<char, std::char_traits<char>, std::allocator<char> >::operator=(std::__cxx11::basic_string<char, std::char_traits<char>, std::allocator<char> >&&)
 .text          0x000000000042c980        0x8 C:/mingw64/w64/bin/../lib/gcc/x86_64-w64-mingw32/8.1.0/libstdc++.dll.a(d003858.o)
                0x000000000042c980                std::__cxx11::basic_string<char, std::char_traits<char>, std::allocator<char> >::_M_mutate(unsigned long long, unsigned long long, char const*, unsigned long long)
 .text          0x000000000042c988        0x8 C:/mingw64/w64/bin/../lib/gcc/x86_64-w64-mingw32/8.1.0/libstdc++.dll.a(d003856.o)
                0x000000000042c988                std::__cxx11::basic_string<char, std::char_traits<char>, std::allocator<char> >::_M_create(unsigned long long&, unsigned long long)
 .text          0x000000000042c990        0x8 C:/mingw64/w64/bin/../lib/gcc/x86_64-w64-mingw32/8.1.0/libstdc++.dll.a(d003855.o)
                0x000000000042c990                std::__cxx11::basic_string<char, std::char_traits<char>, std::allocator<char> >::_M_assign(std::__cxx11::basic_string<char, std::char_traits<char>, std::allocator<char> > const&)
 .text          0x000000000042c998        0x8 C:/mingw64/w64/bin/../lib/gcc/x86_64-w64-mingw32/8.1.0/libstdc++.dll.a(d003854.o)
                0x000000000042c998                std::__cxx11::basic_string<char, std::char_traits<char>, std::allocator<char> >::_M_append(char const*, unsigned long long)
 .text          0x000000000042c9a0        0x8 C:/mingw64/w64/bin/../lib/gcc/x86_64-w64-mingw32/8.1.0/libstdc++.dll.a(d003852.o)
                0x000000000042c9a0                std::__cxx11::basic_string<char, std::char_traits<char>, std::allocator<char> >::_M_erase(unsigned long long, unsigned long long)
 .text          0x000000000042c9a8        0x8 C:/mingw64/w64/bin/../lib/gcc/x86_64-w64-mingw32/8.1.0/libstdc++.dll.a(d003851.o)
                0x000000000042c9a8                std::__cxx11::basic_string<char, std::char_traits<char>, std::allocator<char> >::reserve(unsigned long long)
 .text          0x000000000042c9b0        0x8 C:/mingw64/w64/bin/../lib/gcc/x86_64-w64-mingw32/8.1.0/libstdc++.dll.a(d003797.o)
                0x000000000042c9b0                std::__cxx11::basic_string<char, std::char_traits<char>, std::allocator<char> >::erase(unsigned long long, unsigned long long)
 .text          0x000000000042c9b8        0x8 C:/mingw64/w64/bin/../lib/gcc/x86_64-w64-mingw32/8.1.0/libstdc++.dll.a(d003790.o)
                0x000000000042c9b8                std::__cxx11::basic_string<char, std::char_traits<char>, std::allocator<char> >::swap(std::__cxx11::basic_string<char, std::char_traits<char>, std::allocator<char> >&)
 .text          0x000000000042c9c0        0x8 C:/mingw64/w64/bin/../lib/gcc/x86_64-w64-mingw32/8.1.0/libstdc++.dll.a(d003782.o)
                0x000000000042c9c0                std::__cxx11::basic_string<char, std::char_traits<char>, std::allocator<char> >::_M_replace_aux(unsigned long long, unsigned long long, unsigned long long, char)
 .text          0x000000000042c9c8        0x8 C:/mingw64/w64/bin/../lib/gcc/x86_64-w64-mingw32/8.1.0/libstdc++.dll.a(d003763.o)
                0x000000000042c9c8                std::__cxx11::basic_string<char, std::char_traits<char>, std::allocator<char> >::_M_replace(unsigned long long, unsigned long long, char const*, unsigned long long)
 .text          0x000000000042c9d0        0x8 C:/mingw64/w64/bin/../lib/gcc/x86_64-w64-mingw32/8.1.0/libstdc++.dll.a(d003701.o)
                0x000000000042c9d0                std::locale::~locale()
 .text          0x000000000042c9d8        0x8 C:/mingw64/w64/bin/../lib/gcc/x86_64-w64-mingw32/8.1.0/libstdc++.dll.a(d003694.o)
                0x000000000042c9d8                std::locale::locale()
 .text          0x000000000042c9e0        0x8 C:/mingw64/w64/bin/../lib/gcc/x86_64-w64-mingw32/8.1.0/libstdc++.dll.a(d002496.o)
                0x000000000042c9e0                std::runtime_error::~runtime_error()
 .text          0x000000000042c9e8        0x8 C:/mingw64/w64/bin/../lib/gcc/x86_64-w64-mingw32/8.1.0/libstdc++.dll.a(d002489.o)
                0x000000000042c9e8                std::runtime_error::runtime_error(std::runtime_error const&)
 .text          0x000000000042c9f0        0x8 C:/mingw64/w64/bin/../lib/gcc/x86_64-w64-mingw32/8.1.0/libstdc++.dll.a(d002347.o)
                0x000000000042c9f0                std::basic_fstream<char, std::char_traits<char> >::~basic_fstream()
 .text          0x000000000042c9f8        0x8 C:/mingw64/w64/bin/../lib/gcc/x86_64-w64-mingw32/8.1.0/libstdc++.dll.a(d002294.o)
                0x000000000042c9f8                std::basic_filebuf<char, std::char_traits<char> >::~basic_filebuf()
 .text          0x000000000042ca00        0x8 C:/mingw64/w64/bin/../lib/gcc/x86_64-w64-mingw32/8.1.0/libstdc++.dll.a(d002290.o)
                0x000000000042ca00                std::basic_filebuf<char, std::char_traits<char> >::basic_filebuf()
 .text          0x000000000042ca08        0x8 C:/mingw64/w64/bin/../lib/gcc/x86_64-w64-mingw32/8.1.0/libstdc++.dll.a(d002277.o)
                0x000000000042ca08                std::basic_filebuf<char, std::char_traits<char> >::close()
 .text          0x000000000042ca10        0x8 C:/mingw64/w64/bin/../lib/gcc/x86_64-w64-mingw32/8.1.0/libstdc++.dll.a(d002272.o)
                0x000000000042ca10                std::basic_filebuf<char, std::char_traits<char> >::open(char const*, std::_Ios_Openmode)
 .text          0x000000000042ca18        0x8 C:/mingw64/w64/bin/../lib/gcc/x86_64-w64-mingw32/8.1.0/libstdc++.dll.a(d002047.o)
                0x000000000042ca18                std::__basic_file<char>::~__basic_file()
 .text          0x000000000042ca20        0x8 C:/mingw64/w64/bin/../lib/gcc/x86_64-w64-mingw32/8.1.0/libstdc++.dll.a(d001748.o)
                0x000000000042ca20                std::ostream::operator<<(int)
 .text          0x000000000042ca28        0x8 C:/mingw64/w64/bin/../lib/gcc/x86_64-w64-mingw32/8.1.0/libstdc++.dll.a(d001709.o)
                0x000000000042ca28                std::ostream::flush()
 .text          0x000000000042ca30        0x8 C:/mingw64/w64/bin/../lib/gcc/x86_64-w64-mingw32/8.1.0/libstdc++.dll.a(d001707.o)
                0x000000000042ca30                std::ostream::put(char)
 .text          0x000000000042ca38        0x8 C:/mingw64/w64/bin/../lib/gcc/x86_64-w64-mingw32/8.1.0/libstdc++.dll.a(d001669.o)
                0x000000000042ca38                std::istream::tellg()
 .text          0x000000000042ca40        0x8 C:/mingw64/w64/bin/../lib/gcc/x86_64-w64-mingw32/8.1.0/libstdc++.dll.a(d001668.o)
                0x000000000042ca40                std::istream::seekg(long long, std::_Ios_Seekdir)
 .text          0x000000000042ca48        0x8 C:/mingw64/w64/bin/../lib/gcc/x86_64-w64-mingw32/8.1.0/libstdc++.dll.a(d001664.o)
                0x000000000042ca48                std::istream::read(char*, long long)
 .text          0x000000000042ca50        0x8 C:/mingw64/w64/bin/../lib/gcc/x86_64-w64-mingw32/8.1.0/libstdc++.dll.a(d001344.o)
                0x000000000042ca50                std::__detail::_Prime_rehash_policy::_M_need_rehash(unsigned long long, unsigned long long, unsigned long long) const
 .text          0x000000000042ca58        0x8 C:/mingw64/w64/bin/../lib/gcc/x86_64-w64-mingw32/8.1.0/libstdc++.dll.a(d001343.o)
                0x000000000042ca58                std::__detail::_Prime_rehash_policy::_M_next_bkt(unsigned long long) const
 .text          0x000000000042ca60        0x8 C:/mingw64/w64/bin/../lib/gcc/x86_64-w64-mingw32/8.1.0/libstdc++.dll.a(d000977.o)
                0x000000000042ca60                std::__cxx11::basic_string<char, std::char_traits<char>, std::allocator<char> >::compare(char const*) const
 .text          0x000000000042ca68        0x8 C:/mingw64/w64/bin/../lib/gcc/x86_64-w64-mingw32/8.1.0/libstdc++.dll.a(d000975.o)
                0x000000000042ca68                std::__cxx11::basic_string<char, std::char_traits<char>, std::allocator<char> >::substr(unsigned long long, unsigned long long) const
 .text          0x000000000042ca70        0x8 C:/mingw64/w64/bin/../lib/gcc/x86_64-w64-mingw32/8.1.0/libstdc++.dll.a(d000971.o)
                0x000000000042ca70                std::__cxx11::basic_string<char, std::char_traits<char>, std::allocator<char> >::rfind(char, unsigned long long) const
 .text          0x000000000042ca78        0x8 C:/mingw64/w64/bin/../lib/gcc/x86_64-w64-mingw32/8.1.0/libstdc++.dll.a(d000960.o)
                0x000000000042ca78                std::__cxx11::basic_string<char, std::char_traits<char>, std::allocator<char> >::find(char, unsigned long long) const
 .text          0x000000000042ca80        0x8 C:/mingw64/w64/bin/../lib/gcc/x86_64-w64-mingw32/8.1.0/libstdc++.dll.a(d000958.o)
                0x000000000042ca80                std::__cxx11::basic_string<char, std::char_traits<char>, std::allocator<char> >::find(char const*, unsigned long long, unsigned long long) const
 .text          0x000000000042ca88        0x8 C:/mingw64/w64/bin/../lib/gcc/x86_64-w64-mingw32/8.1.0/libstdc++.dll.a(d000950.o)
                0x000000000042ca88                std::__cxx11::basic_string<char, std::char_traits<char>, std::allocator<char> >::find_first_not_of(char, unsigned long long) const
 .text          0x000000000042ca90        0x8 C:/mingw64/w64/bin/../lib/gcc/x86_64-w64-mingw32/8.1.0/libstdc++.dll.a(d000948.o)
                0x000000000042ca90                std::__cxx11::basic_string<char, std::char_traits<char>, std::allocator<char> >::find_first_not_of(char const*, unsigned long long, unsigned long long) const
 .text          0x000000000042ca98        0x8 C:/mingw64/w64/bin/../lib/gcc/x86_64-w64-mingw32/8.1.0/libstdc++.dll.a(d000944.o)
                0x000000000042ca98                std::__cxx11::basic_string<char, std::char_traits<char>, std::allocator<char> >::find_last_not_of(char const*, unsigned long long, unsigned long long) const
 .text          0x000000000042caa0        0x8 C:/mingw64/w64/bin/../lib/gcc/x86_64-w64-mingw32/8.1.0/libstdc++.dll.a(d000937.o)
                0x000000000042caa0                std::__cxx11::basic_string<char, std::char_traits<char>, std::allocator<char> >::find_first_of(char const*, unsigned long long, unsigned long long) const
 .text          0x000000000042caa8        0x8 C:/mingw64/w64/bin/../lib/gcc/x86_64-w64-mingw32/8.1.0/libstdc++.dll.a(d000830.o)
                0x000000000042caa8                std::ctype<char>::_M_widen_init() const
 .text          0x000000000042cab0        0x8 C:/mingw64/w64/bin/../lib/gcc/x86_64-w64-mingw32/8.1.0/libstdc++.dll.a(d000693.o)
                0x000000000042cab0                std::runtime_error::what() const
 .text          0x000000000042cab8        0x8 C:/mingw64/w64/bin/../lib/gcc/x86_64-w64-mingw32/8.1.0/libstdc++.dll.a(d000678.o)
                0x000000000042cab8                std::__basic_file<char>::is_open() const
 .text          0x000000000042cac0        0x8 C:/mingw64/w64/bin/../lib/gcc/x86_64-w64-mingw32/8.1.0/../../../../x86_64-w64-mingw32/lib/../lib/libkernel32.a(dqifs01527.o)
                0x000000000042cac0                __C_specific_handler
 .text          0x000000000042cac8        0x8 C:/mingw64/w64/bin/../lib/gcc/x86_64-w64-mingw32/8.1.0/../../../../x86_64-w64-mingw32/lib/../lib/libkernel32.a(dqifs01510.o)
                0x000000000042cac8                WriteFile
 .text          0x000000000042cad0        0x8 C:/mingw64/w64/bin/../lib/gcc/x86_64-w64-mingw32/8.1.0/../../../../x86_64-w64-mingw32/lib/../lib/libkernel32.a(dqifs01360.o)
                0x000000000042cad0                Sleep
 .text          0x000000000042cad8        0x8 C:/mingw64/w64/bin/../lib/gcc/x86_64-w64-mingw32/8.1.0/../../../../x86_64-w64-mingw32/lib/../lib/libkernel32.a(dqifs01346.o)
                0x000000000042cad8                SetUnhandledExceptionFilter
 .text          0x000000000042cae0        0x8 C:/mingw64/w64/bin/../lib/gcc/x86_64-w64-mingw32/8.1.0/../../../../x86_64-w64-mingw32/lib/../lib/libkernel32.a(dqifs01128.o)
                0x000000000042cae0                ReadFile
 .text          0x000000000042cae8        0x8 C:/mingw64/w64/bin/../lib/gcc/x86_64-w64-mingw32/8.1.0/../../../../x86_64-w64-mingw32/lib/../lib/libkernel32.a(dqifs01051.o)
                0x000000000042cae8                PeekNamedPipe
 .text          0x000000000042caf0        0x8 C:/mingw64/w64/bin/../lib/gcc/x86_64-w64-mingw32/8.1.0/../../../../x86_64-w64-mingw32/lib/../lib/libkernel32.a(dqifs00774.o)
                0x000000000042caf0                GetTickCount
 .text          0x000000000042caf8        0x8 C:/mingw64/w64/bin/../lib/gcc/x86_64-w64-mingw32/8.1.0/../../../../x86_64-w64-mingw32/lib/../lib/libkernel32.a(dqifs00724.o)
                0x000000000042caf8                GetStdHandle
 .text          0x000000000042cb00        0x8 C:/mingw64/w64/bin/../lib/gcc/x86_64-w64-mingw32/8.1.0/../../../../x86_64-w64-mingw32/lib/../lib/libkernel32.a(dqifs00721.o)
                0x000000000042cb00                GetStartupInfoA
 .text          0x000000000042cb08        0x8 C:/mingw64/w64/bin/../lib/gcc/x86_64-w64-mingw32/8.1.0/../../../../x86_64-w64-mingw32/lib/../lib/libkernel32.a(dqifs00628.o)
                0x000000000042cb08                GetModuleFileNameA
 .text          0x000000000042cb10        0x8 C:/mingw64/w64/bin/../lib/gcc/x86_64-w64-mingw32/8.1.0/../../../../x86_64-w64-mingw32/lib/../lib/libkernel32.a(dqifs00609.o)
                0x000000000042cb10                GetLastError
 .text          0x000000000042cb18        0x8 C:/mingw64/w64/bin/../lib/gcc/x86_64-w64-mingw32/8.1.0/../../../../x86_64-w64-mingw32/lib/../lib/libkernel32.a(dqifs00578.o)
                0x000000000042cb18                GetFileAttributesA
 .text          0x000000000042cb20        0x8 C:/mingw64/w64/bin/../lib/gcc/x86_64-w64-mingw32/8.1.0/../../../../x86_64-w64-mingw32/lib/../lib/libkernel32.a(dqifs00528.o)
                0x000000000042cb20                GetCurrentDirectoryA
 .text          0x000000000042cb28        0x8 C:/mingw64/w64/bin/../lib/gcc/x86_64-w64-mingw32/8.1.0/../../../../x86_64-w64-mingw32/lib/../lib/libkernel32.a(dqifs00514.o)
                0x000000000042cb28                GetConsoleScreenBufferInfo
 .text          0x000000000042cb30        0x8 C:/mingw64/w64/bin/../lib/gcc/x86_64-w64-mingw32/8.1.0/../../../../x86_64-w64-mingw32/lib/../lib/libkernel32.a(dqifs00191.o)
                0x000000000042cb30                CreateFileA
 *fill*         0x000000000042cb38        0x8 
 .text          0x000000000042cb40        0x0 C:/mingw64/w64/bin/../lib/gcc/x86_64-w64-mingw32/8.1.0/../../../../x86_64-w64-mingw32/lib/../lib/libkernel32.a(dqifh.o)
 .text          0x000000000042cb40        0x0 C:/mingw64/w64/bin/../lib/gcc/x86_64-w64-mingw32/8.1.0/../../../../x86_64-w64-mingw32/lib/../lib/libkernel32.a(dqift.o)
 .text          0x000000000042cb40       0xd0 C:/mingw64/w64/bin/../lib/gcc/x86_64-w64-mingw32/8.1.0/../../../../x86_64-w64-mingw32/lib/../lib/libmingw32.a(lib64_libmingw32_a-gccmain.o)
                0x000000000042cb40                __do_global_dtors
                0x000000000042cb80                __do_global_ctors
                0x000000000042cbf0                __main
 .text          0x000000000042cc10        0x0 C:/mingw64/w64/bin/../lib/gcc/x86_64-w64-mingw32/8.1.0/../../../../x86_64-w64-mingw32/lib/../lib/libmingw32.a(lib64_libmingw32_a-natstart.o)
 .text          0x000000000042cc10        0x0 C:/mingw64/w64/bin/../lib/gcc/x86_64-w64-mingw32/8.1.0/../../../../x86_64-w64-mingw32/lib/../lib/libmingw32.a(lib64_libmingw32_a-wildcard.o)
 .text          0x000000000042cc10       0x10 C:/mingw64/w64/bin/../lib/gcc/x86_64-w64-mingw32/8.1.0/../../../../x86_64-w64-mingw32/lib/../lib/libmingw32.a(lib64_libmingw32_a-charmax.o)
 .text          0x000000000042cc20       0x10 C:/mingw64/w64/bin/../lib/gcc/x86_64-w64-mingw32/8.1.0/../../../../x86_64-w64-mingw32/lib/../lib/libmingw32.a(lib64_libmingw32_a-dllargv.o)
                0x000000000042cc20                _setargv
 .text          0x000000000042cc30      0x1e0 C:/mingw64/w64/bin/../lib/gcc/x86_64-w64-mingw32/8.1.0/../../../../x86_64-w64-mingw32/lib/../lib/libmingw32.a(lib64_libmingw32_a-gs_support.o)
                0x000000000042cc30                __security_init_cookie
                0x000000000042cd10                __report_gsfailure
 .text          0x000000000042ce10        0x0 C:/mingw64/w64/bin/../lib/gcc/x86_64-w64-mingw32/8.1.0/../../../../x86_64-w64-mingw32/lib/../lib/libmingw32.a(lib64_libmingw32_a-_newmode.o)
 .text          0x000000000042ce10       0xc0 C:/mingw64/w64/bin/../lib/gcc/x86_64-w64-mingw32/8.1.0/../../../../x86_64-w64-mingw32/lib/../lib/libmingw32.a(lib64_libmingw32_a-tlssup.o)
                0x000000000042ce40                __dyn_tls_init
                0x000000000042cec0                __tlregdtor
 .text          0x000000000042ced0        0x0 C:/mingw64/w64/bin/../lib/gcc/x86_64-w64-mingw32/8.1.0/../../../../x86_64-w64-mingw32/lib/../lib/libmingw32.a(lib64_libmingw32_a-cinitexe.o)
 .text          0x000000000042ced0      0x160 C:/mingw64/w64/bin/../lib/gcc/x86_64-w64-mingw32/8.1.0/../../../../x86_64-w64-mingw32/lib/../lib/libmingw32.a(lib64_libmingw32_a-merr.o)
                0x000000000042ced0                __mingw_raise_matherr
                0x000000000042cf20                __mingw_setusermatherr
                0x000000000042cf30                _matherr
 .text          0x000000000042d030       0x10 C:/mingw64/w64/bin/../lib/gcc/x86_64-w64-mingw32/8.1.0/../../../../x86_64-w64-mingw32/lib/../lib/libmingw32.a(lib64_libmingw32_a-CRT_fp10.o)
                0x000000000042d030                fpreset
                0x000000000042d030                _fpreset
 .text          0x000000000042d040       0x20 C:/mingw64/w64/bin/../lib/gcc/x86_64-w64-mingw32/8.1.0/../../../../x86_64-w64-mingw32/lib/../lib/libmingw32.a(lib64_libmingw32_a-mingw_helpers.o)
                0x000000000042d040                _decode_pointer
                0x000000000042d050                _encode_pointer
 .text          0x000000000042d060      0x490 C:/mingw64/w64/bin/../lib/gcc/x86_64-w64-mingw32/8.1.0/../../../../x86_64-w64-mingw32/lib/../lib/libmingw32.a(lib64_libmingw32_a-pseudo-reloc.o)
                0x000000000042d230                _pei386_runtime_relocator
 .text          0x000000000042d4f0        0x0 C:/mingw64/w64/bin/../lib/gcc/x86_64-w64-mingw32/8.1.0/../../../../x86_64-w64-mingw32/lib/../lib/libmingw32.a(lib64_libmingw32_a-xtxtmode.o)
 .text          0x000000000042d4f0      0x480 C:/mingw64/w64/bin/../lib/gcc/x86_64-w64-mingw32/8.1.0/../../../../x86_64-w64-mingw32/lib/../lib/libmingw32.a(lib64_libmingw32_a-crt_handler.o)
                0x000000000042d4f0                __mingw_SEH_error_handler
                0x000000000042d690                __mingw_init_ehandler
                0x000000000042d780                _gnu_exception_handler
 .text          0x000000000042d970      0x270 C:/mingw64/w64/bin/../lib/gcc/x86_64-w64-mingw32/8.1.0/../../../../x86_64-w64-mingw32/lib/../lib/libmingw32.a(lib64_libmingw32_a-tlsthrd.o)
                0x000000000042d9e0                ___w64_mingwthr_add_key_dtor
                0x000000000042da60                ___w64_mingwthr_remove_key_dtor
                0x000000000042db00                __mingw_TLScallback
 .text          0x000000000042dbe0        0x0 C:/mingw64/w64/bin/../lib/gcc/x86_64-w64-mingw32/8.1.0/../../../../x86_64-w64-mingw32/lib/../lib/libmingw32.a(lib64_libmingw32_a-tlsmcrt.o)
 .text          0x000000000042dbe0        0x0 C:/mingw64/w64/bin/../lib/gcc/x86_64-w64-mingw32/8.1.0/../../../../x86_64-w64-mingw32/lib/../lib/libmingw32.a(lib64_libmingw32_a-pseudo-reloc-list.o)
 .text          0x000000000042dbe0      0x3e0 C:/mingw64/w64/bin/../lib/gcc/x86_64-w64-mingw32/8.1.0/../../../../x86_64-w64-mingw32/lib/../lib/libmingw32.a(lib64_libmingw32_a-pesect.o)
                0x000000000042dc00                _ValidateImageBase
                0x000000000042dc20                _FindPESection
                0x000000000042dc70                _FindPESectionByName
                0x000000000042dd00                __mingw_GetSectionForAddress
                0x000000000042dd80                __mingw_GetSectionCount
                0x000000000042ddc0                _FindPESectionExec
                0x000000000042de30                _GetPEImageBase
                0x000000000042de70                _IsNonwritableInCurrentImage
                0x000000000042df10                __mingw_enum_import_library_names
 .text          0x000000000042dfc0       0x40 C:/mingw64/w64/bin/../lib/gcc/x86_64-w64-mingw32/8.1.0/libgcc.a(_chkstk_ms.o)
                0x000000000042dfc0                ___chkstk_ms
 .text          0x000000000042e000        0x0 C:/mingw64/w64/bin/../lib/gcc/x86_64-w64-mingw32/8.1.0/libgcc.a(_ctors.o)
 .text          0x000000000042e000      0x630 C:/mingw64/w64/bin/../lib/gcc/x86_64-w64-mingw32/8.1.0/libgcc_eh.a(unwind-seh.o)
                0x000000000042e060                _Unwind_GetGR
                0x000000000042e080                _Unwind_SetGR
                0x000000000042e0a0                _Unwind_GetCFA
                0x000000000042e0b0                _Unwind_GetIP
                0x000000000042e0c0                _Unwind_GetIPInfo
                0x000000000042e0d0                _Unwind_SetIP
                0x000000000042e0e0                _Unwind_GetLanguageSpecificData
                0x000000000042e0f0                _Unwind_GetRegionStart
                0x000000000042e100                _Unwind_FindEnclosingFunction
                0x000000000042e130                _Unwind_GetDataRelBase
                0x000000000042e140                _Unwind_GetTextRelBase
                0x000000000042e150                _GCC_specific_handler
                0x000000000042e360                _Unwind_RaiseException
                0x000000000042e3b0                _Unwind_Resume
                0x000000000042e460                _Unwind_Resume_or_Rethrow
                0x000000000042e480                _Unwind_ForcedUnwind
                0x000000000042e4b0                _Unwind_DeleteException
                0x000000000042e4d0                _Unwind_Backtrace
 .text          0x000000000042e630        0x0 C:/mingw64/w64/bin/../lib/gcc/x86_64-w64-mingw32/8.1.0/../../../../x86_64-w64-mingw32/lib/../lib/libmingwex.a(lib64_libmingwex_a-mingw_matherr.o)
 .text          0x000000000042e630      0x210 C:/mingw64/w64/bin/../lib/gcc/x86_64-w64-mingw32/8.1.0/../../../../x86_64-w64-mingw32/lib/../lib/libmingwex.a(lib64_libmingwex_a-_stat.o)
                0x000000000042e630                stat
 .text          0x000000000042e840       0x50 C:/mingw64/w64/bin/../lib/gcc/x86_64-w64-mingw32/8.1.0/../../../../x86_64-w64-mingw32/lib/../lib/libmingwex.a(lib64_libmingwex_a-mingw_vfprintf.o)
                0x000000000042e840                __mingw_vfprintf
 .text          0x000000000042e890       0x60 C:/mingw64/w64/bin/../lib/gcc/x86_64-w64-mingw32/8.1.0/../../../../x86_64-w64-mingw32/lib/../lib/libmingwex.a(lib64_libmingwex_a-mingw_vsnprintf.o)
                0x000000000042e890                __mingw_vsnprintf
 .text          0x000000000042e8f0       0x30 C:/mingw64/w64/bin/../lib/gcc/x86_64-w64-mingw32/8.1.0/../../../../x86_64-w64-mingw32/lib/../lib/libmingwex.a(lib64_libmingwex_a-mingw_vsprintf.o)
                0x000000000042e8f0                __mingw_vsprintf
 .text          0x000000000042e920     0x2110 C:/mingw64/w64/bin/../lib/gcc/x86_64-w64-mingw32/8.1.0/../../../../x86_64-w64-mingw32/lib/../lib/libmingwex.a(lib64_libmingwex_a-mingw_pformat.o)
                0x0000000000430120                __mingw_pformat
 .text          0x0000000000430a30      0x280 C:/mingw64/w64/bin/../lib/gcc/x86_64-w64-mingw32/8.1.0/../../../../x86_64-w64-mingw32/lib/../lib/libmingwex.a(lib64_libmingwex_a-dmisc.o)
                0x0000000000430a30                __rv_alloc_D2A
                0x0000000000430a60                __nrv_alloc_D2A
                0x0000000000430af0                __freedtoa
                0x0000000000430b10                __quorem_D2A
 .text          0x0000000000430cb0     0x1590 C:/mingw64/w64/bin/../lib/gcc/x86_64-w64-mingw32/8.1.0/../../../../x86_64-w64-mingw32/lib/../lib/libmingwex.a(lib64_libmingwex_a-gdtoa.o)
                0x0000000000430cb0                __gdtoa
 .text          0x0000000000432240      0x150 C:/mingw64/w64/bin/../lib/gcc/x86_64-w64-mingw32/8.1.0/../../../../x86_64-w64-mingw32/lib/../lib/libmingwex.a(lib64_libmingwex_a-gmisc.o)
                0x0000000000432240                __rshift_D2A
                0x0000000000432340                __trailz_D2A
 .text          0x0000000000432390      0xb30 C:/mingw64/w64/bin/../lib/gcc/x86_64-w64-mingw32/8.1.0/../../../../x86_64-w64-mingw32/lib/../lib/libmingwex.a(lib64_libmingwex_a-misc.o)
                0x00000000004324b0                __Balloc_D2A
                0x00000000004325b0                __Bfree_D2A
                0x0000000000432620                __multadd_D2A
                0x00000000004326d0                __i2b_D2A
                0x0000000000432700                __mult_D2A
                0x0000000000432830                __pow5mult_D2A
                0x00000000004329b0                __lshift_D2A
                0x0000000000432ab0                __cmp_D2A
                0x0000000000432af0                __diff_D2A
                0x0000000000432c60                __b2d_D2A
                0x0000000000432d70                __d2b_D2A
                0x0000000000432e90                __strcp_D2A
 .text          0x0000000000432ec0      0x340 C:/mingw64/w64/bin/../lib/gcc/x86_64-w64-mingw32/8.1.0/../../../../x86_64-w64-mingw32/lib/../lib/libmingwex.a(lib64_libmingwex_a-mbrtowc.o)
                0x0000000000433040                mbrtowc
                0x00000000004330b0                mbsrtowcs
                0x00000000004331a0                mbrlen
 .text          0x0000000000433200       0x30 C:/mingw64/w64/bin/../lib/gcc/x86_64-w64-mingw32/8.1.0/../../../../x86_64-w64-mingw32/lib/../lib/libmingwex.a(lib64_libmingwex_a-strnlen.o)
                0x0000000000433200                strnlen
 .text          0x0000000000433230      0x1c0 C:/mingw64/w64/bin/../lib/gcc/x86_64-w64-mingw32/8.1.0/../../../../x86_64-w64-mingw32/lib/../lib/libmingwex.a(lib64_libmingwex_a-wcrtomb.o)
                0x00000000004332b0                wcrtomb
                0x00000000004332f0                wcsrtombs
 .text          0x00000000004333f0       0x30 C:/mingw64/w64/bin/../lib/gcc/x86_64-w64-mingw32/8.1.0/../../../../x86_64-w64-mingw32/lib/../lib/libmingwex.a(lib64_libmingwex_a-wcsnlen.o)
                0x00000000004333f0                wcsnlen
 .text          0x0000000000433420        0x8 C:/mingw64/w64/bin/../lib/gcc/x86_64-w64-mingw32/8.1.0/../../../../x86_64-w64-mingw32/lib/../lib/libmsvcrt.a(duags01264.o)
                0x0000000000433420                wcslen
 .text          0x0000000000433428        0x8 C:/mingw64/w64/bin/../lib/gcc/x86_64-w64-mingw32/8.1.0/../../../../x86_64-w64-mingw32/lib/../lib/libmsvcrt.a(duags01243.o)
                0x0000000000433428                vfprintf
 .text          0x0000000000433430        0x8 C:/mingw64/w64/bin/../lib/gcc/x86_64-w64-mingw32/8.1.0/../../../../x86_64-w64-mingw32/lib/../lib/libmsvcrt.a(duags01238.o)
                0x0000000000433430                toupper
 .text          0x0000000000433438        0x8 C:/mingw64/w64/bin/../lib/gcc/x86_64-w64-mingw32/8.1.0/../../../../x86_64-w64-mingw32/lib/../lib/libmsvcrt.a(duags01237.o)
                0x0000000000433438                tolower
 .text          0x0000000000433440        0x8 C:/mingw64/w64/bin/../lib/gcc/x86_64-w64-mingw32/8.1.0/../../../../x86_64-w64-mingw32/lib/../lib/libmsvcrt.a(duags01235.o)
                0x0000000000433440                tmpnam
 .text          0x0000000000433448        0x8 C:/mingw64/w64/bin/../lib/gcc/x86_64-w64-mingw32/8.1.0/../../../../x86_64-w64-mingw32/lib/../lib/libmsvcrt.a(duags01223.o)
                0x0000000000433448                strtoul
 .text          0x0000000000433450        0x8 C:/mingw64/w64/bin/../lib/gcc/x86_64-w64-mingw32/8.1.0/../../../../x86_64-w64-mingw32/lib/../lib/libmsvcrt.a(duags01222.o)
                0x0000000000433450                strtol
 .text          0x0000000000433458        0x8 C:/mingw64/w64/bin/../lib/gcc/x86_64-w64-mingw32/8.1.0/../../../../x86_64-w64-mingw32/lib/../lib/libmsvcrt.a(duags01215.o)
                0x0000000000433458                strrchr
 .text          0x0000000000433460        0x8 C:/mingw64/w64/bin/../lib/gcc/x86_64-w64-mingw32/8.1.0/../../../../x86_64-w64-mingw32/lib/../lib/libmsvcrt.a(duags01212.o)
                0x0000000000433460                strncpy
 .text          0x0000000000433468        0x8 C:/mingw64/w64/bin/../lib/gcc/x86_64-w64-mingw32/8.1.0/../../../../x86_64-w64-mingw32/lib/../lib/libmsvcrt.a(duags01211.o)
                0x0000000000433468                strncmp
 .text          0x0000000000433470        0x8 C:/mingw64/w64/bin/../lib/gcc/x86_64-w64-mingw32/8.1.0/../../../../x86_64-w64-mingw32/lib/../lib/libmsvcrt.a(duags01209.o)
                0x0000000000433470                strncat
 .text          0x0000000000433478        0x8 C:/mingw64/w64/bin/../lib/gcc/x86_64-w64-mingw32/8.1.0/../../../../x86_64-w64-mingw32/lib/../lib/libmsvcrt.a(duags01208.o)
                0x0000000000433478                strlen
 .text          0x0000000000433480        0x8 C:/mingw64/w64/bin/../lib/gcc/x86_64-w64-mingw32/8.1.0/../../../../x86_64-w64-mingw32/lib/../lib/libmsvcrt.a(duags01207.o)
                0x0000000000433480                strftime
 .text          0x0000000000433488        0x8 C:/mingw64/w64/bin/../lib/gcc/x86_64-w64-mingw32/8.1.0/../../../../x86_64-w64-mingw32/lib/../lib/libmsvcrt.a(duags01206.o)
                0x0000000000433488                strerror
 .text          0x0000000000433490        0x8 C:/mingw64/w64/bin/../lib/gcc/x86_64-w64-mingw32/8.1.0/../../../../x86_64-w64-mingw32/lib/../lib/libmsvcrt.a(duags01203.o)
                0x0000000000433490                strcpy
 .text          0x0000000000433498        0x8 C:/mingw64/w64/bin/../lib/gcc/x86_64-w64-mingw32/8.1.0/../../../../x86_64-w64-mingw32/lib/../lib/libmsvcrt.a(duags01200.o)
                0x0000000000433498                strchr
 .text          0x00000000004334a0        0x8 C:/mingw64/w64/bin/../lib/gcc/x86_64-w64-mingw32/8.1.0/../../../../x86_64-w64-mingw32/lib/../lib/libmsvcrt.a(duags01198.o)
                0x00000000004334a0                strcat
 .text          0x00000000004334a8        0x8 C:/mingw64/w64/bin/../lib/gcc/x86_64-w64-mingw32/8.1.0/../../../../x86_64-w64-mingw32/lib/../lib/libmsvcrt.a(duags01187.o)
                0x00000000004334a8                signal
 .text          0x00000000004334b0        0x8 C:/mingw64/w64/bin/../lib/gcc/x86_64-w64-mingw32/8.1.0/../../../../x86_64-w64-mingw32/lib/../lib/libmsvcrt.a(duags01159.o)
                0x00000000004334b0                memset
 .text          0x00000000004334b8        0x8 C:/mingw64/w64/bin/../lib/gcc/x86_64-w64-mingw32/8.1.0/../../../../x86_64-w64-mingw32/lib/../lib/libmsvcrt.a(duags01158.o)
                0x00000000004334b8                memmove
 .text          0x00000000004334c0        0x8 C:/mingw64/w64/bin/../lib/gcc/x86_64-w64-mingw32/8.1.0/../../../../x86_64-w64-mingw32/lib/../lib/libmsvcrt.a(duags01157.o)
                0x00000000004334c0                memcpy
 .text          0x00000000004334c8        0x8 C:/mingw64/w64/bin/../lib/gcc/x86_64-w64-mingw32/8.1.0/../../../../x86_64-w64-mingw32/lib/../lib/libmsvcrt.a(duags01156.o)
                0x00000000004334c8                memcmp
 .text          0x00000000004334d0        0x8 C:/mingw64/w64/bin/../lib/gcc/x86_64-w64-mingw32/8.1.0/../../../../x86_64-w64-mingw32/lib/../lib/libmsvcrt.a(duags01149.o)
                0x00000000004334d0                malloc
 .text          0x00000000004334d8        0x8 C:/mingw64/w64/bin/../lib/gcc/x86_64-w64-mingw32/8.1.0/../../../../x86_64-w64-mingw32/lib/../lib/libmsvcrt.a(duags01142.o)
                0x00000000004334d8                localeconv
 .text          0x00000000004334e0        0x8 C:/mingw64/w64/bin/../lib/gcc/x86_64-w64-mingw32/8.1.0/../../../../x86_64-w64-mingw32/lib/../lib/libmsvcrt.a(duags01138.o)
                0x00000000004334e0                isxdigit
 .text          0x00000000004334e8        0x8 C:/mingw64/w64/bin/../lib/gcc/x86_64-w64-mingw32/8.1.0/../../../../x86_64-w64-mingw32/lib/../lib/libmsvcrt.a(duags01122.o)
                0x00000000004334e8                isspace
 .text          0x00000000004334f0        0x8 C:/mingw64/w64/bin/../lib/gcc/x86_64-w64-mingw32/8.1.0/../../../../x86_64-w64-mingw32/lib/../lib/libmsvcrt.a(duags01121.o)
                0x00000000004334f0                ispunct
 .text          0x00000000004334f8        0x8 C:/mingw64/w64/bin/../lib/gcc/x86_64-w64-mingw32/8.1.0/../../../../x86_64-w64-mingw32/lib/../lib/libmsvcrt.a(duags01114.o)
                0x00000000004334f8                isalpha
 .text          0x0000000000433500        0x8 C:/mingw64/w64/bin/../lib/gcc/x86_64-w64-mingw32/8.1.0/../../../../x86_64-w64-mingw32/lib/../lib/libmsvcrt.a(duags01113.o)
                0x0000000000433500                isalnum
 .text          0x0000000000433508        0x8 C:/mingw64/w64/bin/../lib/gcc/x86_64-w64-mingw32/8.1.0/../../../../x86_64-w64-mingw32/lib/../lib/libmsvcrt.a(duags01106.o)
                0x0000000000433508                getenv
 .text          0x0000000000433510        0x8 C:/mingw64/w64/bin/../lib/gcc/x86_64-w64-mingw32/8.1.0/../../../../x86_64-w64-mingw32/lib/../lib/libmsvcrt.a(duags01101.o)
                0x0000000000433510                fwrite
 .text          0x0000000000433518        0x8 C:/mingw64/w64/bin/../lib/gcc/x86_64-w64-mingw32/8.1.0/../../../../x86_64-w64-mingw32/lib/../lib/libmsvcrt.a(duags01089.o)
                0x0000000000433518                free
 .text          0x0000000000433520        0x8 C:/mingw64/w64/bin/../lib/gcc/x86_64-w64-mingw32/8.1.0/../../../../x86_64-w64-mingw32/lib/../lib/libmsvcrt.a(duags01088.o)
                0x0000000000433520                fread
 .text          0x0000000000433528        0x8 C:/mingw64/w64/bin/../lib/gcc/x86_64-w64-mingw32/8.1.0/../../../../x86_64-w64-mingw32/lib/../lib/libmsvcrt.a(duags01085.o)
                0x0000000000433528                fputs
 .text          0x0000000000433530        0x8 C:/mingw64/w64/bin/../lib/gcc/x86_64-w64-mingw32/8.1.0/../../../../x86_64-w64-mingw32/lib/../lib/libmsvcrt.a(duags01084.o)
                0x0000000000433530                fputc
 .text          0x0000000000433538        0x8 C:/mingw64/w64/bin/../lib/gcc/x86_64-w64-mingw32/8.1.0/../../../../x86_64-w64-mingw32/lib/../lib/libmsvcrt.a(duags01082.o)
                0x0000000000433538                fprintf
 .text          0x0000000000433540        0x8 C:/mingw64/w64/bin/../lib/gcc/x86_64-w64-mingw32/8.1.0/../../../../x86_64-w64-mingw32/lib/../lib/libmsvcrt.a(duags01080.o)
                0x0000000000433540                fopen
 .text          0x0000000000433548        0x8 C:/mingw64/w64/bin/../lib/gcc/x86_64-w64-mingw32/8.1.0/../../../../x86_64-w64-mingw32/lib/../lib/libmsvcrt.a(duags01073.o)
                0x0000000000433548                fgets
 .text          0x0000000000433550        0x8 C:/mingw64/w64/bin/../lib/gcc/x86_64-w64-mingw32/8.1.0/../../../../x86_64-w64-mingw32/lib/../lib/libmsvcrt.a(duags01067.o)
                0x0000000000433550                fclose
 .text          0x0000000000433558        0x8 C:/mingw64/w64/bin/../lib/gcc/x86_64-w64-mingw32/8.1.0/../../../../x86_64-w64-mingw32/lib/../lib/libmsvcrt.a(duags01063.o)
                0x0000000000433558                exit
 .text          0x0000000000433560        0x8 C:/mingw64/w64/bin/../lib/gcc/x86_64-w64-mingw32/8.1.0/../../../../x86_64-w64-mingw32/lib/../lib/libmsvcrt.a(duags01050.o)
                0x0000000000433560                calloc
 .text          0x0000000000433568        0x8 C:/mingw64/w64/bin/../lib/gcc/x86_64-w64-mingw32/8.1.0/../../../../x86_64-w64-mingw32/lib/../lib/libmsvcrt.a(duags01032.o)
                0x0000000000433568                abort
 .text          0x0000000000433570        0x8 C:/mingw64/w64/bin/../lib/gcc/x86_64-w64-mingw32/8.1.0/../../../../x86_64-w64-mingw32/lib/../lib/libmsvcrt.a(duags00791.o)
                0x0000000000433570                _time64
 .text          0x0000000000433578        0x8 C:/mingw64/w64/bin/../lib/gcc/x86_64-w64-mingw32/8.1.0/../../../../x86_64-w64-mingw32/lib/../lib/libmsvcrt.a(duags00749.o)
                0x0000000000433578                strnicmp
 .text          0x0000000000433580        0x8 C:/mingw64/w64/bin/../lib/gcc/x86_64-w64-mingw32/8.1.0/../../../../x86_64-w64-mingw32/lib/../lib/libmsvcrt.a(duags00730.o)
                0x0000000000433580                strdup
 .text          0x0000000000433588        0x8 C:/mingw64/w64/bin/../lib/gcc/x86_64-w64-mingw32/8.1.0/../../../../x86_64-w64-mingw32/lib/../lib/libmsvcrt.a(duags00723.o)
                0x0000000000433588                _stat64
 .text          0x0000000000433590        0x8 C:/mingw64/w64/bin/../lib/gcc/x86_64-w64-mingw32/8.1.0/../../../../x86_64-w64-mingw32/lib/../lib/libmsvcrt.a(duags00647.o)
                0x0000000000433590                read
 .text          0x0000000000433598        0x8 C:/mingw64/w64/bin/../lib/gcc/x86_64-w64-mingw32/8.1.0/../../../../x86_64-w64-mingw32/lib/../lib/libmsvcrt.a(duags00634.o)
                0x0000000000433598                putenv
 .text          0x00000000004335a0        0x8 C:/mingw64/w64/bin/../lib/gcc/x86_64-w64-mingw32/8.1.0/../../../../x86_64-w64-mingw32/lib/../lib/libmsvcrt.a(duags00617.o)
                0x00000000004335a0                _open_osfhandle
 .text          0x00000000004335a8        0x8 C:/mingw64/w64/bin/../lib/gcc/x86_64-w64-mingw32/8.1.0/../../../../x86_64-w64-mingw32/lib/../lib/libmsvcrt.a(duags00616.o)
                0x00000000004335a8                open
 .text          0x00000000004335b0        0x8 C:/mingw64/w64/bin/../lib/gcc/x86_64-w64-mingw32/8.1.0/../../../../x86_64-w64-mingw32/lib/../lib/libmsvcrt.a(duags00614.o)
                0x00000000004335b0                _onexit
 .text          0x00000000004335b8        0x8 C:/mingw64/w64/bin/../lib/gcc/x86_64-w64-mingw32/8.1.0/../../../../x86_64-w64-mingw32/lib/../lib/libmsvcrt.a(duags00440.o)
                0x00000000004335b8                _localtime64